Last login: Tue Mar 7 08:55:33 on console
morning@mstars-lab2-14s-iMac ~ % /Applications/XAMPP/bin/mysql -u root
Welcome to the MariaDB monitor. Commands end with ; or \g.
Your MariaDB connection id is 243
Server version: 10.4.27-MariaDB Source distribution

Copyright (c) 2000, 2018, Oracle, MariaDB Corporation Ab and others.

Type 'help;' or '\h' for help. Type '\c' to clear the current input statement.

MariaDB [(none)]> show databases;
+--------------------+
| Database |
+--------------------+
| classicmodels |
| courses |
| evening |
| green |
| information_schema |
| morning |
| mysql |
| performance_schema |
| phpmyadmin |
| test |
| userDB |
+--------------------+
11 rows in set (0.011 sec)

MariaDB [(none)]> use classicmodels;
Reading table information for completion of table and column names
You can turn off this feature to get a quicker startup with -A

Database changed
MariaDB [classicmodels]> select _ from orders o LEFT JOIN orderdetails od, ON o.orderNumber = od.orderNumber LEFT JOIN customers c ON o.customerNumber = c.customerNumber;
ERROR 1064 (42000): You have an error in your SQL syntax; check the manual that corresponds to your MariaDB server version for the right syntax to use near ' ON o.orderNumber = od.orderNumber LEFT JOIN customers c ON o.customerNumber ...' at line 1
MariaDB [classicmodels]> SELECT _ FROM customers c LEFT JOIN payments p ON c.customerNumber = p.customerNumber ORDER BY p.amount desc;
+----------------+------------------------------------+-----------------+------------------+--------------------+----------------------------------+--------------------------+-------------------+---------------+------------+--------------+------------------------+-------------+----------------+-------------+-------------+-----------+
| customerNumber | customerName | contactLastName | contactFirstName | phone | addressLine1 | addressLine2 | city | state | postalCode | country | salesRepEmployeeNumber | creditLimit | customerNumber | checkNumber | paymentDate | amount |
+----------------+------------------------------------+-----------------+------------------+--------------------+----------------------------------+--------------------------+-------------------+---------------+------------+--------------+------------------------+-------------+----------------+-------------+-------------+-----------+
| 141 | Euro+ Shopping Channel | Freyre | Diego | (91) 555 94 44 | C/ Moralzarzal, 86 | NULL | Madrid | NULL | 28034 | Spain | 1370 | 227600.00 | 141 | JE105477 | 2005-03-18 | 120166.58 |
| 141 | Euro+ Shopping Channel | Freyre | Diego | (91) 555 94 44 | C/ Moralzarzal, 86 | NULL | Madrid | NULL | 28034 | Spain | 1370 | 227600.00 | 141 | ID10962 | 2004-12-31 | 116208.40 |
| 124 | Mini Gifts Distributors Ltd. | Nelson | Susan | 4155551450 | 5677 Strong St. | NULL | San Rafael | CA | 97562 | USA | 1165 | 210500.00 | 124 | KI131716 | 2003-08-15 | 111654.40 |
| 148 | Dragon Souveniers, Ltd. | Natividad | Eric | +65 221 7555 | Bronz Sok. | Bronz Apt. 3/6 Tesvikiye | Singapore | NULL | 079903 | Singapore | 1621 | 103800.00 | 148 | KM172879 | 2003-12-26 | 105743.00 |
| 124 | Mini Gifts Distributors Ltd. | Nelson | Susan | 4155551450 | 5677 Strong St. | NULL | San Rafael | CA | 97562 | USA | 1165 | 210500.00 | 124 | AE215433 | 2005-03-05 | 101244.59 |
| 321 | Corporate Gift Ideas Co. | Brown | Julie | 6505551386 | 7734 Strong St. | NULL | San Francisco | CA | 94217 | USA | 1165 | 105000.00 | 321 | DJ15149 | 2003-11-03 | 85559.12 |
| 124 | Mini Gifts Distributors Ltd. | Nelson | Susan | 4155551450 | 5677 Strong St. | NULL | San Rafael | CA | 97562 | USA | 1165 | 210500.00 | 124 | BG255406 | 2004-08-28 | 85410.87 |
| 167 | Herkku Gifts | Oeztan | Veysel | +47 2267 3215 | Brehmen St. 121 | PR 334 Sentrum | Bergen | NULL | N 5804 | Norway | 1504 | 96800.00 | 167 | GN228846 | 2003-12-03 | 85024.46 |
| 124 | Mini Gifts Distributors Ltd. | Nelson | Susan | 4155551450 | 5677 Strong St. | NULL | San Rafael | CA | 97562 | USA | 1165 | 210500.00 | 124 | ET64396 | 2005-04-16 | 83598.04 |
| 114 | Australian Collectors, Co. | Ferguson | Peter | 03 9520 4555 | 636 St Kilda Road | Level 3 | Melbourne | Victoria | 3004 | Australia | 1611 | 117300.00 | 114 | MA765515 | 2004-12-15 | 82261.22 |
| 239 | Collectable Mini Designs Co. | Thompson | Valarie | 7605558146 | 361 Furth Circle | NULL | San Diego | CA | 91217 | USA | 1166 | 105000.00 | 239 | NQ865547 | 2004-03-15 | 80375.24 |
| 323 | Down Under Souveniers, Inc | Graham | Mike | +64 9 312 5555 | 162-164 Grafton Road | Level 2 | Auckland | NULL | NULL | New Zealand | 1612 | 88000.00 | 323 | AL493079 | 2005-05-23 | 75020.13 |
| 141 | Euro+ Shopping Channel | Freyre | Diego | (91) 555 94 44 | C/ Moralzarzal, 86 | NULL | Madrid | NULL | 28034 | Spain | 1370 | 227600.00 | 141 | IN446258 | 2005-03-25 | 65071.26 |
| 141 | Euro+ Shopping Channel | Freyre | Diego | (91) 555 94 44 | C/ Moralzarzal, 86 | NULL | Madrid | NULL | 28034 | Spain | 1370 | 227600.00 | 141 | KT52578 | 2003-12-09 | 63843.55 |
| 157 | Diecast Classics Inc. | Leong | Kelvin | 2155551555 | 7586 Pompton St. | NULL | Allentown | PA | 70267 | USA | 1216 | 100600.00 | 157 | NN711988 | 2004-09-07 | 63357.13 |
| 298 | Vida Sport, Ltd | Holz | Mihael | 0897-034555 | Grenzacherweg 237 | NULL | Genève | NULL | 1203 | Switzerland | 1702 | 141300.00 | 298 | LF501133 | 2004-09-18 | 61402.00 |
| 259 | Toms Spezialitäten, Ltd | Pfalzheim | Henriette | 0221-5554327 | Mehrheimerstr. 369 | NULL | Köln | NULL | 50739 | Germany | 1504 | 120400.00 | 259 | EU280955 | 2004-11-06 | 61234.67 |
| 141 | Euro+ Shopping Channel | Freyre | Diego | (91) 555 94 44 | C/ Moralzarzal, 86 | NULL | Madrid | NULL | 28034 | Spain | 1370 | 227600.00 | 141 | HJ32686 | 2004-01-30 | 59830.55 |
| 450 | The Sharp Gifts Warehouse | Frick | Sue | 4085553659 | 3086 Ingle Ln. | NULL | San Jose | CA | 94217 | USA | 1165 | 77600.00 | 450 | EF485824 | 2004-06-21 | 59551.38 |
| 495 | Diecast Collectables | Franco | Valarie | 6175552555 | 6251 Ingle Ln. | NULL | Boston | MA | 51003 | USA | 1188 | 85100.00 | 495 | BH167026 | 2003-12-26 | 59265.14 |
| 151 | Muscle Machine Inc | Young | Jeff | 2125557413 | 4092 Furth Circle | Suite 400 | NYC | NY | 10022 | USA | 1286 | 138500.00 | 151 | IP568906 | 2003-06-18 | 58841.35 |
| 151 | Muscle Machine Inc | Young | Jeff | 2125557413 | 4092 Furth Circle | Suite 400 | NYC | NY | 10022 | USA | 1286 | 138500.00 | 151 | BF686658 | 2003-12-22 | 58793.53 |
| 458 | Corrida Auto Replicas, Ltd | Sommer | Martín | (91) 555 22 82 | C/ Araquil, 67 | NULL | Madrid | NULL | 28023 | Spain | 1702 | 104600.00 | 458 | OO606861 | 2003-06-13 | 57131.92 |
| 124 | Mini Gifts Distributors Ltd. | Nelson | Susan | 4155551450 | 5677 Strong St. | NULL | San Rafael | CA | 97562 | USA | 1165 | 210500.00 | 124 | HR86578 | 2004-11-02 | 55639.66 |
| 363 | Online Diecast Creations Co. | Young | Dorothy | 6035558647 | 2304 Long Airport Avenue | NULL | Nashua | NH | 62005 | USA | 1216 | 114200.00 | 363 | PN238558 | 2003-12-05 | 55425.77 |
| 145 | Danish Wholesale Imports | Petersen | Jytte | 31 12 3555 | Vinbæltet 34 | NULL | Kobenhavn | NULL | 1734 | Denmark | 1401 | 83400.00 | 145 | JJ246391 | 2003-02-20 | 53959.21 |
| 227 | Heintze Collectables | Ibsen | Palle | 86 21 3555 | Smagsloget 45 | NULL | Århus | NULL | 8200 | Denmark | 1401 | 120800.00 | 227 | NU21326 | 2004-11-02 | 53745.34 |
| 256 | Auto Associés & Cie. | Tonini | Daniel | 30.59.8555 | 67, avenue de l'Europe | NULL | Versailles | NULL | 78000 | France | 1370 | 77900.00 | 256 | HE84936 | 2004-10-22 | 53116.99 |
| 187 | AV Stores, Co. | Ashworth | Rachel | (171) 555-1555 | Fauntleroy Circus | NULL | Manchester | NULL | EC2 5NT | UK | 1501 | 136800.00 | 187 | AM968797 | 2004-11-03 | 52825.29 |
| 320 | Mini Creations Ltd. | Huang | Wing | 5085559555 | 4575 Hillside Dr. | NULL | New Bedford | MA | 50553 | USA | 1188 | 94500.00 | 320 | MU817160 | 2003-11-24 | 52548.49 |
| 496 | Kelly's Gift Shop | Snowden | Tony | +64 9 5555500 | Arenales 1938 3'A' | NULL | Auckland | NULL | NULL | New Zealand | 1612 | 110000.00 | 496 | MN89921 | 2004-12-31 | 52166.00 |
| 278 | Rovelli Gifts | Rovelli | Giovanni | 035-640555 | Via Ludovico il Moro 22 | NULL | Bergamo | NULL | 24100 | Italy | 1401 | 119600.00 | 278 | GP636783 | 2003-03-02 | 52151.81 |
| 386 | L'ordine Souveniers | Moroni | Maurizio | 0522-556555 | Strada Provinciale 124 | NULL | Reggio Emilia | NULL | 42100 | Italy | 1401 | 121400.00 | 386 | HG438769 | 2004-07-18 | 51619.02 |
| 172 | La Corne D'abondance, Co. | Bertrand | Marie | (1) 42.34.2555 | 265, boulevard Charonne | NULL | Paris | NULL | 75012 | France | 1337 | 84300.00 | 172 | CE51751 | 2004-12-04 | 51209.58 |
| 204 | Online Mini Collectables | Barajas | Miguel | 6175557555 | 7635 Spinnaker Dr. | NULL | Brickhaven | MA | 58339 | USA | 1188 | 68700.00 | 204 | GC697638 | 2004-08-13 | 51152.86 |
| 385 | Cruz & Sons Co. | Cruz | Arnold | +63 2 555 3587 | 15 McCallum Street | NatWest Center #13-03 | Makati City | NULL | 1227 MM | Philippines | 1621 | 81500.00 | 385 | EK785462 | 2003-03-09 | 51001.22 |
| 350 | Marseille Mini Autos | Lebihan | Laurence | 91.24.4555 | 12, rue des Bouchers | NULL | Marseille | NULL | 13008 | France | 1337 | 65000.00 | 350 | CI471510 | 2003-05-25 | 50824.66 |
| 363 | Online Diecast Creations Co. | Young | Dorothy | 6035558647 | 2304 Long Airport Avenue | NULL | Nashua | NH | 62005 | USA | 1216 | 114200.00 | 363 | HL575273 | 2004-11-17 | 50799.69 |
| 161 | Technics Stores Inc. | Hashimoto | Juri | 6505556809 | 9408 Furth Circle | NULL | Burlingame | CA | 94217 | USA | 1165 | 84600.00 | 161 | BR478494 | 2003-11-18 | 50743.65 |
| 205 | Toys4GrownUps.com | Young | Julie | 6265557265 | 78934 Hillside Dr. | NULL | Pasadena | CA | 90003 | USA | 1166 | 90700.00 | 205 | LL562733 | 2003-09-05 | 50342.74 |
| 121 | Baane Mini Imports | Bergulfsen | Jonas | 07-98 9555 | Erling Skakkes gate 78 | NULL | Stavern | NULL | 4110 | Norway | 1504 | 81700.00 | 121 | DB889831 | 2003-02-16 | 50218.95 |
| 131 | Land of Toys Inc. | Lee | Kwai | 2125557818 | 897 Long Airport Avenue | NULL | NYC | NY | 10022 | USA | 1323 | 114900.00 | 131 | MA724562 | 2004-12-02 | 50025.35 |
| 353 | Reims Collectables | Henriot | Paul | 26.47.1555 | 59 rue de l'Abbaye | NULL | Reims | NULL | 51100 | France | 1337 | 81100.00 | 353 | CO351193 | 2005-01-10 | 49705.52 |
| 146 | Saveley & Henriot, Co. | Saveley | Mary | 78.32.5555 | 2, rue du Commerce | NULL | Lyon | NULL | 69004 | France | 1337 | 123900.00 | 146 | FU793410 | 2004-01-16 | 49614.72 |
| 141 | Euro+ Shopping Channel | Freyre | Diego | (91) 555 94 44 | C/ Moralzarzal, 86 | NULL | Madrid | NULL | 28034 | Spain | 1370 | 227600.00 | 141 | JN355280 | 2003-10-26 | 49539.37 |
| 119 | La Rochelle Gifts | Labrune | Janine | 40.67.8555 | 67, rue des Cinquante Otages | NULL | Nantes | NULL | 44000 | France | 1370 | 118200.00 | 119 | NG94694 | 2005-02-22 | 49523.67 |
| 406 | Auto Canal+ Petit | Perrier | Dominique | (1) 47.55.6555 | 25, rue Lauriston | NULL | Paris | NULL | 75016 | France | 1337 | 95000.00 | 406 | HJ217687 | 2004-01-28 | 49165.16 |
| 398 | Tokyo Collectables, Ltd | Shimamura | Akiko | +81 3 3584 0555 | 2-2-8 Roppongi | NULL | Minato-ku | Tokyo | 106-0032 | Japan | 1621 | 94400.00 | 398 | KB54275 | 2004-11-29 | 48927.64 |
| 448 | Scandinavian Gift Ideas | Larsson | Martha | 0695-34 6555 | Åkergatan 24 | NULL | Bräcke | NULL | S-844 67 | Sweden | 1504 | 116400.00 | 448 | KR822727 | 2004-09-30 | 48809.90 |
| 187 | AV Stores, Co. | Ashworth | Rachel | (171) 555-1555 | Fauntleroy Circus | NULL | Manchester | NULL | EC2 5NT | UK | 1501 | 136800.00 | 187 | KL124726 | 2003-03-27 | 48425.69 |
| 462 | FunGiftIdeas.com | Benitez | Violeta | 5085552555 | 1785 First Street | NULL | New Bedford | MA | 50553 | USA | 1216 | 85800.00 | 462 | PE176846 | 2004-11-27 | 48355.87 |
| 249 | Amica Models & Co. | Accorti | Paolo | 011-4988555 | Via Monte Bianco 34 | NULL | Torino | NULL | 10100 | Italy | 1401 | 113000.00 | 249 | NE404084 | 2004-09-04 | 48298.99 |
| 119 | La Rochelle Gifts | Labrune | Janine | 40.67.8555 | 67, rue des Cinquante Otages | NULL | Nantes | NULL | 44000 | France | 1370 | 118200.00 | 119 | LN373447 | 2004-08-08 | 47924.19 |
| 484 | Iberia Gift Imports, Corp. | Roel | José Pedro | (95) 555 82 82 | C/ Romero, 33 | NULL | Sevilla | NULL | 41101 | Spain | 1702 | 65700.00 | 484 | JH546765 | 2003-11-29 | 47513.19 |
| 286 | Marta's Replicas Co. | Hernandez | Marta | 6175558555 | 39323 Spinnaker Dr. | NULL | Cambridge | MA | 51247 | USA | 1216 | 123700.00 | 286 | DR578578 | 2004-10-28 | 47411.33 |
| 298 | Vida Sport, Ltd | Holz | Mihael | 0897-034555 | Grenzacherweg 237 | NULL | Genève | NULL | 1203 | Switzerland | 1702 | 141300.00 | 298 | AJ574927 | 2004-03-13 | 47375.92 |
| 177 | Osaka Souveniers Co. | Kentary | Mory | +81 06 6342 5555 | 1-6-20 Dojima | NULL | Kita-ku | Osaka | 530-0003 | Japan | 1621 | 81200.00 | 177 | CI381435 | 2004-01-19 | 47177.59 |
| 187 | AV Stores, Co. | Ashworth | Rachel | (171) 555-1555 | Fauntleroy Circus | NULL | Manchester | NULL | EC2 5NT | UK | 1501 | 136800.00 | 187 | BQ39062 | 2004-12-08 | 47159.11 |
| 124 | Mini Gifts Distributors Ltd. | Nelson | Susan | 4155551450 | 5677 Strong St. | NULL | San Rafael | CA | 97562 | USA | 1165 | 210500.00 | 124 | HI366474 | 2004-12-27 | 47142.70 |
| 141 | Euro+ Shopping Channel | Freyre | Diego | (91) 555 94 44 | C/ Moralzarzal, 86 | NULL | Madrid | NULL | 28034 | Spain | 1370 | 227600.00 | 141 | DL460618 | 2005-05-19 | 46895.48 |
| 240 | giftsbymail.co.uk | Bennett | Helen | (198) 555-8888 | Garden House | Crowther Way 23 | Cowes | Isle of Wight | PO31 7PJ | UK | 1501 | 93900.00 | 240 | IF245157 | 2004-11-16 | 46788.14 |
| 321 | Corporate Gift Ideas Co. | Brown | Julie | 6505551386 | 7734 Strong St. | NULL | San Francisco | CA | 94217 | USA | 1165 | 105000.00 | 321 | LA556321 | 2005-03-15 | 46781.66 |
| 311 | Oulu Toy Supplies, Inc. | Koskitalo | Pirkko | 981-443655 | Torikatu 38 | NULL | Oulu | NULL | 90110 | Finland | 1501 | 90500.00 | 311 | DG336041 | 2005-02-15 | 46770.52 |
| 353 | Reims Collectables | Henriot | Paul | 26.47.1555 | 59 rue de l'Abbaye | NULL | Reims | NULL | 51100 | France | 1337 | 81100.00 | 353 | HJ618252 | 2005-06-09 | 46656.94 |
| 486 | Motor Mint Distributors Inc. | Salazar | Rosa | 2155559857 | 11328 Douglas Av. | NULL | Philadelphia | PA | 71270 | USA | 1323 | 72600.00 | 486 | HS86661 | 2004-11-23 | 45994.07 |
| 114 | Australian Collectors, Co. | Ferguson | Peter | 03 9520 4555 | 636 St Kilda Road | Level 3 | Melbourne | Victoria | 3004 | Australia | 1611 | 117300.00 | 114 | GG31455 | 2003-05-20 | 45864.03 |
| 334 | Suominen Souveniers | Suominen | Kalle | +358 9 8045 555 | Software Engineering Center | SEC Oy | Espoo | NULL | FIN-02271 | Finland | 1501 | 98800.00 | 334 | CS435306 | 2005-01-27 | 45785.34 |
| 211 | King Kong Collectables, Co. | Gao | Mike | +852 2251 1555 | Bank of China Tower | 1 Garden Road | Central Hong Kong | NULL | NULL | Hong Kong | 1621 | 58600.00 | 211 | BJ535230 | 2003-12-09 | 45480.79 |
| 314 | Petit Auto | Dewey | Catherine | (02) 5554 67 | Rue Joseph-Bens 532 | NULL | Bruxelles | NULL | B-1180 | Belgium | 1401 | 79900.00 | 314 | LQ244073 | 2004-08-09 | 45352.47 |
| 124 | Mini Gifts Distributors Ltd. | Nelson | Susan | 4155551450 | 5677 Strong St. | NULL | San Rafael | CA | 97562 | USA | 1165 | 210500.00 | 124 | NT141748 | 2003-11-25 | 45084.38 |
| 114 | Australian Collectors, Co. | Ferguson | Peter | 03 9520 4555 | 636 St Kilda Road | Level 3 | Melbourne | Victoria | 3004 | Australia | 1611 | 117300.00 | 114 | NR27552 | 2004-03-10 | 44894.74 |
| 181 | Vitachrome Inc. | Frick | Michael | 2125551500 | 2678 Kingston Rd. | Suite 101 | NYC | NY | 10022 | USA | 1286 | 76400.00 | 181 | OH367219 | 2004-11-16 | 44400.50 |
| 148 | Dragon Souveniers, Ltd. | Natividad | Eric | +65 221 7555 | Bronz Sok. | Bronz Apt. 3/6 Tesvikiye | Singapore | NULL | 079903 | Singapore | 1621 | 103800.00 | 148 | BI507030 | 2003-04-22 | 44380.15 |
| 166 | Handji Gifts& Co | Victorino | Wendy | +65 224 1555 | 106 Linden Road Sandown | 2nd Floor | Singapore | NULL | 069045 | Singapore | 1612 | 97900.00 | 166 | DC979307 | 2004-07-07 | 44160.92 |
| 124 | Mini Gifts Distributors Ltd. | Nelson | Susan | 4155551450 | 5677 Strong St. | NULL | San Rafael | CA | 97562 | USA | 1165 | 210500.00 | 124 | LF217299 | 2004-03-26 | 43369.30 |
| 286 | Marta's Replicas Co. | Hernandez | Marta | 6175558555 | 39323 Spinnaker Dr. | NULL | Cambridge | MA | 51247 | USA | 1216 | 123700.00 | 286 | KH910279 | 2004-09-05 | 43134.04 |
| 382 | Salzburg Collectables | Pipps | Georg | 6562-9555 | Geislweg 14 | NULL | Salzburg | NULL | 5020 | Austria | 1401 | 71700.00 | 382 | PH29054 | 2004-11-27 | 42813.83 |
| 171 | Daedalus Designs Imports | Rancé | Martine | 20.16.1555 | 184, chaussée de Tournai | NULL | Lille | NULL | 59000 | France | 1370 | 82900.00 | 171 | IL104425 | 2003-11-22 | 42783.81 |
| 319 | Mini Classics | Frick | Steve | 9145554562 | 3758 North Pendale Street | NULL | White Plains | NY | 24067 | USA | 1323 | 102700.00 | 319 | HL685576 | 2004-11-06 | 42339.76 |
| 175 | Gift Depot Inc. | King | Julie | 2035552570 | 25593 South Bay Ln. | NULL | Bridgewater | CT | 97562 | USA | 1323 | 84300.00 | 175 | PI15215 | 2004-07-10 | 42044.77 |
| 276 | Anna's Decorations, Ltd | O'Hara | Anna | 02 9936 8555 | 201 Miller Street | Level 15 | North Sydney | NSW | 2060 | Australia | 1611 | 107800.00 | 276 | LE432182 | 2003-09-28 | 41554.73 |
| 320 | Mini Creations Ltd. | Huang | Wing | 5085559555 | 4575 Hillside Dr. | NULL | New Bedford | MA | 50553 | USA | 1188 | 94500.00 | 320 | HO576374 | 2003-08-20 | 41016.75 |
| 146 | Saveley & Henriot, Co. | Saveley | Mary | 78.32.5555 | 2, rue du Commerce | NULL | Lyon | NULL | 69004 | France | 1337 | 123900.00 | 146 | FP549817 | 2004-03-18 | 40978.53 |
| 216 | Enaco Distributors | Saavedra | Eduardo | (93) 203 4555 | Rambla de Cataluña, 23 | NULL | Barcelona | NULL | 08022 | Spain | 1702 | 60300.00 | 216 | MM342086 | 2003-12-14 | 40473.86 |
| 141 | Euro+ Shopping Channel | Freyre | Diego | (91) 555 94 44 | C/ Moralzarzal, 86 | NULL | Madrid | NULL | 28034 | Spain | 1370 | 227600.00 | 141 | JN722010 | 2003-02-25 | 40206.20 |
| 151 | Muscle Machine Inc | Young | Jeff | 2125557413 | 4092 Furth Circle | Suite 400 | NYC | NY | 10022 | USA | 1286 | 138500.00 | 151 | KI884577 | 2004-12-14 | 39964.63 |
| 146 | Saveley & Henriot, Co. | Saveley | Mary | 78.32.5555 | 2, rue du Commerce | NULL | Lyon | NULL | 69004 | France | 1337 | 123900.00 | 146 | LJ160635 | 2003-12-10 | 39712.10 |
| 205 | Toys4GrownUps.com | Young | Julie | 6265557265 | 78934 Hillside Dr. | NULL | Pasadena | CA | 90003 | USA | 1166 | 90700.00 | 205 | NM739638 | 2005-02-06 | 39580.60 |
| 323 | Down Under Souveniers, Inc | Graham | Mike | +64 9 312 5555 | 162-164 Grafton Road | Level 2 | Auckland | NULL | NULL | New Zealand | 1612 | 88000.00 | 323 | PQ803830 | 2004-12-24 | 39440.59 |
| 166 | Handji Gifts& Co | Victorino | Wendy | +65 224 1555 | 106 Linden Road Sandown | 2nd Floor | Singapore | NULL | 069045 | Singapore | 1612 | 97900.00 | 166 | BQ327613 | 2004-09-16 | 38785.48 |
| 161 | Technics Stores Inc. | Hashimoto | Juri | 6505556809 | 9408 Furth Circle | NULL | Burlingame | CA | 94217 | USA | 1165 | 84600.00 | 161 | NI908214 | 2003-08-05 | 38675.13 |
| 276 | Anna's Decorations, Ltd | O'Hara | Anna | 02 9936 8555 | 201 Miller Street | Level 15 | North Sydney | NSW | 2060 | Australia | 1611 | 107800.00 | 276 | KM841847 | 2003-11-13 | 38547.19 |
| 386 | L'ordine Souveniers | Moroni | Maurizio | 0522-556555 | Strada Provinciale 124 | NULL | Reggio Emilia | NULL | 42100 | Italy | 1401 | 121400.00 | 386 | DO106109 | 2003-11-18 | 38524.29 |
| 455 | Super Scale Inc. | Murphy | Leslie | 2035559545 | 567 North Pendale Street | NULL | New Haven | CT | 97823 | USA | 1286 | 95400.00 | 455 | HA777606 | 2003-12-05 | 38139.18 |
| 278 | Rovelli Gifts | Rovelli | Giovanni | 035-640555 | Via Ludovico il Moro 22 | NULL | Bergamo | NULL | 24100 | Italy | 1401 | 119600.00 | 278 | NI983021 | 2003-11-24 | 37723.79 |
| 278 | Rovelli Gifts | Rovelli | Giovanni | 035-640555 | Via Ludovico il Moro 22 | NULL | Bergamo | NULL | 24100 | Italy | 1401 | 119600.00 | 278 | BJ483870 | 2004-12-05 | 37654.09 |
| 186 | Toys of Finland, Co. | Karttunen | Matti | 90-224 8555 | Keskuskatu 45 | NULL | Helsinki | NULL | 21240 | Finland | 1501 | 96500.00 | 186 | AK412714 | 2003-10-27 | 37602.48 |
| 260 | Royal Canadian Collectables, Ltd. | Lincoln | Elizabeth | (604) 555-4555 | 23 Tsawassen Blvd. | NULL | Tsawassen | BC | T2F 8M4 | Canada | 1323 | 89600.00 | 260 | IO164641 | 2004-08-30 | 37527.58 |
| 324 | Stylish Desk Decors, Co. | Brown | Ann | (171) 555-0297 | 35 King George | NULL | London | NULL | WX3 6FW | UK | 1501 | 77000.00 | 324 | HB150714 | 2003-11-23 | 37455.77 |
| 323 | Down Under Souveniers, Inc | Graham | Mike | +64 9 312 5555 | 162-164 Grafton Road | Level 2 | Auckland | NULL | NULL | New Zealand | 1612 | 88000.00 | 323 | ES347491 | 2004-06-24 | 37281.36 |
| 201 | UK Collectables, Ltd. | Devon | Elizabeth | (171) 555-2282 | 12, Berkeley Gardens Blvd | NULL | Liverpool | NULL | WX1 6LT | UK | 1501 | 92700.00 | 201 | OO846801 | 2004-06-15 | 37258.94 |
| 299 | Norway Gifts By Mail, Co. | Klaeboe | Jan | +47 2212 1555 | Drammensveien 126A | PB 211 Sentrum | Oslo | NULL | N 0106 | Norway | 1504 | 95100.00 | 299 | AD304085 | 2003-10-24 | 36798.88 |
| 202 | Canadian Gift Exchange Network | Tamuri | Yoshi | (604) 555-3392 | 1900 Oak St. | NULL | Vancouver | BC | V3F 2K1 | Canada | 1323 | 90300.00 | 202 | HI358554 | 2003-12-18 | 36527.61 |
| 357 | GiftsForHim.com | MacKinlay | Wales | 64-9-3763555 | 199 Great North Road | NULL | Auckland | NULL | NULL | New Zealand | 1612 | 77700.00 | 357 | NB291497 | 2004-05-15 | 36442.34 |
| 141 | Euro+ Shopping Channel | Freyre | Diego | (91) 555 94 44 | C/ Moralzarzal, 86 | NULL | Madrid | NULL | 28034 | Spain | 1370 | 227600.00 | 141 | AU364101 | 2003-07-19 | 36251.03 |
| 227 | Heintze Collectables | Ibsen | Palle | 86 21 3555 | Smagsloget 45 | NULL | Århus | NULL | 8200 | Denmark | 1401 | 120800.00 | 227 | MQ413968 | 2003-10-31 | 36164.46 |
| 141 | Euro+ Shopping Channel | Freyre | Diego | (91) 555 94 44 | C/ Moralzarzal, 86 | NULL | Madrid | NULL | 28034 | Spain | 1370 | 227600.00 | 141 | DB583216 | 2004-11-01 | 36140.38 |
| 319 | Mini Classics | Frick | Steve | 9145554562 | 3758 North Pendale Street | NULL | White Plains | NY | 24067 | USA | 1323 | 102700.00 | 319 | OM548174 | 2003-12-07 | 36092.40 |
| 475 | West Coast Collectables Co. | Thompson | Steve | 3105553722 | 3675 Furth Circle | NULL | Burbank | CA | 94019 | USA | 1166 | 55400.00 | 475 | PB951268 | 2004-02-13 | 36070.47 |
| 209 | Mini Caravy | Citeaux | Frédérique | 88.60.1555 | 24, place Kléber | NULL | Strasbourg | NULL | 67000 | France | 1370 | 53800.00 | 209 | PH785937 | 2004-05-04 | 36069.26 |
| 144 | Volvo Model Replicas, Co | Berglund | Christina | 0921-12 3555 | Berguvsvägen 8 | NULL | Luleå | NULL | S-958 22 | Sweden | 1504 | 53100.00 | 144 | IR846303 | 2004-12-12 | 36005.71 |
| 382 | Salzburg Collectables | Pipps | Georg | 6562-9555 | Geislweg 14 | NULL | Salzburg | NULL | 5020 | Austria | 1401 | 71700.00 | 382 | CC871084 | 2003-05-12 | 35826.33 |
| 282 | Souveniers And Things Co. | Huxley | Adrian | +61 2 9495 8555 | Monitor Money Building | 815 Pacific Hwy | Chatswood | NSW | 2067 | Australia | 1611 | 93300.00 | 282 | JT819493 | 2004-08-02 | 35806.73 |
| 471 | Australian Collectables, Ltd | Clenahan | Sean | 61-9-3844-6555 | 7 Allen Street | NULL | Glen Waverly | Victoria | 3150 | Australia | 1611 | 60300.00 | 471 | CO645196 | 2003-12-10 | 35505.63 |
| 141 | Euro+ Shopping Channel | Freyre | Diego | (91) 555 94 44 | C/ Moralzarzal, 86 | NULL | Madrid | NULL | 28034 | Spain | 1370 | 227600.00 | 141 | MC46946 | 2004-07-09 | 35420.74 |
| 131 | Land of Toys Inc. | Lee | Kwai | 2125557818 | 897 Long Airport Avenue | NULL | NYC | NY | 10022 | USA | 1323 | 114900.00 | 131 | NB445135 | 2004-09-11 | 35321.97 |
| 209 | Mini Caravy | Citeaux | Frédérique | 88.60.1555 | 24, place Kléber | NULL | Strasbourg | NULL | 67000 | France | 1370 | 53800.00 | 209 | BOAF82044 | 2005-05-03 | 35157.75 |
| 157 | Diecast Classics Inc. | Leong | Kelvin | 2155551555 | 7586 Pompton St. | NULL | Allentown | PA | 70267 | USA | 1216 | 100600.00 | 157 | HI618861 | 2004-11-19 | 35152.12 |
| 412 | Extreme Desk Decorations, Ltd | McRoy | Sarah | 04 499 9555 | 101 Lambton Quay | Level 11 | Wellington | NULL | NULL | New Zealand | 1612 | 86800.00 | 412 | GH197075 | 2004-07-25 | 35034.57 |
| 121 | Baane Mini Imports | Bergulfsen | Jonas | 07-98 9555 | Erling Skakkes gate 78 | NULL | Stavern | NULL | 4110 | Norway | 1504 | 81700.00 | 121 | MA302151 | 2004-11-28 | 34638.14 |
| 339 | Classic Gift Ideas, Inc | Cervantes | Francisca | 2155554695 | 782 First Street | NULL | Philadelphia | PA | 71270 | USA | 1188 | 81100.00 | 339 | DA98827 | 2003-11-28 | 34606.28 |
| 186 | Toys of Finland, Co. | Karttunen | Matti | 90-224 8555 | Keskuskatu 45 | NULL | Helsinki | NULL | 21240 | Finland | 1501 | 96500.00 | 186 | KA602407 | 2004-10-21 | 34341.08 |
| 398 | Tokyo Collectables, Ltd | Shimamura | Akiko | +81 3 3584 0555 | 2-2-8 Roppongi | NULL | Minato-ku | Tokyo | 106-0032 | Japan | 1621 | 94400.00 | 398 | AJ478695 | 2005-02-14 | 33967.73 |
| 249 | Amica Models & Co. | Accorti | Paolo | 011-4988555 | Via Monte Bianco 34 | NULL | Torino | NULL | 10100 | Italy | 1401 | 113000.00 | 249 | IJ399820 | 2004-09-19 | 33924.24 |
| 128 | Blauer See Auto, Co. | Keitel | Roland | +49 69 66 90 2555 | Lyonerstr. 34 | NULL | Frankfurt | NULL | 60528 | Germany | 1504 | 59700.00 | 128 | FH668230 | 2004-03-24 | 33820.62 |
| 242 | Alpha Cognac | Roulet | Annette | 61.77.6555 | 1 rue Alsace-Lorraine | NULL | Toulouse | NULL | 31000 | France | 1370 | 61100.00 | 242 | AF40894 | 2003-11-22 | 33818.34 |
| 202 | Canadian Gift Exchange Network | Tamuri | Yoshi | (604) 555-3392 | 1900 Oak St. | NULL | Vancouver | BC | V3F 2K1 | Canada | 1323 | 90300.00 | 202 | IQ627690 | 2004-11-08 | 33594.58 |
| 172 | La Corne D'abondance, Co. | Bertrand | Marie | (1) 42.34.2555 | 265, boulevard Charonne | NULL | Paris | NULL | 75012 | France | 1337 | 84300.00 | 172 | EH208589 | 2003-04-20 | 33383.14 |
| 112 | Signal Gift Stores | King | Jean | 7025551838 | 8489 Strong St. | NULL | Las Vegas | NV | 83030 | USA | 1166 | 71800.00 | 112 | ND748579 | 2004-08-20 | 33347.88 |
| 458 | Corrida Auto Replicas, Ltd | Sommer | Martín | (91) 555 22 82 | C/ Araquil, 67 | NULL | Madrid | NULL | 28023 | Spain | 1702 | 104600.00 | 458 | DD995006 | 2004-11-15 | 33145.56 |
| 311 | Oulu Toy Supplies, Inc. | Koskitalo | Pirkko | 981-443655 | Torikatu 38 | NULL | Oulu | NULL | 90110 | Finland | 1501 | 90500.00 | 311 | FA728475 | 2003-10-06 | 32723.04 |
| 379 | Collectables For Less Inc. | Nelson | Allen | 6175558555 | 7825 Douglas Av. | NULL | Brickhaven | MA | 58339 | USA | 1188 | 70700.00 | 379 | FR499138 | 2003-09-16 | 32680.31 |
| 112 | Signal Gift Stores | King | Jean | 7025551838 | 8489 Strong St. | NULL | Las Vegas | NV | 83030 | USA | 1166 | 71800.00 | 112 | HQ55022 | 2003-06-06 | 32641.98 |
| 189 | Clover Collections, Co. | Cassidy | Dean | +353 1862 1555 | 25 Maiden Lane | Floor No. 4 | Dublin | NULL | 2 | Ireland | 1504 | 69400.00 | 189 | NM916675 | 2004-03-01 | 32538.74 |
| 299 | Norway Gifts By Mail, Co. | Klaeboe | Jan | +47 2212 1555 | Drammensveien 126A | PB 211 Sentrum | Oslo | NULL | N 0106 | Norway | 1504 | 95100.00 | 299 | NR157385 | 2004-09-05 | 32260.16 |
| 455 | Super Scale Inc. | Murphy | Leslie | 2035559545 | 567 North Pendale Street | NULL | New Haven | CT | 97823 | USA | 1286 | 95400.00 | 455 | IR662429 | 2004-05-12 | 32239.47 |
| 496 | Kelly's Gift Shop | Snowden | Tony | +64 9 5555500 | Arenales 1938 3'A' | NULL | Auckland | NULL | NULL | New Zealand | 1612 | 110000.00 | 496 | MB342426 | 2003-07-16 | 32077.44 |
| 282 | Souveniers And Things Co. | Huxley | Adrian | +61 2 9495 8555 | Monitor Money Building | 815 Pacific Hwy | Chatswood | NSW | 2067 | Australia | 1611 | 93300.00 | 282 | OD327378 | 2005-01-03 | 31835.36 |
| 412 | Extreme Desk Decorations, Ltd | McRoy | Sarah | 04 499 9555 | 101 Lambton Quay | Level 11 | Wellington | NULL | NULL | New Zealand | 1612 | 86800.00 | 412 | PJ434867 | 2004-04-14 | 31670.37 |
| 344 | CAF Imports | Fernandez | Jesus | +34 913 728 555 | Merchants House | 27-30 Merchant's Quay | Madrid | NULL | 28023 | Spain | 1702 | 59600.00 | 344 | AF246722 | 2003-11-24 | 31428.21 |
| 415 | Bavarian Collectables Imports, Co. | Donnermeyer | Michael | +49 89 61 08 9555 | Hansastr. 15 | NULL | Munich | NULL | 80686 | Germany | 1504 | 77000.00 | 415 | ER54537 | 2004-09-28 | 31310.09 |
| 328 | Tekni Collectables Inc. | Brown | William | 2015559350 | 7476 Moss Rd. | NULL | Newark | NJ | 94019 | USA | 1323 | 43000.00 | 328 | NR631421 | 2004-05-30 | 31102.85 |
| 462 | FunGiftIdeas.com | Benitez | Violeta | 5085552555 | 1785 First Street | NULL | New Bedford | MA | 50553 | USA | 1216 | 85800.00 | 462 | ED203908 | 2005-04-15 | 30293.77 |
| 496 | Kelly's Gift Shop | Snowden | Tony | +64 9 5555500 | Arenales 1938 3'A' | NULL | Auckland | NULL | NULL | New Zealand | 1612 | 110000.00 | 496 | EU531600 | 2005-05-25 | 30253.75 |
| 487 | Signal Collectibles Ltd. | Taylor | Sue | 4155554312 | 2793 Furth Circle | NULL | Brisbane | CA | 94217 | USA | 1165 | 60300.00 | 487 | AH612904 | 2003-09-28 | 29997.09 |
| 276 | Anna's Decorations, Ltd | O'Hara | Anna | 02 9936 8555 | 201 Miller Street | Level 15 | North Sydney | NSW | 2060 | Australia | 1611 | 107800.00 | 276 | OJ819725 | 2005-04-30 | 29848.52 |
| 334 | Suominen Souveniers | Suominen | Kalle | +358 9 8045 555 | Software Engineering Center | SEC Oy | Espoo | NULL | FIN-02271 | Finland | 1501 | 98800.00 | 334 | HH517378 | 2003-08-16 | 29716.86 |
| 324 | Stylish Desk Decors, Co. | Brown | Ann | (171) 555-0297 | 35 King George | NULL | London | NULL | WX3 6FW | UK | 1501 | 77000.00 | 324 | FP443161 | 2003-07-07 | 29429.14 |
| 260 | Royal Canadian Collectables, Ltd. | Lincoln | Elizabeth | (604) 555-4555 | 23 Tsawassen Blvd. | NULL | Tsawassen | BC | T2F 8M4 | Canada | 1323 | 89600.00 | 260 | NH776924 | 2004-04-24 | 29284.42 |
| 233 | Québec Home Shopping Network | Fresnière | Jean | (514) 555-8054 | 43 rue St. Laurent | NULL | Montréal | Québec | H1J 1C3 | Canada | 1286 | 48700.00 | 233 | BOFA23232 | 2005-05-20 | 29070.38 |
| 175 | Gift Depot Inc. | King | Julie | 2035552570 | 25593 South Bay Ln. | NULL | Bridgewater | CT | 97562 | USA | 1323 | 84300.00 | 175 | CITI3434344 | 2005-05-19 | 28500.78 |
| 334 | Suominen Souveniers | Suominen | Kalle | +358 9 8045 555 | Software Engineering Center | SEC Oy | Espoo | NULL | FIN-02271 | Finland | 1501 | 98800.00 | 334 | LF737277 | 2004-05-22 | 28394.54 |
| 379 | Collectables For Less Inc. | Nelson | Allen | 6175558555 | 7825 Douglas Av. | NULL | Brickhaven | MA | 58339 | USA | 1188 | 70700.00 | 379 | CA762595 | 2005-02-12 | 28322.83 |
| 145 | Danish Wholesale Imports | Petersen | Jytte | 31 12 3555 | Vinbæltet 34 | NULL | Kobenhavn | NULL | 1734 | Denmark | 1401 | 83400.00 | 145 | ED39322 | 2004-04-26 | 28211.70 |
| 259 | Toms Spezialitäten, Ltd | Pfalzheim | Henriette | 0221-5554327 | Mehrheimerstr. 369 | NULL | Köln | NULL | 50739 | Germany | 1504 | 120400.00 | 259 | GB361972 | 2003-12-07 | 27988.47 |
| 448 | Scandinavian Gift Ideas | Larsson | Martha | 0695-34 6555 | Åkergatan 24 | NULL | Bräcke | NULL | S-844 67 | Sweden | 1504 | 116400.00 | 448 | FS299615 | 2005-04-18 | 27966.54 |
| 456 | Microscale Inc. | Choi | Yu | 2125551957 | 5290 North Pendale Street | Suite 200 | NYC | NY | 10022 | USA | 1286 | 39800.00 | 456 | GJ715659 | 2004-11-13 | 27550.51 |
| 452 | Mini Auto Werke | Mendel | Roland | 7675-3555 | Kirchgasse 6 | NULL | Graz | NULL | 8010 | Austria | 1401 | 45300.00 | 452 | ED473873 | 2003-11-15 | 27121.90 |
| 276 | Anna's Decorations, Ltd | O'Hara | Anna | 02 9936 8555 | 201 Miller Street | Level 15 | North Sydney | NSW | 2060 | Australia | 1611 | 107800.00 | 276 | EM979878 | 2005-02-09 | 27083.78 |
| 250 | Lyon Souveniers | Da Silva | Daniel | +33 1 46 62 7555 | 27 rue du Colonel Pierre Avia | NULL | Paris | NULL | 75508 | France | 1337 | 68100.00 | 250 | HD284647 | 2004-12-30 | 26311.63 |
| 447 | Gift Ideas Corp. | Lewis | Dan | 2035554407 | 2440 Pompton St. | NULL | Glendale | CT | 97561 | USA | 1323 | 49700.00 | 447 | OU516561 | 2004-12-17 | 26304.13 |
| 129 | Mini Wheels Co. | Murphy | Julie | 6505555787 | 5557 North Pendale Street | NULL | San Francisco | CA | 94217 | USA | 1165 | 64600.00 | 129 | DM826140 | 2004-12-08 | 26248.78 |
| 141 | Euro+ Shopping Channel | Freyre | Diego | (91) 555 94 44 | C/ Moralzarzal, 86 | NULL | Madrid | NULL | 28034 | Spain | 1370 | 227600.00 | 141 | NU627706 | 2004-05-17 | 26155.91 |
| 486 | Motor Mint Distributors Inc. | Salazar | Rosa | 2155559857 | 11328 Douglas Av. | NULL | Philadelphia | PA | 71270 | USA | 1323 | 72600.00 | 486 | JB117768 | 2003-03-20 | 25833.14 |
| 424 | Classic Legends Inc. | Hernandez | Maria | 2125558493 | 5905 Pompton St. | Suite 750 | NYC | NY | 10022 | USA | 1286 | 67500.00 | 424 | KF480160 | 2004-12-07 | 25505.98 |
| 406 | Auto Canal+ Petit | Perrier | Dominique | (1) 47.55.6555 | 25, rue Lauriston | NULL | Paris | NULL | 75016 | France | 1337 | 95000.00 | 406 | NA197101 | 2004-06-17 | 25080.96 |
| 240 | giftsbymail.co.uk | Bennett | Helen | (198) 555-8888 | Garden House | Crowther Way 23 | Cowes | Isle of Wight | PO31 7PJ | UK | 1501 | 93900.00 | 240 | JO719695 | 2004-03-28 | 24995.61 |
| 216 | Enaco Distributors | Saavedra | Eduardo | (93) 203 4555 | Rambla de Cataluña, 23 | NULL | Barcelona | NULL | 08022 | Spain | 1702 | 60300.00 | 216 | ML780814 | 2004-12-06 | 24945.21 |
| 175 | Gift Depot Inc. | King | Julie | 2035552570 | 25593 South Bay Ln. | NULL | Bridgewater | CT | 97562 | USA | 1323 | 84300.00 | 175 | IO448913 | 2003-11-19 | 24879.08 |
| 128 | Blauer See Auto, Co. | Keitel | Roland | +49 69 66 90 2555 | Lyonerstr. 34 | NULL | Frankfurt | NULL | 60528 | Germany | 1504 | 59700.00 | 128 | FA465482 | 2003-10-18 | 24101.81 |
| 282 | Souveniers And Things Co. | Huxley | Adrian | +61 2 9495 8555 | Monitor Money Building | 815 Pacific Hwy | Chatswood | NSW | 2067 | Australia | 1611 | 93300.00 | 282 | IA793562 | 2003-08-03 | 24013.52 |
| 333 | Australian Gift Network, Co | Calaghan | Ben | 61-7-3844-6555 | 31 Duncan St. West End | NULL | South Brisbane | Queensland | 4101 | Australia | 1611 | 51600.00 | 333 | HL209210 | 2003-11-15 | 23936.53 |
| 129 | Mini Wheels Co. | Murphy | Julie | 6505555787 | 5557 North Pendale Street | NULL | San Francisco | CA | 94217 | USA | 1165 | 64600.00 | 129 | ID449593 | 2003-12-11 | 23923.93 |
| 201 | UK Collectables, Ltd. | Devon | Elizabeth | (171) 555-2282 | 12, Berkeley Gardens Blvd | NULL | Liverpool | NULL | WX1 6LT | UK | 1501 | 92700.00 | 201 | DP677013 | 2003-10-20 | 23908.24 |
| 186 | Toys of Finland, Co. | Karttunen | Matti | 90-224 8555 | Keskuskatu 45 | NULL | Helsinki | NULL | 21240 | Finland | 1501 | 96500.00 | 186 | AE192287 | 2005-03-10 | 23602.90 |
| 250 | Lyon Souveniers | Da Silva | Daniel | +33 1 46 62 7555 | 27 rue du Colonel Pierre Avia | NULL | Paris | NULL | 75508 | France | 1337 | 68100.00 | 250 | HN114306 | 2003-07-18 | 23419.47 |
| 339 | Classic Gift Ideas, Inc | Cervantes | Francisca | 2155554695 | 782 First Street | NULL | Philadelphia | PA | 71270 | USA | 1188 | 81100.00 | 339 | AP286625 | 2004-10-24 | 23333.06 |
| 233 | Québec Home Shopping Network | Fresnière | Jean | (514) 555-8054 | 43 rue St. Laurent | NULL | Montréal | Québec | H1J 1C3 | Canada | 1286 | 48700.00 | 233 | II180006 | 2004-07-01 | 22997.45 |
| 181 | Vitachrome Inc. | Frick | Michael | 2125551500 | 2678 Kingston Rd. | Suite 101 | NYC | NY | 10022 | USA | 1286 | 76400.00 | 181 | CM564612 | 2004-04-25 | 22602.36 |
| 166 | Handji Gifts& Co | Victorino | Wendy | +65 224 1555 | 106 Linden Road Sandown | 2nd Floor | Singapore | NULL | 069045 | Singapore | 1612 | 97900.00 | 166 | LA318629 | 2004-02-28 | 22474.17 |
| 131 | Land of Toys Inc. | Lee | Kwai | 2125557818 | 897 Long Airport Avenue | NULL | NYC | NY | 10022 | USA | 1323 | 114900.00 | 131 | CL442705 | 2003-03-12 | 22292.62 |
| 489 | Double Decker Gift Stores, Ltd | Smith | Thomas | (171) 555-7555 | 120 Hanover Sq. | NULL | London | NULL | WA1 1DP | UK | 1501 | 43300.00 | 489 | OC773849 | 2003-12-04 | 22275.73 |
| 458 | Corrida Auto Replicas, Ltd | Sommer | Martín | (91) 555 22 82 | C/ Araquil, 67 | NULL | Madrid | NULL | 28023 | Spain | 1702 | 104600.00 | 458 | NA377824 | 2004-02-06 | 22162.61 |
| 424 | Classic Legends Inc. | Hernandez | Maria | 2125558493 | 5905 Pompton St. | Suite 750 | NYC | NY | 10022 | USA | 1286 | 67500.00 | 424 | OA595449 | 2003-10-31 | 22042.37 |
| 398 | Tokyo Collectables, Ltd | Shimamura | Akiko | +81 3 3584 0555 | 2-2-8 Roppongi | NULL | Minato-ku | Tokyo | 106-0032 | Japan | 1621 | 94400.00 | 398 | DO787644 | 2004-06-21 | 22037.91 |
| 424 | Classic Legends Inc. | Hernandez | Maria | 2125558493 | 5905 Pompton St. | Suite 750 | NYC | NY | 10022 | USA | 1286 | 67500.00 | 424 | LM271923 | 2003-04-16 | 21665.98 |
| 333 | Australian Gift Network, Co | Calaghan | Ben | 61-7-3844-6555 | 31 Duncan St. West End | NULL | South Brisbane | Queensland | 4101 | Australia | 1611 | 51600.00 | 333 | NF959653 | 2005-03-01 | 21432.31 |
| 347 | Men 'R' US Retailers, Ltd. | Chandler | Brian | 2155554369 | 6047 Douglas Av. | NULL | Los Angeles | CA | 91003 | USA | 1166 | 57700.00 | 347 | DG700707 | 2004-01-18 | 21053.69 |
| 385 | Cruz & Sons Co. | Cruz | Arnold | +63 2 555 3587 | 15 McCallum Street | NatWest Center #13-03 | Makati City | NULL | 1227 MM | Philippines | 1621 | 81500.00 | 385 | BN347084 | 2003-12-02 | 20644.24 |
| 145 | Danish Wholesale Imports | Petersen | Jytte | 31 12 3555 | Vinbæltet 34 | NULL | Kobenhavn | NULL | 1734 | Denmark | 1401 | 83400.00 | 145 | HR182688 | 2004-12-01 | 20564.86 |
| 347 | Men 'R' US Retailers, Ltd. | Chandler | Brian | 2155554369 | 6047 Douglas Av. | NULL | Los Angeles | CA | 91003 | USA | 1166 | 57700.00 | 347 | LG808674 | 2003-10-24 | 20452.50 |
| 173 | Cambridge Collectables Co. | Tseng | Jerry | 6175555555 | 4658 Baden Av. | NULL | Cambridge | MA | 51247 | USA | 1188 | 43400.00 | 173 | IG462397 | 2004-03-29 | 20355.24 |
| 151 | Muscle Machine Inc | Young | Jeff | 2125557413 | 4092 Furth Circle | Suite 400 | NYC | NY | 10022 | USA | 1286 | 138500.00 | 151 | GB852215 | 2004-07-26 | 20314.44 |
| 357 | GiftsForHim.com | MacKinlay | Wales | 64-9-3763555 | 199 Great North Road | NULL | Auckland | NULL | NULL | New Zealand | 1612 | 77700.00 | 357 | AG240323 | 2003-12-16 | 20220.04 |
| 141 | Euro+ Shopping Channel | Freyre | Diego | (91) 555 94 44 | C/ Moralzarzal, 86 | NULL | Madrid | NULL | 28034 | Spain | 1370 | 227600.00 | 141 | MF629602 | 2004-08-16 | 20009.53 |
| 119 | La Rochelle Gifts | Labrune | Janine | 40.67.8555 | 67, rue des Cinquante Otages | NULL | Nantes | NULL | 44000 | France | 1370 | 118200.00 | 119 | DB933704 | 2004-11-14 | 19501.82 |
| 171 | Daedalus Designs Imports | Rancé | Martine | 20.16.1555 | 184, chaussée de Tournai | NULL | Lille | NULL | 59000 | France | 1370 | 82900.00 | 171 | GB878038 | 2004-03-15 | 18997.89 |
| 350 | Marseille Mini Autos | Lebihan | Laurence | 91.24.4555 | 12, rue des Bouchers | NULL | Marseille | NULL | 13008 | France | 1337 | 65000.00 | 350 | BQ602907 | 2004-12-11 | 18888.31 |
| 362 | Gifts4AllAges.com | Yoshido | Juri | 6175559555 | 8616 Spinnaker Dr. | NULL | Boston | MA | 51003 | USA | 1216 | 41900.00 | 362 | FP170292 | 2004-07-11 | 18473.71 |
| 250 | Lyon Souveniers | Da Silva | Daniel | +33 1 46 62 7555 | 27 rue du Colonel Pierre Avia | NULL | Paris | NULL | 75508 | France | 1337 | 68100.00 | 250 | EQ12267 | 2005-05-17 | 17928.09 |
| 121 | Baane Mini Imports | Bergulfsen | Jonas | 07-98 9555 | Erling Skakkes gate 78 | NULL | Stavern | NULL | 4110 | Norway | 1504 | 81700.00 | 121 | KI831359 | 2004-11-04 | 17876.32 |
| 473 | Frau da Collezione | Ricotti | Franco | +39 022515555 | 20093 Cologno Monzese | Alessandro Volta 16 | Milan | NULL | NULL | Italy | 1401 | 34800.00 | 473 | PC688499 | 2003-10-27 | 17746.26 |
| 189 | Clover Collections, Co. | Cassidy | Dean | +353 1862 1555 | 25 Maiden Lane | Floor No. 4 | Dublin | NULL | 2 | Ireland | 1504 | 69400.00 | 189 | BO711618 | 2004-10-03 | 17359.53 |
| 447 | Gift Ideas Corp. | Lewis | Dan | 2035554407 | 2440 Pompton St. | NULL | Glendale | CT | 97561 | USA | 1323 | 49700.00 | 447 | ER615123 | 2003-06-25 | 17032.29 |
| 233 | Québec Home Shopping Network | Fresnière | Jean | (514) 555-8054 | 43 rue St. Laurent | NULL | Montréal | Québec | H1J 1C3 | Canada | 1286 | 48700.00 | 233 | JG981190 | 2003-11-18 | 16909.84 |
| 314 | Petit Auto | Dewey | Catherine | (02) 5554 67 | Rue Joseph-Bens 532 | NULL | Bruxelles | NULL | B-1180 | Belgium | 1401 | 79900.00 | 314 | MD809704 | 2004-03-03 | 16901.38 |
| 353 | Reims Collectables | Henriot | Paul | 26.47.1555 | 59 rue de l'Abbaye | NULL | Reims | NULL | 51100 | France | 1337 | 81100.00 | 353 | GT878649 | 2003-05-21 | 16700.47 |
| 129 | Mini Wheels Co. | Murphy | Julie | 6505555787 | 5557 North Pendale Street | NULL | San Francisco | CA | 94217 | USA | 1165 | 64600.00 | 129 | PI42991 | 2003-04-09 | 16537.85 |
| 311 | Oulu Toy Supplies, Inc. | Koskitalo | Pirkko | 981-443655 | Torikatu 38 | NULL | Oulu | NULL | 90110 | Finland | 1501 | 90500.00 | 311 | NQ966143 | 2004-04-25 | 16212.59 |
| 385 | Cruz & Sons Co. | Cruz | Arnold | +63 2 555 3587 | 15 McCallum Street | NatWest Center #13-03 | Makati City | NULL | 1227 MM | Philippines | 1621 | 81500.00 | 385 | CP804873 | 2004-11-19 | 15822.84 |
| 344 | CAF Imports | Fernandez | Jesus | +34 913 728 555 | Merchants House | 27-30 Merchant's Quay | Madrid | NULL | 28023 | Spain | 1702 | 59600.00 | 344 | NJ906924 | 2004-04-02 | 15322.93 |
| 177 | Osaka Souveniers Co. | Kentary | Mory | +81 06 6342 5555 | 1-6-20 Dojima | NULL | Kita-ku | Osaka | 530-0003 | Japan | 1621 | 81200.00 | 177 | AU750837 | 2004-04-17 | 15183.63 |
| 452 | Mini Auto Werke | Mendel | Roland | 7675-3555 | Kirchgasse 6 | NULL | Graz | NULL | 8010 | Austria | 1401 | 45300.00 | 452 | FN640986 | 2003-11-20 | 15130.97 |
| 362 | Gifts4AllAges.com | Yoshido | Juri | 6175559555 | 8616 Spinnaker Dr. | NULL | Boston | MA | 51003 | USA | 1216 | 41900.00 | 362 | OG208861 | 2004-09-21 | 15059.76 |
| 103 | Atelier graphique | Schmitt | Carine | 40.32.2555 | 54, rue Royale | NULL | Nantes | NULL | 44000 | France | 1370 | 21000.00 | 103 | JM555205 | 2003-06-05 | 14571.44 |
| 381 | Royale Belge | Cartrain | Pascale | (071) 23 67 2555 | Boulevard Tirou, 255 | NULL | Charleroi | NULL | B-6000 | Belgium | 1401 | 23500.00 | 381 | GB117430 | 2005-02-03 | 14379.90 |
| 242 | Alpha Cognac | Roulet | Annette | 61.77.6555 | 1 rue Alsace-Lorraine | NULL | Toulouse | NULL | 31000 | France | 1370 | 61100.00 | 242 | KI744716 | 2003-07-21 | 14232.70 |
| 112 | Signal Gift Stores | King | Jean | 7025551838 | 8489 Strong St. | NULL | Las Vegas | NV | 83030 | USA | 1166 | 71800.00 | 112 | BO864823 | 2004-12-17 | 14191.12 |
| 353 | Reims Collectables | Henriot | Paul | 26.47.1555 | 59 rue de l'Abbaye | NULL | Reims | NULL | 51100 | France | 1337 | 81100.00 | 353 | ED878227 | 2003-07-21 | 13920.26 |
| 324 | Stylish Desk Decors, Co. | Brown | Ann | (171) 555-0297 | 35 King George | NULL | London | NULL | WX3 6FW | UK | 1501 | 77000.00 | 324 | DQ409197 | 2004-12-13 | 13671.82 |
| 161 | Technics Stores Inc. | Hashimoto | Juri | 6505556809 | 9408 Furth Circle | NULL | Burlingame | CA | 94217 | USA | 1165 | 84600.00 | 161 | KG644125 | 2005-02-02 | 12692.19 |
| 487 | Signal Collectibles Ltd. | Taylor | Sue | 4155554312 | 2793 Furth Circle | NULL | Brisbane | CA | 94217 | USA | 1165 | 60300.00 | 487 | PT550181 | 2004-02-29 | 12573.28 |
| 167 | Herkku Gifts | Oeztan | Veysel | +47 2267 3215 | Brehmen St. 121 | PR 334 Sentrum | Bergen | NULL | N 5804 | Norway | 1504 | 96800.00 | 167 | ED743615 | 2004-09-19 | 12538.01 |
| 379 | Collectables For Less Inc. | Nelson | Allen | 6175558555 | 7825 Douglas Av. | NULL | Brickhaven | MA | 58339 | USA | 1188 | 70700.00 | 379 | GB890854 | 2004-08-02 | 12530.51 |
| 242 | Alpha Cognac | Roulet | Annette | 61.77.6555 | 1 rue Alsace-Lorraine | NULL | Toulouse | NULL | 31000 | France | 1370 | 61100.00 | 242 | HR224331 | 2005-06-03 | 12432.32 |
| 406 | Auto Canal+ Petit | Perrier | Dominique | (1) 47.55.6555 | 25, rue Lauriston | NULL | Paris | NULL | 75016 | France | 1337 | 95000.00 | 406 | BJMPR4545 | 2005-04-23 | 12190.85 |
| 381 | Royale Belge | Cartrain | Pascale | (071) 23 67 2555 | Boulevard Tirou, 255 | NULL | Charleroi | NULL | B-6000 | Belgium | 1401 | 23500.00 | 381 | BC726082 | 2004-12-03 | 12081.52 |
| 173 | Cambridge Collectables Co. | Tseng | Jerry | 6175555555 | 4658 Baden Av. | NULL | Cambridge | MA | 51247 | USA | 1188 | 43400.00 | 173 | GP545698 | 2004-05-13 | 11843.45 |
| 124 | Mini Gifts Distributors Ltd. | Nelson | Susan | 4155551450 | 5677 Strong St. | NULL | San Rafael | CA | 97562 | USA | 1165 | 210500.00 | 124 | CQ287967 | 2003-04-11 | 11044.30 |
| 128 | Blauer See Auto, Co. | Keitel | Roland | +49 69 66 90 2555 | Lyonerstr. 34 | NULL | Frankfurt | NULL | 60528 | Germany | 1504 | 59700.00 | 128 | DI925118 | 2003-01-28 | 10549.01 |
| 363 | Online Diecast Creations Co. | Young | Dorothy | 6035558647 | 2304 Long Airport Avenue | NULL | Nashua | NH | 62005 | USA | 1216 | 114200.00 | 363 | IS232033 | 2003-01-16 | 10223.83 |
| 462 | FunGiftIdeas.com | Benitez | Violeta | 5085552555 | 1785 First Street | NULL | New Bedford | MA | 50553 | USA | 1216 | 85800.00 | 462 | GC60330 | 2003-11-08 | 9977.85 |
| 333 | Australian Gift Network, Co | Calaghan | Ben | 61-7-3844-6555 | 31 Duncan St. West End | NULL | South Brisbane | Queensland | 4101 | Australia | 1611 | 51600.00 | 333 | JK479662 | 2003-10-17 | 9821.32 |
| 198 | Auto-Moto Classics Inc. | Taylor | Leslie | 6175558428 | 16780 Pompton St. | NULL | Brickhaven | MA | 58339 | USA | 1216 | 23000.00 | 198 | FI192930 | 2004-12-06 | 9658.74 |
| 471 | Australian Collectables, Ltd | Clenahan | Sean | 61-9-3844-6555 | 7 Allen Street | NULL | Glen Waverly | Victoria | 3150 | Australia | 1611 | 60300.00 | 471 | AB661578 | 2004-07-28 | 9415.13 |
| 452 | Mini Auto Werke | Mendel | Roland | 7675-3555 | Kirchgasse 6 | NULL | Graz | NULL | 8010 | Austria | 1401 | 45300.00 | 452 | HG635467 | 2005-05-03 | 8807.12 |
| 320 | Mini Creations Ltd. | Huang | Wing | 5085559555 | 4575 Hillside Dr. | NULL | New Bedford | MA | 50553 | USA | 1188 | 94500.00 | 320 | GJ597719 | 2005-01-18 | 8307.28 |
| 475 | West Coast Collectables Co. | Thompson | Steve | 3105553722 | 3675 Furth Circle | NULL | Burbank | CA | 94019 | USA | 1166 | 55400.00 | 475 | JP113227 | 2003-12-09 | 7678.25 |
| 144 | Volvo Model Replicas, Co | Berglund | Christina | 0921-12 3555 | Berguvsvägen 8 | NULL | Luleå | NULL | S-958 22 | Sweden | 1504 | 53100.00 | 144 | LA685678 | 2003-04-09 | 7674.94 |
| 473 | Frau da Collezione | Ricotti | Franco | +39 022515555 | 20093 Cologno Monzese | Alessandro Volta 16 | Milan | NULL | NULL | Italy | 1401 | 34800.00 | 473 | LL427009 | 2004-02-17 | 7612.06 |
| 114 | Australian Collectors, Co. | Ferguson | Peter | 03 9520 4555 | 636 St Kilda Road | Level 3 | Melbourne | Victoria | 3004 | Australia | 1611 | 117300.00 | 114 | NP603840 | 2003-05-31 | 7565.08 |
| 128 | Blauer See Auto, Co. | Keitel | Roland | +49 69 66 90 2555 | Lyonerstr. 34 | NULL | Frankfurt | NULL | 60528 | Germany | 1504 | 59700.00 | 128 | IP383901 | 2004-11-18 | 7466.32 |
| 489 | Double Decker Gift Stores, Ltd | Smith | Thomas | (171) 555-7555 | 120 Hanover Sq. | NULL | London | NULL | WA1 1DP | UK | 1501 | 43300.00 | 489 | PO860906 | 2004-01-31 | 7310.42 |
| 328 | Tekni Collectables Inc. | Brown | William | 2015559350 | 7476 Moss Rd. | NULL | Newark | NJ | 94019 | USA | 1323 | 43000.00 | 328 | EN930356 | 2004-04-16 | 7178.66 |
| 447 | Gift Ideas Corp. | Lewis | Dan | 2035554407 | 2440 Pompton St. | NULL | Glendale | CT | 97561 | USA | 1323 | 49700.00 | 447 | AO757239 | 2003-09-15 | 6631.36 |
| 382 | Salzburg Collectables | Pipps | Georg | 6562-9555 | Geislweg 14 | NULL | Salzburg | NULL | 5020 | Austria | 1401 | 71700.00 | 382 | CT821147 | 2004-08-01 | 6419.84 |
| 495 | Diecast Collectables | Franco | Valarie | 6175552555 | 6251 Ingle Ln. | NULL | Boston | MA | 51003 | USA | 1188 | 85100.00 | 495 | FN155234 | 2004-05-14 | 6276.60 |
| 103 | Atelier graphique | Schmitt | Carine | 40.32.2555 | 54, rue Royale | NULL | Nantes | NULL | 44000 | France | 1370 | 21000.00 | 103 | HQ336336 | 2004-10-19 | 6066.78 |
| 198 | Auto-Moto Classics Inc. | Taylor | Leslie | 6175558428 | 16780 Pompton St. | NULL | Brickhaven | MA | 58339 | USA | 1216 | 23000.00 | 198 | HQ920205 | 2003-07-06 | 6036.96 |
| 486 | Motor Mint Distributors Inc. | Salazar | Rosa | 2155559857 | 11328 Douglas Av. | NULL | Philadelphia | PA | 71270 | USA | 1323 | 72600.00 | 486 | BL66528 | 2004-04-14 | 5899.38 |
| 198 | Auto-Moto Classics Inc. | Taylor | Leslie | 6175558428 | 16780 Pompton St. | NULL | Brickhaven | MA | 58339 | USA | 1216 | 23000.00 | 198 | IS946883 | 2004-09-21 | 5858.56 |
| 256 | Auto Associés & Cie. | Tonini | Daniel | 30.59.8555 | 67, avenue de l'Europe | NULL | Versailles | NULL | 78000 | France | 1370 | 77900.00 | 256 | EP227123 | 2004-02-10 | 5759.42 |
| 181 | Vitachrome Inc. | Frick | Michael | 2125551500 | 2678 Kingston Rd. | Suite 101 | NYC | NY | 10022 | USA | 1286 | 76400.00 | 181 | GQ132144 | 2003-01-30 | 5494.78 |
| 145 | Danish Wholesale Imports | Petersen | Jytte | 31 12 3555 | Vinbæltet 34 | NULL | Kobenhavn | NULL | 1734 | Denmark | 1401 | 83400.00 | 145 | CN328545 | 2004-07-03 | 4710.73 |
| 209 | Mini Caravy | Citeaux | Frédérique | 88.60.1555 | 24, place Kléber | NULL | Strasbourg | NULL | 67000 | France | 1370 | 53800.00 | 209 | ED520529 | 2004-06-21 | 4632.31 |
| 219 | Boards & Toys Co. | Young | Mary | 3105552373 | 4097 Douglas Av. | NULL | Glendale | CA | 92561 | USA | 1166 | 11000.00 | 219 | BR941480 | 2003-10-18 | 4465.85 |
| 204 | Online Mini Collectables | Barajas | Miguel | 6175557555 | 7635 Spinnaker Dr. | NULL | Brickhaven | MA | 58339 | USA | 1188 | 68700.00 | 204 | IS150005 | 2004-09-24 | 4424.40 |
| 205 | Toys4GrownUps.com | Young | Julie | 6265557265 | 78934 Hillside Dr. | NULL | Pasadena | CA | 90003 | USA | 1166 | 90700.00 | 205 | GL756480 | 2003-12-04 | 3879.96 |
| 148 | Dragon Souveniers, Ltd. | Natividad | Eric | +65 221 7555 | Bronz Sok. | Bronz Apt. 3/6 Tesvikiye | Singapore | NULL | 079903 | Singapore | 1621 | 103800.00 | 148 | ME497970 | 2005-03-27 | 3516.04 |
| 484 | Iberia Gift Imports, Corp. | Roel | José Pedro | (95) 555 82 82 | C/ Romero, 33 | NULL | Sevilla | NULL | 41101 | Spain | 1702 | 65700.00 | 484 | GK294076 | 2004-10-26 | 3474.66 |
| 219 | Boards & Toys Co. | Young | Mary | 3105552373 | 4097 Douglas Av. | NULL | Glendale | CA | 92561 | USA | 1166 | 11000.00 | 219 | BN17870 | 2005-03-02 | 3452.75 |
| 216 | Enaco Distributors | Saavedra | Eduardo | (93) 203 4555 | Rambla de Cataluña, 23 | NULL | Barcelona | NULL | 08022 | Spain | 1702 | 60300.00 | 216 | BG407567 | 2003-05-09 | 3101.40 |
| 323 | Down Under Souveniers, Inc | Graham | Mike | +64 9 312 5555 | 162-164 Grafton Road | Level 2 | Auckland | NULL | NULL | New Zealand | 1612 | 88000.00 | 323 | HG738664 | 2003-07-05 | 2880.00 |
| 148 | Dragon Souveniers, Ltd. | Natividad | Eric | +65 221 7555 | Bronz Sok. | Bronz Apt. 3/6 Tesvikiye | Singapore | NULL | 079903 | Singapore | 1621 | 103800.00 | 148 | DD635282 | 2004-08-11 | 2611.84 |
| 161 | Technics Stores Inc. | Hashimoto | Juri | 6505556809 | 9408 Furth Circle | NULL | Burlingame | CA | 94217 | USA | 1165 | 84600.00 | 161 | BR352384 | 2004-11-14 | 2434.25 |
| 172 | La Corne D'abondance, Co. | Bertrand | Marie | (1) 42.34.2555 | 265, boulevard Charonne | NULL | Paris | NULL | 75012 | France | 1337 | 84300.00 | 172 | AD832091 | 2004-09-09 | 1960.80 |
| 350 | Marseille Mini Autos | Lebihan | Laurence | 91.24.4555 | 12, rue des Bouchers | NULL | Marseille | NULL | 13008 | France | 1337 | 65000.00 | 350 | OB648482 | 2005-01-29 | 1834.56 |
| 456 | Microscale Inc. | Choi | Yu | 2125551957 | 5290 North Pendale Street | Suite 200 | NYC | NY | 10022 | USA | 1286 | 39800.00 | 456 | MO743231 | 2004-04-30 | 1679.92 |
| 103 | Atelier graphique | Schmitt | Carine | 40.32.2555 | 54, rue Royale | NULL | Nantes | NULL | 44000 | France | 1370 | 21000.00 | 103 | OM314933 | 2004-12-18 | 1676.14 |
| 381 | Royale Belge | Cartrain | Pascale | (071) 23 67 2555 | Boulevard Tirou, 255 | NULL | Charleroi | NULL | B-6000 | Belgium | 1401 | 23500.00 | 381 | CC475233 | 2003-04-19 | 1627.56 |
| 121 | Baane Mini Imports | Bergulfsen | Jonas | 07-98 9555 | Erling Skakkes gate 78 | NULL | Stavern | NULL | 4110 | Norway | 1504 | 81700.00 | 121 | FD317790 | 2003-10-28 | 1491.38 |
| 381 | Royale Belge | Cartrain | Pascale | (071) 23 67 2555 | Boulevard Tirou, 255 | NULL | Charleroi | NULL | B-6000 | Belgium | 1401 | 23500.00 | 381 | MS154481 | 2003-08-22 | 1128.20 |
| 398 | Tokyo Collectables, Ltd | Shimamura | Akiko | +81 3 3584 0555 | 2-2-8 Roppongi | NULL | Minato-ku | Tokyo | 106-0032 | Japan | 1621 | 94400.00 | 398 | JPMR4544 | 2005-05-18 | 615.45 |
| 273 | Franken Gifts, Co | Franken | Peter | 089-0877555 | Berliner Platz 43 | NULL | München | NULL | 80805 | Germany | NULL | 0.00 | NULL | NULL | NULL | NULL |
| 465 | Anton Designs, Ltd. | Anton | Carmen | +34 913 728555 | c/ Gobelas, 19-1 Urb. La Florida | NULL | Madrid | NULL | 28023 | Spain | NULL | 0.00 | NULL | NULL | NULL | NULL |
| 443 | Feuer Online Stores, Inc | Feuer | Alexander | 0342-555176 | Heerstr. 22 | NULL | Leipzig | NULL | 04179 | Germany | NULL | 0.00 | NULL | NULL | NULL | NULL |
| 348 | Asian Treasures, Inc. | McKenna | Patricia | 2967 555 | 8 Johnstown Road | NULL | Cork | Co. Cork | NULL | Ireland | NULL | 0.00 | NULL | NULL | NULL | NULL |
| 361 | Kommission Auto | Josephs | Karin | 0251-555259 | Luisenstr. 48 | NULL | Münster | NULL | 44087 | Germany | NULL | 0.00 | NULL | NULL | NULL | NULL |
| 223 | Natürlich Autos | Kloss | Horst | 0372-555188 | Taucherstraße 10 | NULL | Cunewalde | NULL | 01307 | Germany | NULL | 0.00 | NULL | NULL | NULL | NULL |
| 459 | Warburg Exchange | Ottlieb | Sven | 0241-039123 | Walserweg 21 | NULL | Aachen | NULL | 52066 | Germany | NULL | 0.00 | NULL | NULL | NULL | NULL |
| 369 | Lisboa Souveniers, Inc | Rodriguez | Lino | (1) 354-2555 | Jardim das rosas n. 32 | NULL | Lisboa | NULL | 1675 | Portugal | NULL | 0.00 | NULL | NULL | NULL | NULL |
| 477 | Mit Vergnügen & Co. | Moos | Hanna | 0621-08555 | Forsterstr. 57 | NULL | Mannheim | NULL | 68306 | Germany | NULL | 0.00 | NULL | NULL | NULL | NULL |
| 303 | Schuyler Imports | Schuyler | Bradley | +31 20 491 9555 | Kingsfordweg 151 | NULL | Amsterdam | NULL | 1043 GR | Netherlands | NULL | 0.00 | NULL | NULL | NULL | NULL |
| 237 | ANG Resellers | Camino | Alejandra | (91) 745 6555 | Gran Vía, 1 | NULL | Madrid | NULL | 28001 | Spain | NULL | 0.00 | NULL | NULL | NULL | NULL |
| 293 | BG&E Collectables | Harrison | Ed | +41 26 425 50 01 | Rte des Arsenaux 41 | NULL | Fribourg | NULL | 1700 | Switzerland | NULL | 0.00 | NULL | NULL | NULL | NULL |
| 206 | Asian Shopping Network, Co | Walker | Brydey | +612 9411 1555 | Suntec Tower Three | 8 Temasek | Singapore | NULL | 038988 | Singapore | NULL | 0.00 | NULL | NULL | NULL | NULL |
| 168 | American Souvenirs Inc | Franco | Keith | 2035557845 | 149 Spinnaker Dr. | Suite 101 | New Haven | CT | 97823 | USA | 1286 | 0.00 | NULL | NULL | NULL | NULL |
| 376 | Precious Collectables | Urs | Braun | 0452-076555 | Hauptstr. 29 | NULL | Bern | NULL | 3012 | Switzerland | 1702 | 0.00 | NULL | NULL | NULL | NULL |
| 480 | Kremlin Collectables, Co. | Semenov | Alexander | +7 812 293 0521 | 2 Pobedy Square | NULL | Saint Petersburg | NULL | 196143 | Russia | NULL | 0.00 | NULL | NULL | NULL | NULL |
| 307 | Der Hund Imports | Andersen | Mel | 030-0074555 | Obere Str. 57 | NULL | Berlin | NULL | 12209 | Germany | NULL | 0.00 | NULL | NULL | NULL | NULL |
| 356 | SAR Distributors, Co | Kuger | Armand | +27 21 550 3555 | 1250 Pretorius Street | NULL | Hatfield | Pretoria | 0028 | South Africa | NULL | 0.00 | NULL | NULL | NULL | NULL |
| 169 | Porto Imports Co. | de Castro | Isabel | (1) 356-5555 | Estrada da saúde n. 58 | NULL | Lisboa | NULL | 1756 | Portugal | NULL | 0.00 | NULL | NULL | NULL | NULL |
| 247 | Messner Shopping Network | Messner | Renate | 069-0555984 | Magazinweg 7 | NULL | Frankfurt | NULL | 60528 | Germany | NULL | 0.00 | NULL | NULL | NULL | NULL |
| 125 | Havel & Zbyszek Co | Piestrzeniewicz | Zbyszek | (26) 642-7555 | ul. Filtrowa 68 | NULL | Warszawa | NULL | 01-012 | Poland | NULL | 0.00 | NULL | NULL | NULL | NULL |
| 481 | Raanan Stores, Inc | Altagar,G M | Raanan | + 972 9 959 8555 | 3 Hagalim Blv. | NULL | Herzlia | NULL | 47625 | Israel | NULL | 0.00 | NULL | NULL | NULL | NULL |
| 409 | Stuttgart Collectable Exchange | Müller | Rita | 0711-555361 | Adenauerallee 900 | NULL | Stuttgart | NULL | 70563 | Germany | NULL | 0.00 | NULL | NULL | NULL | NULL |
| 335 | Cramer Spezialitäten, Ltd | Cramer | Philip | 0555-09555 | Maubelstr. 90 | NULL | Brandenburg | NULL | 14776 | Germany | NULL | 0.00 | NULL | NULL | NULL | NULL |
+----------------+------------------------------------+-----------------+------------------+--------------------+----------------------------------+--------------------------+-------------------+---------------+------------+--------------+------------------------+-------------+----------------+-------------+-------------+-----------+
297 rows in set (0.018 sec)

MariaDB [classicmodels]> SELECT \* FROM customers c LEFT JOIN payments p ON c.customerNumber = p.customerNumber ORDER BY p.amount desc\G;
************\*\*\************* 1. row ************\*\*\*************
customerNumber: 141
customerName: Euro+ Shopping Channel
contactLastName: Freyre
contactFirstName: Diego
phone: (91) 555 94 44
addressLine1: C/ Moralzarzal, 86
addressLine2: NULL
city: Madrid
state: NULL
postalCode: 28034
country: Spain
salesRepEmployeeNumber: 1370
creditLimit: 227600.00
customerNumber: 141
checkNumber: JE105477
paymentDate: 2005-03-18
amount: 120166.58
************\*\*\************* 2. row ************\*\*\*************
customerNumber: 141
customerName: Euro+ Shopping Channel
contactLastName: Freyre
contactFirstName: Diego
phone: (91) 555 94 44
addressLine1: C/ Moralzarzal, 86
addressLine2: NULL
city: Madrid
state: NULL
postalCode: 28034
country: Spain
salesRepEmployeeNumber: 1370
creditLimit: 227600.00
customerNumber: 141
checkNumber: ID10962
paymentDate: 2004-12-31
amount: 116208.40
************\*\*\************* 3. row ************\*\*\*************
customerNumber: 124
customerName: Mini Gifts Distributors Ltd.
contactLastName: Nelson
contactFirstName: Susan
phone: 4155551450
addressLine1: 5677 Strong St.
addressLine2: NULL
city: San Rafael
state: CA
postalCode: 97562
country: USA
salesRepEmployeeNumber: 1165
creditLimit: 210500.00
customerNumber: 124
checkNumber: KI131716
paymentDate: 2003-08-15
amount: 111654.40
************\*\*\************* 4. row ************\*\*\*************
customerNumber: 148
customerName: Dragon Souveniers, Ltd.
contactLastName: Natividad
contactFirstName: Eric
phone: +65 221 7555
addressLine1: Bronz Sok.
addressLine2: Bronz Apt. 3/6 Tesvikiye
city: Singapore
state: NULL
postalCode: 079903
country: Singapore
salesRepEmployeeNumber: 1621
creditLimit: 103800.00
customerNumber: 148
checkNumber: KM172879
paymentDate: 2003-12-26
amount: 105743.00
************\*\*\************* 5. row ************\*\*\*************
customerNumber: 124
customerName: Mini Gifts Distributors Ltd.
contactLastName: Nelson
contactFirstName: Susan
phone: 4155551450
addressLine1: 5677 Strong St.
addressLine2: NULL
city: San Rafael
state: CA
postalCode: 97562
country: USA
salesRepEmployeeNumber: 1165
creditLimit: 210500.00
customerNumber: 124
checkNumber: AE215433
paymentDate: 2005-03-05
amount: 101244.59
************\*\*\************* 6. row ************\*\*\*************
customerNumber: 321
customerName: Corporate Gift Ideas Co.
contactLastName: Brown
contactFirstName: Julie
phone: 6505551386
addressLine1: 7734 Strong St.
addressLine2: NULL
city: San Francisco
state: CA
postalCode: 94217
country: USA
salesRepEmployeeNumber: 1165
creditLimit: 105000.00
customerNumber: 321
checkNumber: DJ15149
paymentDate: 2003-11-03
amount: 85559.12
************\*\*\************* 7. row ************\*\*\*************
customerNumber: 124
customerName: Mini Gifts Distributors Ltd.
contactLastName: Nelson
contactFirstName: Susan
phone: 4155551450
addressLine1: 5677 Strong St.
addressLine2: NULL
city: San Rafael
state: CA
postalCode: 97562
country: USA
salesRepEmployeeNumber: 1165
creditLimit: 210500.00
customerNumber: 124
checkNumber: BG255406
paymentDate: 2004-08-28
amount: 85410.87
************\*\*\************* 8. row ************\*\*\*************
customerNumber: 167
customerName: Herkku Gifts
contactLastName: Oeztan
contactFirstName: Veysel
phone: +47 2267 3215
addressLine1: Brehmen St. 121
addressLine2: PR 334 Sentrum
city: Bergen
state: NULL
postalCode: N 5804
country: Norway  
salesRepEmployeeNumber: 1504
creditLimit: 96800.00
customerNumber: 167
checkNumber: GN228846
paymentDate: 2003-12-03
amount: 85024.46
************\*\*\************* 9. row ************\*\*\*************
customerNumber: 124
customerName: Mini Gifts Distributors Ltd.
contactLastName: Nelson
contactFirstName: Susan
phone: 4155551450
addressLine1: 5677 Strong St.
addressLine2: NULL
city: San Rafael
state: CA
postalCode: 97562
country: USA
salesRepEmployeeNumber: 1165
creditLimit: 210500.00
customerNumber: 124
checkNumber: ET64396
paymentDate: 2005-04-16
amount: 83598.04
************\*\*\************* 10. row ************\*\*\*************
customerNumber: 114
customerName: Australian Collectors, Co.
contactLastName: Ferguson
contactFirstName: Peter
phone: 03 9520 4555
addressLine1: 636 St Kilda Road
addressLine2: Level 3
city: Melbourne
state: Victoria
postalCode: 3004
country: Australia
salesRepEmployeeNumber: 1611
creditLimit: 117300.00
customerNumber: 114
checkNumber: MA765515
paymentDate: 2004-12-15
amount: 82261.22
************\*\*\************* 11. row ************\*\*\*************
customerNumber: 239
customerName: Collectable Mini Designs Co.
contactLastName: Thompson
contactFirstName: Valarie
phone: 7605558146
addressLine1: 361 Furth Circle
addressLine2: NULL
city: San Diego
state: CA
postalCode: 91217
country: USA
salesRepEmployeeNumber: 1166
creditLimit: 105000.00
customerNumber: 239
checkNumber: NQ865547
paymentDate: 2004-03-15
amount: 80375.24
************\*\*\************* 12. row ************\*\*\*************
customerNumber: 323
customerName: Down Under Souveniers, Inc
contactLastName: Graham
contactFirstName: Mike
phone: +64 9 312 5555
addressLine1: 162-164 Grafton Road
addressLine2: Level 2
city: Auckland  
 state: NULL
postalCode: NULL
country: New Zealand
salesRepEmployeeNumber: 1612
creditLimit: 88000.00
customerNumber: 323
checkNumber: AL493079
paymentDate: 2005-05-23
amount: 75020.13
************\*\*\************* 13. row ************\*\*\*************
customerNumber: 141
customerName: Euro+ Shopping Channel
contactLastName: Freyre
contactFirstName: Diego
phone: (91) 555 94 44
addressLine1: C/ Moralzarzal, 86
addressLine2: NULL
city: Madrid
state: NULL
postalCode: 28034
country: Spain
salesRepEmployeeNumber: 1370
creditLimit: 227600.00
customerNumber: 141
checkNumber: IN446258
paymentDate: 2005-03-25
amount: 65071.26
************\*\*\************* 14. row ************\*\*\*************
customerNumber: 141
customerName: Euro+ Shopping Channel
contactLastName: Freyre
contactFirstName: Diego
phone: (91) 555 94 44
addressLine1: C/ Moralzarzal, 86
addressLine2: NULL
city: Madrid
state: NULL
postalCode: 28034
country: Spain
salesRepEmployeeNumber: 1370
creditLimit: 227600.00
customerNumber: 141
checkNumber: KT52578
paymentDate: 2003-12-09
amount: 63843.55
************\*\*\************* 15. row ************\*\*\*************
customerNumber: 157
customerName: Diecast Classics Inc.
contactLastName: Leong
contactFirstName: Kelvin
phone: 2155551555
addressLine1: 7586 Pompton St.
addressLine2: NULL
city: Allentown
state: PA
postalCode: 70267
country: USA
salesRepEmployeeNumber: 1216
creditLimit: 100600.00
customerNumber: 157
checkNumber: NN711988
paymentDate: 2004-09-07
amount: 63357.13
************\*\*\************* 16. row ************\*\*\*************
customerNumber: 298
customerName: Vida Sport, Ltd
contactLastName: Holz
contactFirstName: Mihael
phone: 0897-034555
addressLine1: Grenzacherweg 237
addressLine2: NULL
city: Genève
state: NULL
postalCode: 1203
country: Switzerland
salesRepEmployeeNumber: 1702
creditLimit: 141300.00
customerNumber: 298
checkNumber: LF501133
paymentDate: 2004-09-18
amount: 61402.00
************\*\*\************* 17. row ************\*\*\*************
customerNumber: 259
customerName: Toms Spezialitäten, Ltd
contactLastName: Pfalzheim
contactFirstName: Henriette
phone: 0221-5554327
addressLine1: Mehrheimerstr. 369
addressLine2: NULL
city: Köln
state: NULL
postalCode: 50739
country: Germany
salesRepEmployeeNumber: 1504
creditLimit: 120400.00
customerNumber: 259
checkNumber: EU280955
paymentDate: 2004-11-06
amount: 61234.67
************\*\*\************* 18. row ************\*\*\*************
customerNumber: 141
customerName: Euro+ Shopping Channel
contactLastName: Freyre
contactFirstName: Diego
phone: (91) 555 94 44
addressLine1: C/ Moralzarzal, 86
addressLine2: NULL
city: Madrid
state: NULL
postalCode: 28034
country: Spain
salesRepEmployeeNumber: 1370
creditLimit: 227600.00
customerNumber: 141
checkNumber: HJ32686
paymentDate: 2004-01-30
amount: 59830.55
************\*\*\************* 19. row ************\*\*\*************
customerNumber: 450
customerName: The Sharp Gifts Warehouse
contactLastName: Frick
contactFirstName: Sue
phone: 4085553659
addressLine1: 3086 Ingle Ln.
addressLine2: NULL
city: San Jose
state: CA
postalCode: 94217
country: USA
salesRepEmployeeNumber: 1165
creditLimit: 77600.00
customerNumber: 450
checkNumber: EF485824
paymentDate: 2004-06-21
amount: 59551.38
************\*\*\************* 20. row ************\*\*\*************
customerNumber: 495
customerName: Diecast Collectables
contactLastName: Franco
contactFirstName: Valarie
phone: 6175552555
addressLine1: 6251 Ingle Ln.
addressLine2: NULL
city: Boston
state: MA
postalCode: 51003
country: USA
salesRepEmployeeNumber: 1188
creditLimit: 85100.00
customerNumber: 495
checkNumber: BH167026
paymentDate: 2003-12-26
amount: 59265.14
************\*\*\************* 21. row ************\*\*\*************
customerNumber: 151
customerName: Muscle Machine Inc
contactLastName: Young
contactFirstName: Jeff
phone: 2125557413
addressLine1: 4092 Furth Circle
addressLine2: Suite 400
city: NYC
state: NY
postalCode: 10022
country: USA
salesRepEmployeeNumber: 1286
creditLimit: 138500.00
customerNumber: 151
checkNumber: IP568906
paymentDate: 2003-06-18
amount: 58841.35
************\*\*\************* 22. row ************\*\*\*************
customerNumber: 151
customerName: Muscle Machine Inc
contactLastName: Young
contactFirstName: Jeff
phone: 2125557413
addressLine1: 4092 Furth Circle
addressLine2: Suite 400
city: NYC
state: NY
postalCode: 10022
country: USA
salesRepEmployeeNumber: 1286
creditLimit: 138500.00
customerNumber: 151
checkNumber: BF686658
paymentDate: 2003-12-22
amount: 58793.53
************\*\*\************* 23. row ************\*\*\*************
customerNumber: 458
customerName: Corrida Auto Replicas, Ltd
contactLastName: Sommer
contactFirstName: Martín
phone: (91) 555 22 82
addressLine1: C/ Araquil, 67
addressLine2: NULL
city: Madrid
state: NULL
postalCode: 28023
country: Spain
salesRepEmployeeNumber: 1702
creditLimit: 104600.00
customerNumber: 458
checkNumber: OO606861
paymentDate: 2003-06-13
amount: 57131.92
************\*\*\************* 24. row ************\*\*\*************
customerNumber: 124
customerName: Mini Gifts Distributors Ltd.
contactLastName: Nelson
contactFirstName: Susan
phone: 4155551450
addressLine1: 5677 Strong St.
addressLine2: NULL
city: San Rafael
state: CA
postalCode: 97562
country: USA
salesRepEmployeeNumber: 1165
creditLimit: 210500.00
customerNumber: 124
checkNumber: HR86578
paymentDate: 2004-11-02
amount: 55639.66
************\*\*\************* 25. row ************\*\*\*************
customerNumber: 363
customerName: Online Diecast Creations Co.
contactLastName: Young
contactFirstName: Dorothy
phone: 6035558647
addressLine1: 2304 Long Airport Avenue
addressLine2: NULL
city: Nashua
state: NH
postalCode: 62005
country: USA
salesRepEmployeeNumber: 1216
creditLimit: 114200.00
customerNumber: 363
checkNumber: PN238558
paymentDate: 2003-12-05
amount: 55425.77
************\*\*\************* 26. row ************\*\*\*************
customerNumber: 145
customerName: Danish Wholesale Imports
contactLastName: Petersen
contactFirstName: Jytte
phone: 31 12 3555
addressLine1: Vinbæltet 34
addressLine2: NULL
city: Kobenhavn
state: NULL
postalCode: 1734
country: Denmark
salesRepEmployeeNumber: 1401
creditLimit: 83400.00
customerNumber: 145
checkNumber: JJ246391
paymentDate: 2003-02-20
amount: 53959.21
************\*\*\************* 27. row ************\*\*\*************
customerNumber: 227
customerName: Heintze Collectables
contactLastName: Ibsen
contactFirstName: Palle
phone: 86 21 3555
addressLine1: Smagsloget 45
addressLine2: NULL
city: Århus
state: NULL
postalCode: 8200
country: Denmark
salesRepEmployeeNumber: 1401
creditLimit: 120800.00
customerNumber: 227
checkNumber: NU21326
paymentDate: 2004-11-02
amount: 53745.34
************\*\*\************* 28. row ************\*\*\*************
customerNumber: 256
customerName: Auto Associés & Cie.
contactLastName: Tonini
contactFirstName: Daniel
phone: 30.59.8555
addressLine1: 67, avenue de l'Europe
addressLine2: NULL
city: Versailles
state: NULL
postalCode: 78000
country: France
salesRepEmployeeNumber: 1370
creditLimit: 77900.00
customerNumber: 256
checkNumber: HE84936
paymentDate: 2004-10-22
amount: 53116.99
************\*\*\************* 29. row ************\*\*\*************
customerNumber: 187
customerName: AV Stores, Co.
contactLastName: Ashworth
contactFirstName: Rachel
phone: (171) 555-1555
addressLine1: Fauntleroy Circus
addressLine2: NULL
city: Manchester
state: NULL
postalCode: EC2 5NT
country: UK
salesRepEmployeeNumber: 1501
creditLimit: 136800.00
customerNumber: 187
checkNumber: AM968797
paymentDate: 2004-11-03
amount: 52825.29
************\*\*\************* 30. row ************\*\*\*************
customerNumber: 320
customerName: Mini Creations Ltd.
contactLastName: Huang
contactFirstName: Wing
phone: 5085559555
addressLine1: 4575 Hillside Dr.
addressLine2: NULL
city: New Bedford
state: MA
postalCode: 50553
country: USA
salesRepEmployeeNumber: 1188
creditLimit: 94500.00
customerNumber: 320
checkNumber: MU817160
paymentDate: 2003-11-24
amount: 52548.49
************\*\*\************* 31. row ************\*\*\*************
customerNumber: 496
customerName: Kelly's Gift Shop
contactLastName: Snowden
contactFirstName: Tony
phone: +64 9 5555500
addressLine1: Arenales 1938 3'A'
addressLine2: NULL
city: Auckland  
 state: NULL
postalCode: NULL
country: New Zealand
salesRepEmployeeNumber: 1612
creditLimit: 110000.00
customerNumber: 496
checkNumber: MN89921
paymentDate: 2004-12-31
amount: 52166.00
************\*\*\************* 32. row ************\*\*\*************
customerNumber: 278
customerName: Rovelli Gifts
contactLastName: Rovelli
contactFirstName: Giovanni
phone: 035-640555
addressLine1: Via Ludovico il Moro 22
addressLine2: NULL
city: Bergamo
state: NULL
postalCode: 24100
country: Italy
salesRepEmployeeNumber: 1401
creditLimit: 119600.00
customerNumber: 278
checkNumber: GP636783
paymentDate: 2003-03-02
amount: 52151.81
************\*\*\************* 33. row ************\*\*\*************
customerNumber: 386
customerName: L'ordine Souveniers
contactLastName: Moroni
contactFirstName: Maurizio
phone: 0522-556555
addressLine1: Strada Provinciale 124
addressLine2: NULL
city: Reggio Emilia
state: NULL
postalCode: 42100
country: Italy
salesRepEmployeeNumber: 1401
creditLimit: 121400.00
customerNumber: 386
checkNumber: HG438769
paymentDate: 2004-07-18
amount: 51619.02
************\*\*\************* 34. row ************\*\*\*************
customerNumber: 172
customerName: La Corne D'abondance, Co.
contactLastName: Bertrand
contactFirstName: Marie
phone: (1) 42.34.2555
addressLine1: 265, boulevard Charonne
addressLine2: NULL
city: Paris
state: NULL
postalCode: 75012
country: France
salesRepEmployeeNumber: 1337
creditLimit: 84300.00
customerNumber: 172
checkNumber: CE51751
paymentDate: 2004-12-04
amount: 51209.58
************\*\*\************* 35. row ************\*\*\*************
customerNumber: 204
customerName: Online Mini Collectables
contactLastName: Barajas
contactFirstName: Miguel
phone: 6175557555
addressLine1: 7635 Spinnaker Dr.
addressLine2: NULL
city: Brickhaven
state: MA
postalCode: 58339
country: USA
salesRepEmployeeNumber: 1188
creditLimit: 68700.00
customerNumber: 204
checkNumber: GC697638
paymentDate: 2004-08-13
amount: 51152.86
************\*\*\************* 36. row ************\*\*\*************
customerNumber: 385
customerName: Cruz & Sons Co.
contactLastName: Cruz
contactFirstName: Arnold
phone: +63 2 555 3587
addressLine1: 15 McCallum Street
addressLine2: NatWest Center #13-03
city: Makati City
state: NULL
postalCode: 1227 MM
country: Philippines
salesRepEmployeeNumber: 1621
creditLimit: 81500.00
customerNumber: 385
checkNumber: EK785462
paymentDate: 2003-03-09
amount: 51001.22
************\*\*\************* 37. row ************\*\*\*************
customerNumber: 350
customerName: Marseille Mini Autos
contactLastName: Lebihan
contactFirstName: Laurence
phone: 91.24.4555
addressLine1: 12, rue des Bouchers
addressLine2: NULL
city: Marseille
state: NULL
postalCode: 13008
country: France
salesRepEmployeeNumber: 1337
creditLimit: 65000.00
customerNumber: 350
checkNumber: CI471510
paymentDate: 2003-05-25
amount: 50824.66
************\*\*\************* 38. row ************\*\*\*************
customerNumber: 363
customerName: Online Diecast Creations Co.
contactLastName: Young
contactFirstName: Dorothy
phone: 6035558647
addressLine1: 2304 Long Airport Avenue
addressLine2: NULL
city: Nashua
state: NH
postalCode: 62005
country: USA
salesRepEmployeeNumber: 1216
creditLimit: 114200.00
customerNumber: 363
checkNumber: HL575273
paymentDate: 2004-11-17
amount: 50799.69
************\*\*\************* 39. row ************\*\*\*************
customerNumber: 161
customerName: Technics Stores Inc.
contactLastName: Hashimoto
contactFirstName: Juri
phone: 6505556809
addressLine1: 9408 Furth Circle
addressLine2: NULL
city: Burlingame
state: CA
postalCode: 94217
country: USA
salesRepEmployeeNumber: 1165
creditLimit: 84600.00
customerNumber: 161
checkNumber: BR478494
paymentDate: 2003-11-18
amount: 50743.65
************\*\*\************* 40. row ************\*\*\*************
customerNumber: 205
customerName: Toys4GrownUps.com
contactLastName: Young
contactFirstName: Julie
phone: 6265557265
addressLine1: 78934 Hillside Dr.
addressLine2: NULL
city: Pasadena
state: CA
postalCode: 90003
country: USA
salesRepEmployeeNumber: 1166
creditLimit: 90700.00
customerNumber: 205
checkNumber: LL562733
paymentDate: 2003-09-05
amount: 50342.74
************\*\*\************* 41. row ************\*\*\*************
customerNumber: 121
customerName: Baane Mini Imports
contactLastName: Bergulfsen
contactFirstName: Jonas
phone: 07-98 9555
addressLine1: Erling Skakkes gate 78
addressLine2: NULL
city: Stavern
state: NULL
postalCode: 4110
country: Norway
salesRepEmployeeNumber: 1504
creditLimit: 81700.00
customerNumber: 121
checkNumber: DB889831
paymentDate: 2003-02-16
amount: 50218.95
************\*\*\************* 42. row ************\*\*\*************
customerNumber: 131
customerName: Land of Toys Inc.
contactLastName: Lee
contactFirstName: Kwai
phone: 2125557818
addressLine1: 897 Long Airport Avenue
addressLine2: NULL
city: NYC
state: NY
postalCode: 10022
country: USA
salesRepEmployeeNumber: 1323
creditLimit: 114900.00
customerNumber: 131
checkNumber: MA724562
paymentDate: 2004-12-02
amount: 50025.35
************\*\*\************* 43. row ************\*\*\*************
customerNumber: 353
customerName: Reims Collectables
contactLastName: Henriot
contactFirstName: Paul
phone: 26.47.1555
addressLine1: 59 rue de l'Abbaye
addressLine2: NULL
city: Reims
state: NULL
postalCode: 51100
country: France
salesRepEmployeeNumber: 1337
creditLimit: 81100.00
customerNumber: 353
checkNumber: CO351193
paymentDate: 2005-01-10
amount: 49705.52
************\*\*\************* 44. row ************\*\*\*************
customerNumber: 146
customerName: Saveley & Henriot, Co.
contactLastName: Saveley
contactFirstName: Mary
phone: 78.32.5555
addressLine1: 2, rue du Commerce
addressLine2: NULL
city: Lyon
state: NULL
postalCode: 69004
country: France
salesRepEmployeeNumber: 1337
creditLimit: 123900.00
customerNumber: 146
checkNumber: FU793410
paymentDate: 2004-01-16
amount: 49614.72
************\*\*\************* 45. row ************\*\*\*************
customerNumber: 141
customerName: Euro+ Shopping Channel
contactLastName: Freyre
contactFirstName: Diego
phone: (91) 555 94 44
addressLine1: C/ Moralzarzal, 86
addressLine2: NULL
city: Madrid
state: NULL
postalCode: 28034
country: Spain
salesRepEmployeeNumber: 1370
creditLimit: 227600.00
customerNumber: 141
checkNumber: JN355280
paymentDate: 2003-10-26
amount: 49539.37
************\*\*\************* 46. row ************\*\*\*************
customerNumber: 119
customerName: La Rochelle Gifts
contactLastName: Labrune
contactFirstName: Janine
phone: 40.67.8555
addressLine1: 67, rue des Cinquante Otages
addressLine2: NULL
city: Nantes
state: NULL
postalCode: 44000
country: France
salesRepEmployeeNumber: 1370
creditLimit: 118200.00
customerNumber: 119
checkNumber: NG94694
paymentDate: 2005-02-22
amount: 49523.67
************\*\*\************* 47. row ************\*\*\*************
customerNumber: 406
customerName: Auto Canal+ Petit
contactLastName: Perrier
contactFirstName: Dominique
phone: (1) 47.55.6555
addressLine1: 25, rue Lauriston
addressLine2: NULL
city: Paris
state: NULL
postalCode: 75016
country: France
salesRepEmployeeNumber: 1337
creditLimit: 95000.00
customerNumber: 406
checkNumber: HJ217687
paymentDate: 2004-01-28
amount: 49165.16
************\*\*\************* 48. row ************\*\*\*************
customerNumber: 398
customerName: Tokyo Collectables, Ltd
contactLastName: Shimamura
contactFirstName: Akiko
phone: +81 3 3584 0555
addressLine1: 2-2-8 Roppongi
addressLine2: NULL
city: Minato-ku
state: Tokyo
postalCode: 106-0032
country: Japan
salesRepEmployeeNumber: 1621
creditLimit: 94400.00
customerNumber: 398
checkNumber: KB54275
paymentDate: 2004-11-29
amount: 48927.64
************\*\*\************* 49. row ************\*\*\*************
customerNumber: 448
customerName: Scandinavian Gift Ideas
contactLastName: Larsson
contactFirstName: Martha
phone: 0695-34 6555
addressLine1: Åkergatan 24
addressLine2: NULL
city: Bräcke
state: NULL
postalCode: S-844 67
country: Sweden
salesRepEmployeeNumber: 1504
creditLimit: 116400.00
customerNumber: 448
checkNumber: KR822727
paymentDate: 2004-09-30
amount: 48809.90
************\*\*\************* 50. row ************\*\*\*************
customerNumber: 187
customerName: AV Stores, Co.
contactLastName: Ashworth
contactFirstName: Rachel
phone: (171) 555-1555
addressLine1: Fauntleroy Circus
addressLine2: NULL
city: Manchester
state: NULL
postalCode: EC2 5NT
country: UK
salesRepEmployeeNumber: 1501
creditLimit: 136800.00
customerNumber: 187
checkNumber: KL124726
paymentDate: 2003-03-27
amount: 48425.69
************\*\*\************* 51. row ************\*\*\*************
customerNumber: 462
customerName: FunGiftIdeas.com
contactLastName: Benitez
contactFirstName: Violeta
phone: 5085552555
addressLine1: 1785 First Street
addressLine2: NULL
city: New Bedford
state: MA
postalCode: 50553
country: USA
salesRepEmployeeNumber: 1216
creditLimit: 85800.00
customerNumber: 462
checkNumber: PE176846
paymentDate: 2004-11-27
amount: 48355.87
************\*\*\************* 52. row ************\*\*\*************
customerNumber: 249
customerName: Amica Models & Co.
contactLastName: Accorti
contactFirstName: Paolo
phone: 011-4988555
addressLine1: Via Monte Bianco 34
addressLine2: NULL
city: Torino
state: NULL
postalCode: 10100
country: Italy
salesRepEmployeeNumber: 1401
creditLimit: 113000.00
customerNumber: 249
checkNumber: NE404084
paymentDate: 2004-09-04
amount: 48298.99
************\*\*\************* 53. row ************\*\*\*************
customerNumber: 119
customerName: La Rochelle Gifts
contactLastName: Labrune
contactFirstName: Janine
phone: 40.67.8555
addressLine1: 67, rue des Cinquante Otages
addressLine2: NULL
city: Nantes
state: NULL
postalCode: 44000
country: France
salesRepEmployeeNumber: 1370
creditLimit: 118200.00
customerNumber: 119
checkNumber: LN373447
paymentDate: 2004-08-08
amount: 47924.19
************\*\*\************* 54. row ************\*\*\*************
customerNumber: 484
customerName: Iberia Gift Imports, Corp.
contactLastName: Roel
contactFirstName: José Pedro
phone: (95) 555 82 82
addressLine1: C/ Romero, 33
addressLine2: NULL
city: Sevilla
state: NULL
postalCode: 41101
country: Spain
salesRepEmployeeNumber: 1702
creditLimit: 65700.00
customerNumber: 484
checkNumber: JH546765
paymentDate: 2003-11-29
amount: 47513.19
************\*\*\************* 55. row ************\*\*\*************
customerNumber: 286
customerName: Marta's Replicas Co.
contactLastName: Hernandez
contactFirstName: Marta
phone: 6175558555
addressLine1: 39323 Spinnaker Dr.
addressLine2: NULL
city: Cambridge
state: MA
postalCode: 51247
country: USA
salesRepEmployeeNumber: 1216
creditLimit: 123700.00
customerNumber: 286
checkNumber: DR578578
paymentDate: 2004-10-28
amount: 47411.33
************\*\*\************* 56. row ************\*\*\*************
customerNumber: 298
customerName: Vida Sport, Ltd
contactLastName: Holz
contactFirstName: Mihael
phone: 0897-034555
addressLine1: Grenzacherweg 237
addressLine2: NULL
city: Genève
state: NULL
postalCode: 1203
country: Switzerland
salesRepEmployeeNumber: 1702
creditLimit: 141300.00
customerNumber: 298
checkNumber: AJ574927
paymentDate: 2004-03-13
amount: 47375.92
************\*\*\************* 57. row ************\*\*\*************
customerNumber: 177
customerName: Osaka Souveniers Co.
contactLastName: Kentary
contactFirstName: Mory
phone: +81 06 6342 5555
addressLine1: 1-6-20 Dojima
addressLine2: NULL
city: Kita-ku
state: Osaka
postalCode: 530-0003
country: Japan
salesRepEmployeeNumber: 1621
creditLimit: 81200.00
customerNumber: 177
checkNumber: CI381435
paymentDate: 2004-01-19
amount: 47177.59
************\*\*\************* 58. row ************\*\*\*************
customerNumber: 187
customerName: AV Stores, Co.
contactLastName: Ashworth
contactFirstName: Rachel
phone: (171) 555-1555
addressLine1: Fauntleroy Circus
addressLine2: NULL
city: Manchester
state: NULL
postalCode: EC2 5NT
country: UK
salesRepEmployeeNumber: 1501
creditLimit: 136800.00
customerNumber: 187
checkNumber: BQ39062
paymentDate: 2004-12-08
amount: 47159.11
************\*\*\************* 59. row ************\*\*\*************
customerNumber: 124
customerName: Mini Gifts Distributors Ltd.
contactLastName: Nelson
contactFirstName: Susan
phone: 4155551450
addressLine1: 5677 Strong St.
addressLine2: NULL
city: San Rafael
state: CA
postalCode: 97562
country: USA
salesRepEmployeeNumber: 1165
creditLimit: 210500.00
customerNumber: 124
checkNumber: HI366474
paymentDate: 2004-12-27
amount: 47142.70
************\*\*\************* 60. row ************\*\*\*************
customerNumber: 141
customerName: Euro+ Shopping Channel
contactLastName: Freyre
contactFirstName: Diego
phone: (91) 555 94 44
addressLine1: C/ Moralzarzal, 86
addressLine2: NULL
city: Madrid
state: NULL
postalCode: 28034
country: Spain
salesRepEmployeeNumber: 1370
creditLimit: 227600.00
customerNumber: 141
checkNumber: DL460618
paymentDate: 2005-05-19
amount: 46895.48
************\*\*\************* 61. row ************\*\*\*************
customerNumber: 240
customerName: giftsbymail.co.uk
contactLastName: Bennett
contactFirstName: Helen
phone: (198) 555-8888
addressLine1: Garden House
addressLine2: Crowther Way 23
city: Cowes
state: Isle of Wight
postalCode: PO31 7PJ
country: UK
salesRepEmployeeNumber: 1501
creditLimit: 93900.00
customerNumber: 240
checkNumber: IF245157
paymentDate: 2004-11-16
amount: 46788.14
************\*\*\************* 62. row ************\*\*\*************
customerNumber: 321
customerName: Corporate Gift Ideas Co.
contactLastName: Brown
contactFirstName: Julie
phone: 6505551386
addressLine1: 7734 Strong St.
addressLine2: NULL
city: San Francisco
state: CA
postalCode: 94217
country: USA
salesRepEmployeeNumber: 1165
creditLimit: 105000.00
customerNumber: 321
checkNumber: LA556321
paymentDate: 2005-03-15
amount: 46781.66
************\*\*\************* 63. row ************\*\*\*************
customerNumber: 311
customerName: Oulu Toy Supplies, Inc.
contactLastName: Koskitalo
contactFirstName: Pirkko
phone: 981-443655
addressLine1: Torikatu 38
addressLine2: NULL
city: Oulu
state: NULL
postalCode: 90110
country: Finland
salesRepEmployeeNumber: 1501
creditLimit: 90500.00
customerNumber: 311
checkNumber: DG336041
paymentDate: 2005-02-15
amount: 46770.52
************\*\*\************* 64. row ************\*\*\*************
customerNumber: 353
customerName: Reims Collectables
contactLastName: Henriot
contactFirstName: Paul
phone: 26.47.1555
addressLine1: 59 rue de l'Abbaye
addressLine2: NULL
city: Reims
state: NULL
postalCode: 51100
country: France
salesRepEmployeeNumber: 1337
creditLimit: 81100.00
customerNumber: 353
checkNumber: HJ618252
paymentDate: 2005-06-09
amount: 46656.94
************\*\*\************* 65. row ************\*\*\*************
customerNumber: 486
customerName: Motor Mint Distributors Inc.
contactLastName: Salazar
contactFirstName: Rosa
phone: 2155559857
addressLine1: 11328 Douglas Av.
addressLine2: NULL
city: Philadelphia
state: PA
postalCode: 71270
country: USA
salesRepEmployeeNumber: 1323
creditLimit: 72600.00
customerNumber: 486
checkNumber: HS86661
paymentDate: 2004-11-23
amount: 45994.07
************\*\*\************* 66. row ************\*\*\*************
customerNumber: 114
customerName: Australian Collectors, Co.
contactLastName: Ferguson
contactFirstName: Peter
phone: 03 9520 4555
addressLine1: 636 St Kilda Road
addressLine2: Level 3
city: Melbourne
state: Victoria
postalCode: 3004
country: Australia
salesRepEmployeeNumber: 1611
creditLimit: 117300.00
customerNumber: 114
checkNumber: GG31455
paymentDate: 2003-05-20
amount: 45864.03
************\*\*\************* 67. row ************\*\*\*************
customerNumber: 334
customerName: Suominen Souveniers
contactLastName: Suominen
contactFirstName: Kalle
phone: +358 9 8045 555
addressLine1: Software Engineering Center
addressLine2: SEC Oy
city: Espoo
state: NULL
postalCode: FIN-02271
country: Finland
salesRepEmployeeNumber: 1501
creditLimit: 98800.00
customerNumber: 334
checkNumber: CS435306
paymentDate: 2005-01-27
amount: 45785.34
************\*\*\************* 68. row ************\*\*\*************
customerNumber: 211
customerName: King Kong Collectables, Co.
contactLastName: Gao
contactFirstName: Mike
phone: +852 2251 1555
addressLine1: Bank of China Tower
addressLine2: 1 Garden Road
city: Central Hong Kong
state: NULL
postalCode: NULL
country: Hong Kong
salesRepEmployeeNumber: 1621
creditLimit: 58600.00
customerNumber: 211
checkNumber: BJ535230
paymentDate: 2003-12-09
amount: 45480.79
************\*\*\************* 69. row ************\*\*\*************
customerNumber: 314
customerName: Petit Auto
contactLastName: Dewey
contactFirstName: Catherine
phone: (02) 5554 67
addressLine1: Rue Joseph-Bens 532
addressLine2: NULL
city: Bruxelles
state: NULL
postalCode: B-1180
country: Belgium
salesRepEmployeeNumber: 1401
creditLimit: 79900.00
customerNumber: 314
checkNumber: LQ244073
paymentDate: 2004-08-09
amount: 45352.47
************\*\*\************* 70. row ************\*\*\*************
customerNumber: 124
customerName: Mini Gifts Distributors Ltd.
contactLastName: Nelson
contactFirstName: Susan
phone: 4155551450
addressLine1: 5677 Strong St.
addressLine2: NULL
city: San Rafael
state: CA
postalCode: 97562
country: USA
salesRepEmployeeNumber: 1165
creditLimit: 210500.00
customerNumber: 124
checkNumber: NT141748
paymentDate: 2003-11-25
amount: 45084.38
************\*\*\************* 71. row ************\*\*\*************
customerNumber: 114
customerName: Australian Collectors, Co.
contactLastName: Ferguson
contactFirstName: Peter
phone: 03 9520 4555
addressLine1: 636 St Kilda Road
addressLine2: Level 3
city: Melbourne
state: Victoria
postalCode: 3004
country: Australia
salesRepEmployeeNumber: 1611
creditLimit: 117300.00
customerNumber: 114
checkNumber: NR27552
paymentDate: 2004-03-10
amount: 44894.74
************\*\*\************* 72. row ************\*\*\*************
customerNumber: 181
customerName: Vitachrome Inc.
contactLastName: Frick
contactFirstName: Michael
phone: 2125551500
addressLine1: 2678 Kingston Rd.
addressLine2: Suite 101
city: NYC
state: NY
postalCode: 10022
country: USA
salesRepEmployeeNumber: 1286
creditLimit: 76400.00
customerNumber: 181
checkNumber: OH367219
paymentDate: 2004-11-16
amount: 44400.50
************\*\*\************* 73. row ************\*\*\*************
customerNumber: 148
customerName: Dragon Souveniers, Ltd.
contactLastName: Natividad
contactFirstName: Eric
phone: +65 221 7555
addressLine1: Bronz Sok.
addressLine2: Bronz Apt. 3/6 Tesvikiye
city: Singapore
state: NULL
postalCode: 079903
country: Singapore
salesRepEmployeeNumber: 1621
creditLimit: 103800.00
customerNumber: 148
checkNumber: BI507030
paymentDate: 2003-04-22
amount: 44380.15
************\*\*\************* 74. row ************\*\*\*************
customerNumber: 166
customerName: Handji Gifts& Co
contactLastName: Victorino
contactFirstName: Wendy
phone: +65 224 1555
addressLine1: 106 Linden Road Sandown
addressLine2: 2nd Floor
city: Singapore
state: NULL
postalCode: 069045
country: Singapore
salesRepEmployeeNumber: 1612
creditLimit: 97900.00
customerNumber: 166
checkNumber: DC979307
paymentDate: 2004-07-07
amount: 44160.92
************\*\*\************* 75. row ************\*\*\*************
customerNumber: 124
customerName: Mini Gifts Distributors Ltd.
contactLastName: Nelson
contactFirstName: Susan
phone: 4155551450
addressLine1: 5677 Strong St.
addressLine2: NULL
city: San Rafael
state: CA
postalCode: 97562
country: USA
salesRepEmployeeNumber: 1165
creditLimit: 210500.00
customerNumber: 124
checkNumber: LF217299
paymentDate: 2004-03-26
amount: 43369.30
************\*\*\************* 76. row ************\*\*\*************
customerNumber: 286
customerName: Marta's Replicas Co.
contactLastName: Hernandez
contactFirstName: Marta
phone: 6175558555
addressLine1: 39323 Spinnaker Dr.
addressLine2: NULL
city: Cambridge
state: MA
postalCode: 51247
country: USA
salesRepEmployeeNumber: 1216
creditLimit: 123700.00
customerNumber: 286
checkNumber: KH910279
paymentDate: 2004-09-05
amount: 43134.04
************\*\*\************* 77. row ************\*\*\*************
customerNumber: 382
customerName: Salzburg Collectables
contactLastName: Pipps
contactFirstName: Georg
phone: 6562-9555
addressLine1: Geislweg 14
addressLine2: NULL
city: Salzburg
state: NULL
postalCode: 5020
country: Austria
salesRepEmployeeNumber: 1401
creditLimit: 71700.00
customerNumber: 382
checkNumber: PH29054
paymentDate: 2004-11-27
amount: 42813.83
************\*\*\************* 78. row ************\*\*\*************
customerNumber: 171
customerName: Daedalus Designs Imports
contactLastName: Rancé
contactFirstName: Martine
phone: 20.16.1555
addressLine1: 184, chaussée de Tournai
addressLine2: NULL
city: Lille
state: NULL
postalCode: 59000
country: France
salesRepEmployeeNumber: 1370
creditLimit: 82900.00
customerNumber: 171
checkNumber: IL104425
paymentDate: 2003-11-22
amount: 42783.81
************\*\*\************* 79. row ************\*\*\*************
customerNumber: 319
customerName: Mini Classics
contactLastName: Frick
contactFirstName: Steve
phone: 9145554562
addressLine1: 3758 North Pendale Street
addressLine2: NULL
city: White Plains
state: NY
postalCode: 24067
country: USA
salesRepEmployeeNumber: 1323
creditLimit: 102700.00
customerNumber: 319
checkNumber: HL685576
paymentDate: 2004-11-06
amount: 42339.76
************\*\*\************* 80. row ************\*\*\*************
customerNumber: 175
customerName: Gift Depot Inc.
contactLastName: King
contactFirstName: Julie
phone: 2035552570
addressLine1: 25593 South Bay Ln.
addressLine2: NULL
city: Bridgewater
state: CT
postalCode: 97562
country: USA
salesRepEmployeeNumber: 1323
creditLimit: 84300.00
customerNumber: 175
checkNumber: PI15215
paymentDate: 2004-07-10
amount: 42044.77
************\*\*\************* 81. row ************\*\*\*************
customerNumber: 276
customerName: Anna's Decorations, Ltd
contactLastName: O'Hara
contactFirstName: Anna
phone: 02 9936 8555
addressLine1: 201 Miller Street
addressLine2: Level 15
city: North Sydney
state: NSW
postalCode: 2060
country: Australia
salesRepEmployeeNumber: 1611
creditLimit: 107800.00
customerNumber: 276
checkNumber: LE432182
paymentDate: 2003-09-28
amount: 41554.73
************\*\*\************* 82. row ************\*\*\*************
customerNumber: 320
customerName: Mini Creations Ltd.
contactLastName: Huang
contactFirstName: Wing
phone: 5085559555
addressLine1: 4575 Hillside Dr.
addressLine2: NULL
city: New Bedford
state: MA
postalCode: 50553
country: USA
salesRepEmployeeNumber: 1188
creditLimit: 94500.00
customerNumber: 320
checkNumber: HO576374
paymentDate: 2003-08-20
amount: 41016.75
************\*\*\************* 83. row ************\*\*\*************
customerNumber: 146
customerName: Saveley & Henriot, Co.
contactLastName: Saveley
contactFirstName: Mary
phone: 78.32.5555
addressLine1: 2, rue du Commerce
addressLine2: NULL
city: Lyon
state: NULL
postalCode: 69004
country: France
salesRepEmployeeNumber: 1337
creditLimit: 123900.00
customerNumber: 146
checkNumber: FP549817
paymentDate: 2004-03-18
amount: 40978.53
************\*\*\************* 84. row ************\*\*\*************
customerNumber: 216
customerName: Enaco Distributors
contactLastName: Saavedra
contactFirstName: Eduardo
phone: (93) 203 4555
addressLine1: Rambla de Cataluña, 23
addressLine2: NULL
city: Barcelona
state: NULL
postalCode: 08022
country: Spain
salesRepEmployeeNumber: 1702
creditLimit: 60300.00
customerNumber: 216
checkNumber: MM342086
paymentDate: 2003-12-14
amount: 40473.86
************\*\*\************* 85. row ************\*\*\*************
customerNumber: 141
customerName: Euro+ Shopping Channel
contactLastName: Freyre
contactFirstName: Diego
phone: (91) 555 94 44
addressLine1: C/ Moralzarzal, 86
addressLine2: NULL
city: Madrid
state: NULL
postalCode: 28034
country: Spain
salesRepEmployeeNumber: 1370
creditLimit: 227600.00
customerNumber: 141
checkNumber: JN722010
paymentDate: 2003-02-25
amount: 40206.20
************\*\*\************* 86. row ************\*\*\*************
customerNumber: 151
customerName: Muscle Machine Inc
contactLastName: Young
contactFirstName: Jeff
phone: 2125557413
addressLine1: 4092 Furth Circle
addressLine2: Suite 400
city: NYC
state: NY
postalCode: 10022
country: USA
salesRepEmployeeNumber: 1286
creditLimit: 138500.00
customerNumber: 151
checkNumber: KI884577
paymentDate: 2004-12-14
amount: 39964.63
************\*\*\************* 87. row ************\*\*\*************
customerNumber: 146
customerName: Saveley & Henriot, Co.
contactLastName: Saveley
contactFirstName: Mary
phone: 78.32.5555
addressLine1: 2, rue du Commerce
addressLine2: NULL
city: Lyon
state: NULL
postalCode: 69004
country: France
salesRepEmployeeNumber: 1337
creditLimit: 123900.00
customerNumber: 146
checkNumber: LJ160635
paymentDate: 2003-12-10
amount: 39712.10
************\*\*\************* 88. row ************\*\*\*************
customerNumber: 205
customerName: Toys4GrownUps.com
contactLastName: Young
contactFirstName: Julie
phone: 6265557265
addressLine1: 78934 Hillside Dr.
addressLine2: NULL
city: Pasadena
state: CA
postalCode: 90003
country: USA
salesRepEmployeeNumber: 1166
creditLimit: 90700.00
customerNumber: 205
checkNumber: NM739638
paymentDate: 2005-02-06
amount: 39580.60
************\*\*\************* 89. row ************\*\*\*************
customerNumber: 323
customerName: Down Under Souveniers, Inc
contactLastName: Graham
contactFirstName: Mike
phone: +64 9 312 5555
addressLine1: 162-164 Grafton Road
addressLine2: Level 2
city: Auckland  
 state: NULL
postalCode: NULL
country: New Zealand
salesRepEmployeeNumber: 1612
creditLimit: 88000.00
customerNumber: 323
checkNumber: PQ803830
paymentDate: 2004-12-24
amount: 39440.59
************\*\*\************* 90. row ************\*\*\*************
customerNumber: 166
customerName: Handji Gifts& Co
contactLastName: Victorino
contactFirstName: Wendy
phone: +65 224 1555
addressLine1: 106 Linden Road Sandown
addressLine2: 2nd Floor
city: Singapore
state: NULL
postalCode: 069045
country: Singapore
salesRepEmployeeNumber: 1612
creditLimit: 97900.00
customerNumber: 166
checkNumber: BQ327613
paymentDate: 2004-09-16
amount: 38785.48
************\*\*\************* 91. row ************\*\*\*************
customerNumber: 161
customerName: Technics Stores Inc.
contactLastName: Hashimoto
contactFirstName: Juri
phone: 6505556809
addressLine1: 9408 Furth Circle
addressLine2: NULL
city: Burlingame
state: CA
postalCode: 94217
country: USA
salesRepEmployeeNumber: 1165
creditLimit: 84600.00
customerNumber: 161
checkNumber: NI908214
paymentDate: 2003-08-05
amount: 38675.13
************\*\*\************* 92. row ************\*\*\*************
customerNumber: 276
customerName: Anna's Decorations, Ltd
contactLastName: O'Hara
contactFirstName: Anna
phone: 02 9936 8555
addressLine1: 201 Miller Street
addressLine2: Level 15
city: North Sydney
state: NSW
postalCode: 2060
country: Australia
salesRepEmployeeNumber: 1611
creditLimit: 107800.00
customerNumber: 276
checkNumber: KM841847
paymentDate: 2003-11-13
amount: 38547.19
************\*\*\************* 93. row ************\*\*\*************
customerNumber: 386
customerName: L'ordine Souveniers
contactLastName: Moroni
contactFirstName: Maurizio
phone: 0522-556555
addressLine1: Strada Provinciale 124
addressLine2: NULL
city: Reggio Emilia
state: NULL
postalCode: 42100
country: Italy
salesRepEmployeeNumber: 1401
creditLimit: 121400.00
customerNumber: 386
checkNumber: DO106109
paymentDate: 2003-11-18
amount: 38524.29
************\*\*\************* 94. row ************\*\*\*************
customerNumber: 455
customerName: Super Scale Inc.
contactLastName: Murphy
contactFirstName: Leslie
phone: 2035559545
addressLine1: 567 North Pendale Street
addressLine2: NULL
city: New Haven
state: CT
postalCode: 97823
country: USA
salesRepEmployeeNumber: 1286
creditLimit: 95400.00
customerNumber: 455
checkNumber: HA777606
paymentDate: 2003-12-05
amount: 38139.18
************\*\*\************* 95. row ************\*\*\*************
customerNumber: 278
customerName: Rovelli Gifts
contactLastName: Rovelli
contactFirstName: Giovanni
phone: 035-640555
addressLine1: Via Ludovico il Moro 22
addressLine2: NULL
city: Bergamo
state: NULL
postalCode: 24100
country: Italy
salesRepEmployeeNumber: 1401
creditLimit: 119600.00
customerNumber: 278
checkNumber: NI983021
paymentDate: 2003-11-24
amount: 37723.79
************\*\*\************* 96. row ************\*\*\*************
customerNumber: 278
customerName: Rovelli Gifts
contactLastName: Rovelli
contactFirstName: Giovanni
phone: 035-640555
addressLine1: Via Ludovico il Moro 22
addressLine2: NULL
city: Bergamo
state: NULL
postalCode: 24100
country: Italy
salesRepEmployeeNumber: 1401
creditLimit: 119600.00
customerNumber: 278
checkNumber: BJ483870
paymentDate: 2004-12-05
amount: 37654.09
************\*\*\************* 97. row ************\*\*\*************
customerNumber: 186
customerName: Toys of Finland, Co.
contactLastName: Karttunen
contactFirstName: Matti
phone: 90-224 8555
addressLine1: Keskuskatu 45
addressLine2: NULL
city: Helsinki
state: NULL
postalCode: 21240
country: Finland
salesRepEmployeeNumber: 1501
creditLimit: 96500.00
customerNumber: 186
checkNumber: AK412714
paymentDate: 2003-10-27
amount: 37602.48
************\*\*\************* 98. row ************\*\*\*************
customerNumber: 260
customerName: Royal Canadian Collectables, Ltd.
contactLastName: Lincoln
contactFirstName: Elizabeth
phone: (604) 555-4555
addressLine1: 23 Tsawassen Blvd.
addressLine2: NULL
city: Tsawassen
state: BC
postalCode: T2F 8M4
country: Canada
salesRepEmployeeNumber: 1323
creditLimit: 89600.00
customerNumber: 260
checkNumber: IO164641
paymentDate: 2004-08-30
amount: 37527.58
************\*\*\************* 99. row ************\*\*\*************
customerNumber: 324
customerName: Stylish Desk Decors, Co.
contactLastName: Brown
contactFirstName: Ann
phone: (171) 555-0297
addressLine1: 35 King George
addressLine2: NULL
city: London
state: NULL
postalCode: WX3 6FW
country: UK
salesRepEmployeeNumber: 1501
creditLimit: 77000.00
customerNumber: 324
checkNumber: HB150714
paymentDate: 2003-11-23
amount: 37455.77
************\*\*\************* 100. row ************\*\*\*************
customerNumber: 323
customerName: Down Under Souveniers, Inc
contactLastName: Graham
contactFirstName: Mike
phone: +64 9 312 5555
addressLine1: 162-164 Grafton Road
addressLine2: Level 2
city: Auckland  
 state: NULL
postalCode: NULL
country: New Zealand
salesRepEmployeeNumber: 1612
creditLimit: 88000.00
customerNumber: 323
checkNumber: ES347491
paymentDate: 2004-06-24
amount: 37281.36
************\*\*\************* 101. row ************\*\*\*************
customerNumber: 201
customerName: UK Collectables, Ltd.
contactLastName: Devon
contactFirstName: Elizabeth
phone: (171) 555-2282
addressLine1: 12, Berkeley Gardens Blvd
addressLine2: NULL
city: Liverpool
state: NULL
postalCode: WX1 6LT
country: UK
salesRepEmployeeNumber: 1501
creditLimit: 92700.00
customerNumber: 201
checkNumber: OO846801
paymentDate: 2004-06-15
amount: 37258.94
************\*\*\************* 102. row ************\*\*\*************
customerNumber: 299
customerName: Norway Gifts By Mail, Co.
contactLastName: Klaeboe
contactFirstName: Jan
phone: +47 2212 1555
addressLine1: Drammensveien 126A
addressLine2: PB 211 Sentrum
city: Oslo
state: NULL
postalCode: N 0106
country: Norway  
salesRepEmployeeNumber: 1504
creditLimit: 95100.00
customerNumber: 299
checkNumber: AD304085
paymentDate: 2003-10-24
amount: 36798.88
************\*\*\************* 103. row ************\*\*\*************
customerNumber: 202
customerName: Canadian Gift Exchange Network
contactLastName: Tamuri
contactFirstName: Yoshi
phone: (604) 555-3392
addressLine1: 1900 Oak St.
addressLine2: NULL
city: Vancouver
state: BC
postalCode: V3F 2K1
country: Canada
salesRepEmployeeNumber: 1323
creditLimit: 90300.00
customerNumber: 202
checkNumber: HI358554
paymentDate: 2003-12-18
amount: 36527.61
************\*\*\************* 104. row ************\*\*\*************
customerNumber: 357
customerName: GiftsForHim.com
contactLastName: MacKinlay
contactFirstName: Wales
phone: 64-9-3763555
addressLine1: 199 Great North Road
addressLine2: NULL
city: Auckland
state: NULL
postalCode: NULL
country: New Zealand
salesRepEmployeeNumber: 1612
creditLimit: 77700.00
customerNumber: 357
checkNumber: NB291497
paymentDate: 2004-05-15
amount: 36442.34
************\*\*\************* 105. row ************\*\*\*************
customerNumber: 141
customerName: Euro+ Shopping Channel
contactLastName: Freyre
contactFirstName: Diego
phone: (91) 555 94 44
addressLine1: C/ Moralzarzal, 86
addressLine2: NULL
city: Madrid
state: NULL
postalCode: 28034
country: Spain
salesRepEmployeeNumber: 1370
creditLimit: 227600.00
customerNumber: 141
checkNumber: AU364101
paymentDate: 2003-07-19
amount: 36251.03
************\*\*\************* 106. row ************\*\*\*************
customerNumber: 227
customerName: Heintze Collectables
contactLastName: Ibsen
contactFirstName: Palle
phone: 86 21 3555
addressLine1: Smagsloget 45
addressLine2: NULL
city: Århus
state: NULL
postalCode: 8200
country: Denmark
salesRepEmployeeNumber: 1401
creditLimit: 120800.00
customerNumber: 227
checkNumber: MQ413968
paymentDate: 2003-10-31
amount: 36164.46
************\*\*\************* 107. row ************\*\*\*************
customerNumber: 141
customerName: Euro+ Shopping Channel
contactLastName: Freyre
contactFirstName: Diego
phone: (91) 555 94 44
addressLine1: C/ Moralzarzal, 86
addressLine2: NULL
city: Madrid
state: NULL
postalCode: 28034
country: Spain
salesRepEmployeeNumber: 1370
creditLimit: 227600.00
customerNumber: 141
checkNumber: DB583216
paymentDate: 2004-11-01
amount: 36140.38
************\*\*\************* 108. row ************\*\*\*************
customerNumber: 319
customerName: Mini Classics
contactLastName: Frick
contactFirstName: Steve
phone: 9145554562
addressLine1: 3758 North Pendale Street
addressLine2: NULL
city: White Plains
state: NY
postalCode: 24067
country: USA
salesRepEmployeeNumber: 1323
creditLimit: 102700.00
customerNumber: 319
checkNumber: OM548174
paymentDate: 2003-12-07
amount: 36092.40
************\*\*\************* 109. row ************\*\*\*************
customerNumber: 475
customerName: West Coast Collectables Co.
contactLastName: Thompson
contactFirstName: Steve
phone: 3105553722
addressLine1: 3675 Furth Circle
addressLine2: NULL
city: Burbank
state: CA
postalCode: 94019
country: USA
salesRepEmployeeNumber: 1166
creditLimit: 55400.00
customerNumber: 475
checkNumber: PB951268
paymentDate: 2004-02-13
amount: 36070.47
************\*\*\************* 110. row ************\*\*\*************
customerNumber: 209
customerName: Mini Caravy
contactLastName: Citeaux
contactFirstName: Frédérique
phone: 88.60.1555
addressLine1: 24, place Kléber
addressLine2: NULL
city: Strasbourg
state: NULL
postalCode: 67000
country: France
salesRepEmployeeNumber: 1370
creditLimit: 53800.00
customerNumber: 209
checkNumber: PH785937
paymentDate: 2004-05-04
amount: 36069.26
************\*\*\************* 111. row ************\*\*\*************
customerNumber: 144
customerName: Volvo Model Replicas, Co
contactLastName: Berglund
contactFirstName: Christina
phone: 0921-12 3555
addressLine1: Berguvsvägen 8
addressLine2: NULL
city: Luleå
state: NULL
postalCode: S-958 22
country: Sweden
salesRepEmployeeNumber: 1504
creditLimit: 53100.00
customerNumber: 144
checkNumber: IR846303
paymentDate: 2004-12-12
amount: 36005.71
************\*\*\************* 112. row ************\*\*\*************
customerNumber: 382
customerName: Salzburg Collectables
contactLastName: Pipps
contactFirstName: Georg
phone: 6562-9555
addressLine1: Geislweg 14
addressLine2: NULL
city: Salzburg
state: NULL
postalCode: 5020
country: Austria
salesRepEmployeeNumber: 1401
creditLimit: 71700.00
customerNumber: 382
checkNumber: CC871084
paymentDate: 2003-05-12
amount: 35826.33
************\*\*\************* 113. row ************\*\*\*************
customerNumber: 282
customerName: Souveniers And Things Co.
contactLastName: Huxley
contactFirstName: Adrian
phone: +61 2 9495 8555
addressLine1: Monitor Money Building
addressLine2: 815 Pacific Hwy
city: Chatswood
state: NSW
postalCode: 2067
country: Australia
salesRepEmployeeNumber: 1611
creditLimit: 93300.00
customerNumber: 282
checkNumber: JT819493
paymentDate: 2004-08-02
amount: 35806.73
************\*\*\************* 114. row ************\*\*\*************
customerNumber: 471
customerName: Australian Collectables, Ltd
contactLastName: Clenahan
contactFirstName: Sean
phone: 61-9-3844-6555
addressLine1: 7 Allen Street
addressLine2: NULL
city: Glen Waverly
state: Victoria
postalCode: 3150
country: Australia
salesRepEmployeeNumber: 1611
creditLimit: 60300.00
customerNumber: 471
checkNumber: CO645196
paymentDate: 2003-12-10
amount: 35505.63
************\*\*\************* 115. row ************\*\*\*************
customerNumber: 141
customerName: Euro+ Shopping Channel
contactLastName: Freyre
contactFirstName: Diego
phone: (91) 555 94 44
addressLine1: C/ Moralzarzal, 86
addressLine2: NULL
city: Madrid
state: NULL
postalCode: 28034
country: Spain
salesRepEmployeeNumber: 1370
creditLimit: 227600.00
customerNumber: 141
checkNumber: MC46946
paymentDate: 2004-07-09
amount: 35420.74
************\*\*\************* 116. row ************\*\*\*************
customerNumber: 131
customerName: Land of Toys Inc.
contactLastName: Lee
contactFirstName: Kwai
phone: 2125557818
addressLine1: 897 Long Airport Avenue
addressLine2: NULL
city: NYC
state: NY
postalCode: 10022
country: USA
salesRepEmployeeNumber: 1323
creditLimit: 114900.00
customerNumber: 131
checkNumber: NB445135
paymentDate: 2004-09-11
amount: 35321.97
************\*\*\************* 117. row ************\*\*\*************
customerNumber: 209
customerName: Mini Caravy
contactLastName: Citeaux
contactFirstName: Frédérique
phone: 88.60.1555
addressLine1: 24, place Kléber
addressLine2: NULL
city: Strasbourg
state: NULL
postalCode: 67000
country: France
salesRepEmployeeNumber: 1370
creditLimit: 53800.00
customerNumber: 209
checkNumber: BOAF82044
paymentDate: 2005-05-03
amount: 35157.75
************\*\*\************* 118. row ************\*\*\*************
customerNumber: 157
customerName: Diecast Classics Inc.
contactLastName: Leong
contactFirstName: Kelvin
phone: 2155551555
addressLine1: 7586 Pompton St.
addressLine2: NULL
city: Allentown
state: PA
postalCode: 70267
country: USA
salesRepEmployeeNumber: 1216
creditLimit: 100600.00
customerNumber: 157
checkNumber: HI618861
paymentDate: 2004-11-19
amount: 35152.12
************\*\*\************* 119. row ************\*\*\*************
customerNumber: 412
customerName: Extreme Desk Decorations, Ltd
contactLastName: McRoy
contactFirstName: Sarah
phone: 04 499 9555
addressLine1: 101 Lambton Quay
addressLine2: Level 11
city: Wellington
state: NULL
postalCode: NULL
country: New Zealand
salesRepEmployeeNumber: 1612
creditLimit: 86800.00
customerNumber: 412
checkNumber: GH197075
paymentDate: 2004-07-25
amount: 35034.57
************\*\*\************* 120. row ************\*\*\*************
customerNumber: 121
customerName: Baane Mini Imports
contactLastName: Bergulfsen
contactFirstName: Jonas
phone: 07-98 9555
addressLine1: Erling Skakkes gate 78
addressLine2: NULL
city: Stavern
state: NULL
postalCode: 4110
country: Norway
salesRepEmployeeNumber: 1504
creditLimit: 81700.00
customerNumber: 121
checkNumber: MA302151
paymentDate: 2004-11-28
amount: 34638.14
************\*\*\************* 121. row ************\*\*\*************
customerNumber: 339
customerName: Classic Gift Ideas, Inc
contactLastName: Cervantes
contactFirstName: Francisca
phone: 2155554695
addressLine1: 782 First Street
addressLine2: NULL
city: Philadelphia
state: PA
postalCode: 71270
country: USA
salesRepEmployeeNumber: 1188
creditLimit: 81100.00
customerNumber: 339
checkNumber: DA98827
paymentDate: 2003-11-28
amount: 34606.28
************\*\*\************* 122. row ************\*\*\*************
customerNumber: 186
customerName: Toys of Finland, Co.
contactLastName: Karttunen
contactFirstName: Matti
phone: 90-224 8555
addressLine1: Keskuskatu 45
addressLine2: NULL
city: Helsinki
state: NULL
postalCode: 21240
country: Finland
salesRepEmployeeNumber: 1501
creditLimit: 96500.00
customerNumber: 186
checkNumber: KA602407
paymentDate: 2004-10-21
amount: 34341.08
************\*\*\************* 123. row ************\*\*\*************
customerNumber: 398
customerName: Tokyo Collectables, Ltd
contactLastName: Shimamura
contactFirstName: Akiko
phone: +81 3 3584 0555
addressLine1: 2-2-8 Roppongi
addressLine2: NULL
city: Minato-ku
state: Tokyo
postalCode: 106-0032
country: Japan
salesRepEmployeeNumber: 1621
creditLimit: 94400.00
customerNumber: 398
checkNumber: AJ478695
paymentDate: 2005-02-14
amount: 33967.73
************\*\*\************* 124. row ************\*\*\*************
customerNumber: 249
customerName: Amica Models & Co.
contactLastName: Accorti
contactFirstName: Paolo
phone: 011-4988555
addressLine1: Via Monte Bianco 34
addressLine2: NULL
city: Torino
state: NULL
postalCode: 10100
country: Italy
salesRepEmployeeNumber: 1401
creditLimit: 113000.00
customerNumber: 249
checkNumber: IJ399820
paymentDate: 2004-09-19
amount: 33924.24
************\*\*\************* 125. row ************\*\*\*************
customerNumber: 128
customerName: Blauer See Auto, Co.
contactLastName: Keitel
contactFirstName: Roland
phone: +49 69 66 90 2555
addressLine1: Lyonerstr. 34
addressLine2: NULL
city: Frankfurt
state: NULL
postalCode: 60528
country: Germany
salesRepEmployeeNumber: 1504
creditLimit: 59700.00
customerNumber: 128
checkNumber: FH668230
paymentDate: 2004-03-24
amount: 33820.62
************\*\*\************* 126. row ************\*\*\*************
customerNumber: 242
customerName: Alpha Cognac
contactLastName: Roulet
contactFirstName: Annette
phone: 61.77.6555
addressLine1: 1 rue Alsace-Lorraine
addressLine2: NULL
city: Toulouse
state: NULL
postalCode: 31000
country: France
salesRepEmployeeNumber: 1370
creditLimit: 61100.00
customerNumber: 242
checkNumber: AF40894
paymentDate: 2003-11-22
amount: 33818.34
************\*\*\************* 127. row ************\*\*\*************
customerNumber: 202
customerName: Canadian Gift Exchange Network
contactLastName: Tamuri
contactFirstName: Yoshi
phone: (604) 555-3392
addressLine1: 1900 Oak St.
addressLine2: NULL
city: Vancouver
state: BC
postalCode: V3F 2K1
country: Canada
salesRepEmployeeNumber: 1323
creditLimit: 90300.00
customerNumber: 202
checkNumber: IQ627690
paymentDate: 2004-11-08
amount: 33594.58
************\*\*\************* 128. row ************\*\*\*************
customerNumber: 172
customerName: La Corne D'abondance, Co.
contactLastName: Bertrand
contactFirstName: Marie
phone: (1) 42.34.2555
addressLine1: 265, boulevard Charonne
addressLine2: NULL
city: Paris
state: NULL
postalCode: 75012
country: France
salesRepEmployeeNumber: 1337
creditLimit: 84300.00
customerNumber: 172
checkNumber: EH208589
paymentDate: 2003-04-20
amount: 33383.14
************\*\*\************* 129. row ************\*\*\*************
customerNumber: 112
customerName: Signal Gift Stores
contactLastName: King
contactFirstName: Jean
phone: 7025551838
addressLine1: 8489 Strong St.
addressLine2: NULL
city: Las Vegas
state: NV
postalCode: 83030
country: USA
salesRepEmployeeNumber: 1166
creditLimit: 71800.00
customerNumber: 112
checkNumber: ND748579
paymentDate: 2004-08-20
amount: 33347.88
************\*\*\************* 130. row ************\*\*\*************
customerNumber: 458
customerName: Corrida Auto Replicas, Ltd
contactLastName: Sommer
contactFirstName: Martín
phone: (91) 555 22 82
addressLine1: C/ Araquil, 67
addressLine2: NULL
city: Madrid
state: NULL
postalCode: 28023
country: Spain
salesRepEmployeeNumber: 1702
creditLimit: 104600.00
customerNumber: 458
checkNumber: DD995006
paymentDate: 2004-11-15
amount: 33145.56
************\*\*\************* 131. row ************\*\*\*************
customerNumber: 311
customerName: Oulu Toy Supplies, Inc.
contactLastName: Koskitalo
contactFirstName: Pirkko
phone: 981-443655
addressLine1: Torikatu 38
addressLine2: NULL
city: Oulu
state: NULL
postalCode: 90110
country: Finland
salesRepEmployeeNumber: 1501
creditLimit: 90500.00
customerNumber: 311
checkNumber: FA728475
paymentDate: 2003-10-06
amount: 32723.04
************\*\*\************* 132. row ************\*\*\*************
customerNumber: 379
customerName: Collectables For Less Inc.
contactLastName: Nelson
contactFirstName: Allen
phone: 6175558555
addressLine1: 7825 Douglas Av.
addressLine2: NULL
city: Brickhaven
state: MA
postalCode: 58339
country: USA
salesRepEmployeeNumber: 1188
creditLimit: 70700.00
customerNumber: 379
checkNumber: FR499138
paymentDate: 2003-09-16
amount: 32680.31
************\*\*\************* 133. row ************\*\*\*************
customerNumber: 112
customerName: Signal Gift Stores
contactLastName: King
contactFirstName: Jean
phone: 7025551838
addressLine1: 8489 Strong St.
addressLine2: NULL
city: Las Vegas
state: NV
postalCode: 83030
country: USA
salesRepEmployeeNumber: 1166
creditLimit: 71800.00
customerNumber: 112
checkNumber: HQ55022
paymentDate: 2003-06-06
amount: 32641.98
************\*\*\************* 134. row ************\*\*\*************
customerNumber: 189
customerName: Clover Collections, Co.
contactLastName: Cassidy
contactFirstName: Dean
phone: +353 1862 1555
addressLine1: 25 Maiden Lane
addressLine2: Floor No. 4
city: Dublin
state: NULL
postalCode: 2
country: Ireland
salesRepEmployeeNumber: 1504
creditLimit: 69400.00
customerNumber: 189
checkNumber: NM916675
paymentDate: 2004-03-01
amount: 32538.74
************\*\*\************* 135. row ************\*\*\*************
customerNumber: 299
customerName: Norway Gifts By Mail, Co.
contactLastName: Klaeboe
contactFirstName: Jan
phone: +47 2212 1555
addressLine1: Drammensveien 126A
addressLine2: PB 211 Sentrum
city: Oslo
state: NULL
postalCode: N 0106
country: Norway  
salesRepEmployeeNumber: 1504
creditLimit: 95100.00
customerNumber: 299
checkNumber: NR157385
paymentDate: 2004-09-05
amount: 32260.16
************\*\*\************* 136. row ************\*\*\*************
customerNumber: 455
customerName: Super Scale Inc.
contactLastName: Murphy
contactFirstName: Leslie
phone: 2035559545
addressLine1: 567 North Pendale Street
addressLine2: NULL
city: New Haven
state: CT
postalCode: 97823
country: USA
salesRepEmployeeNumber: 1286
creditLimit: 95400.00
customerNumber: 455
checkNumber: IR662429
paymentDate: 2004-05-12
amount: 32239.47
************\*\*\************* 137. row ************\*\*\*************
customerNumber: 496
customerName: Kelly's Gift Shop
contactLastName: Snowden
contactFirstName: Tony
phone: +64 9 5555500
addressLine1: Arenales 1938 3'A'
addressLine2: NULL
city: Auckland  
 state: NULL
postalCode: NULL
country: New Zealand
salesRepEmployeeNumber: 1612
creditLimit: 110000.00
customerNumber: 496
checkNumber: MB342426
paymentDate: 2003-07-16
amount: 32077.44
************\*\*\************* 138. row ************\*\*\*************
customerNumber: 282
customerName: Souveniers And Things Co.
contactLastName: Huxley
contactFirstName: Adrian
phone: +61 2 9495 8555
addressLine1: Monitor Money Building
addressLine2: 815 Pacific Hwy
city: Chatswood
state: NSW
postalCode: 2067
country: Australia
salesRepEmployeeNumber: 1611
creditLimit: 93300.00
customerNumber: 282
checkNumber: OD327378
paymentDate: 2005-01-03
amount: 31835.36
************\*\*\************* 139. row ************\*\*\*************
customerNumber: 412
customerName: Extreme Desk Decorations, Ltd
contactLastName: McRoy
contactFirstName: Sarah
phone: 04 499 9555
addressLine1: 101 Lambton Quay
addressLine2: Level 11
city: Wellington
state: NULL
postalCode: NULL
country: New Zealand
salesRepEmployeeNumber: 1612
creditLimit: 86800.00
customerNumber: 412
checkNumber: PJ434867
paymentDate: 2004-04-14
amount: 31670.37
************\*\*\************* 140. row ************\*\*\*************
customerNumber: 344
customerName: CAF Imports
contactLastName: Fernandez
contactFirstName: Jesus
phone: +34 913 728 555
addressLine1: Merchants House
addressLine2: 27-30 Merchant's Quay
city: Madrid
state: NULL
postalCode: 28023
country: Spain
salesRepEmployeeNumber: 1702
creditLimit: 59600.00
customerNumber: 344
checkNumber: AF246722
paymentDate: 2003-11-24
amount: 31428.21
************\*\*\************* 141. row ************\*\*\*************
customerNumber: 415
customerName: Bavarian Collectables Imports, Co.
contactLastName: Donnermeyer
contactFirstName: Michael
phone: +49 89 61 08 9555
addressLine1: Hansastr. 15
addressLine2: NULL
city: Munich
state: NULL
postalCode: 80686
country: Germany
salesRepEmployeeNumber: 1504
creditLimit: 77000.00
customerNumber: 415
checkNumber: ER54537
paymentDate: 2004-09-28
amount: 31310.09
************\*\*\************* 142. row ************\*\*\*************
customerNumber: 328
customerName: Tekni Collectables Inc.
contactLastName: Brown
contactFirstName: William
phone: 2015559350
addressLine1: 7476 Moss Rd.
addressLine2: NULL
city: Newark
state: NJ
postalCode: 94019
country: USA
salesRepEmployeeNumber: 1323
creditLimit: 43000.00
customerNumber: 328
checkNumber: NR631421
paymentDate: 2004-05-30
amount: 31102.85
************\*\*\************* 143. row ************\*\*\*************
customerNumber: 462
customerName: FunGiftIdeas.com
contactLastName: Benitez
contactFirstName: Violeta
phone: 5085552555
addressLine1: 1785 First Street
addressLine2: NULL
city: New Bedford
state: MA
postalCode: 50553
country: USA
salesRepEmployeeNumber: 1216
creditLimit: 85800.00
customerNumber: 462
checkNumber: ED203908
paymentDate: 2005-04-15
amount: 30293.77
************\*\*\************* 144. row ************\*\*\*************
customerNumber: 496
customerName: Kelly's Gift Shop
contactLastName: Snowden
contactFirstName: Tony
phone: +64 9 5555500
addressLine1: Arenales 1938 3'A'
addressLine2: NULL
city: Auckland  
 state: NULL
postalCode: NULL
country: New Zealand
salesRepEmployeeNumber: 1612
creditLimit: 110000.00
customerNumber: 496
checkNumber: EU531600
paymentDate: 2005-05-25
amount: 30253.75
************\*\*\************* 145. row ************\*\*\*************
customerNumber: 487
customerName: Signal Collectibles Ltd.
contactLastName: Taylor
contactFirstName: Sue
phone: 4155554312
addressLine1: 2793 Furth Circle
addressLine2: NULL
city: Brisbane
state: CA
postalCode: 94217
country: USA
salesRepEmployeeNumber: 1165
creditLimit: 60300.00
customerNumber: 487
checkNumber: AH612904
paymentDate: 2003-09-28
amount: 29997.09
************\*\*\************* 146. row ************\*\*\*************
customerNumber: 276
customerName: Anna's Decorations, Ltd
contactLastName: O'Hara
contactFirstName: Anna
phone: 02 9936 8555
addressLine1: 201 Miller Street
addressLine2: Level 15
city: North Sydney
state: NSW
postalCode: 2060
country: Australia
salesRepEmployeeNumber: 1611
creditLimit: 107800.00
customerNumber: 276
checkNumber: OJ819725
paymentDate: 2005-04-30
amount: 29848.52
************\*\*\************* 147. row ************\*\*\*************
customerNumber: 334
customerName: Suominen Souveniers
contactLastName: Suominen
contactFirstName: Kalle
phone: +358 9 8045 555
addressLine1: Software Engineering Center
addressLine2: SEC Oy
city: Espoo
state: NULL
postalCode: FIN-02271
country: Finland
salesRepEmployeeNumber: 1501
creditLimit: 98800.00
customerNumber: 334
checkNumber: HH517378
paymentDate: 2003-08-16
amount: 29716.86
************\*\*\************* 148. row ************\*\*\*************
customerNumber: 324
customerName: Stylish Desk Decors, Co.
contactLastName: Brown
contactFirstName: Ann
phone: (171) 555-0297
addressLine1: 35 King George
addressLine2: NULL
city: London
state: NULL
postalCode: WX3 6FW
country: UK
salesRepEmployeeNumber: 1501
creditLimit: 77000.00
customerNumber: 324
checkNumber: FP443161
paymentDate: 2003-07-07
amount: 29429.14
************\*\*\************* 149. row ************\*\*\*************
customerNumber: 260
customerName: Royal Canadian Collectables, Ltd.
contactLastName: Lincoln
contactFirstName: Elizabeth
phone: (604) 555-4555
addressLine1: 23 Tsawassen Blvd.
addressLine2: NULL
city: Tsawassen
state: BC
postalCode: T2F 8M4
country: Canada
salesRepEmployeeNumber: 1323
creditLimit: 89600.00
customerNumber: 260
checkNumber: NH776924
paymentDate: 2004-04-24
amount: 29284.42
************\*\*\************* 150. row ************\*\*\*************
customerNumber: 233
customerName: Québec Home Shopping Network
contactLastName: Fresnière
contactFirstName: Jean
phone: (514) 555-8054
addressLine1: 43 rue St. Laurent
addressLine2: NULL
city: Montréal
state: Québec
postalCode: H1J 1C3
country: Canada
salesRepEmployeeNumber: 1286
creditLimit: 48700.00
customerNumber: 233
checkNumber: BOFA23232
paymentDate: 2005-05-20
amount: 29070.38
************\*\*\************* 151. row ************\*\*\*************
customerNumber: 175
customerName: Gift Depot Inc.
contactLastName: King
contactFirstName: Julie
phone: 2035552570
addressLine1: 25593 South Bay Ln.
addressLine2: NULL
city: Bridgewater
state: CT
postalCode: 97562
country: USA
salesRepEmployeeNumber: 1323
creditLimit: 84300.00
customerNumber: 175
checkNumber: CITI3434344
paymentDate: 2005-05-19
amount: 28500.78
************\*\*\************* 152. row ************\*\*\*************
customerNumber: 334
customerName: Suominen Souveniers
contactLastName: Suominen
contactFirstName: Kalle
phone: +358 9 8045 555
addressLine1: Software Engineering Center
addressLine2: SEC Oy
city: Espoo
state: NULL
postalCode: FIN-02271
country: Finland
salesRepEmployeeNumber: 1501
creditLimit: 98800.00
customerNumber: 334
checkNumber: LF737277
paymentDate: 2004-05-22
amount: 28394.54
************\*\*\************* 153. row ************\*\*\*************
customerNumber: 379
customerName: Collectables For Less Inc.
contactLastName: Nelson
contactFirstName: Allen
phone: 6175558555
addressLine1: 7825 Douglas Av.
addressLine2: NULL
city: Brickhaven
state: MA
postalCode: 58339
country: USA
salesRepEmployeeNumber: 1188
creditLimit: 70700.00
customerNumber: 379
checkNumber: CA762595
paymentDate: 2005-02-12
amount: 28322.83
************\*\*\************* 154. row ************\*\*\*************
customerNumber: 145
customerName: Danish Wholesale Imports
contactLastName: Petersen
contactFirstName: Jytte
phone: 31 12 3555
addressLine1: Vinbæltet 34
addressLine2: NULL
city: Kobenhavn
state: NULL
postalCode: 1734
country: Denmark
salesRepEmployeeNumber: 1401
creditLimit: 83400.00
customerNumber: 145
checkNumber: ED39322
paymentDate: 2004-04-26
amount: 28211.70
************\*\*\************* 155. row ************\*\*\*************
customerNumber: 259
customerName: Toms Spezialitäten, Ltd
contactLastName: Pfalzheim
contactFirstName: Henriette
phone: 0221-5554327
addressLine1: Mehrheimerstr. 369
addressLine2: NULL
city: Köln
state: NULL
postalCode: 50739
country: Germany
salesRepEmployeeNumber: 1504
creditLimit: 120400.00
customerNumber: 259
checkNumber: GB361972
paymentDate: 2003-12-07
amount: 27988.47
************\*\*\************* 156. row ************\*\*\*************
customerNumber: 448
customerName: Scandinavian Gift Ideas
contactLastName: Larsson
contactFirstName: Martha
phone: 0695-34 6555
addressLine1: Åkergatan 24
addressLine2: NULL
city: Bräcke
state: NULL
postalCode: S-844 67
country: Sweden
salesRepEmployeeNumber: 1504
creditLimit: 116400.00
customerNumber: 448
checkNumber: FS299615
paymentDate: 2005-04-18
amount: 27966.54
************\*\*\************* 157. row ************\*\*\*************
customerNumber: 456
customerName: Microscale Inc.
contactLastName: Choi
contactFirstName: Yu
phone: 2125551957
addressLine1: 5290 North Pendale Street
addressLine2: Suite 200
city: NYC
state: NY
postalCode: 10022
country: USA
salesRepEmployeeNumber: 1286
creditLimit: 39800.00
customerNumber: 456
checkNumber: GJ715659
paymentDate: 2004-11-13
amount: 27550.51
************\*\*\************* 158. row ************\*\*\*************
customerNumber: 452
customerName: Mini Auto Werke
contactLastName: Mendel
contactFirstName: Roland
phone: 7675-3555
addressLine1: Kirchgasse 6
addressLine2: NULL
city: Graz
state: NULL
postalCode: 8010
country: Austria
salesRepEmployeeNumber: 1401
creditLimit: 45300.00
customerNumber: 452
checkNumber: ED473873
paymentDate: 2003-11-15
amount: 27121.90
************\*\*\************* 159. row ************\*\*\*************
customerNumber: 276
customerName: Anna's Decorations, Ltd
contactLastName: O'Hara
contactFirstName: Anna
phone: 02 9936 8555
addressLine1: 201 Miller Street
addressLine2: Level 15
city: North Sydney
state: NSW
postalCode: 2060
country: Australia
salesRepEmployeeNumber: 1611
creditLimit: 107800.00
customerNumber: 276
checkNumber: EM979878
paymentDate: 2005-02-09
amount: 27083.78
************\*\*\************* 160. row ************\*\*\*************
customerNumber: 250
customerName: Lyon Souveniers
contactLastName: Da Silva
contactFirstName: Daniel
phone: +33 1 46 62 7555
addressLine1: 27 rue du Colonel Pierre Avia
addressLine2: NULL
city: Paris
state: NULL
postalCode: 75508
country: France
salesRepEmployeeNumber: 1337
creditLimit: 68100.00
customerNumber: 250
checkNumber: HD284647
paymentDate: 2004-12-30
amount: 26311.63
************\*\*\************* 161. row ************\*\*\*************
customerNumber: 447
customerName: Gift Ideas Corp.
contactLastName: Lewis
contactFirstName: Dan
phone: 2035554407
addressLine1: 2440 Pompton St.
addressLine2: NULL
city: Glendale
state: CT
postalCode: 97561
country: USA
salesRepEmployeeNumber: 1323
creditLimit: 49700.00
customerNumber: 447
checkNumber: OU516561
paymentDate: 2004-12-17
amount: 26304.13
************\*\*\************* 162. row ************\*\*\*************
customerNumber: 129
customerName: Mini Wheels Co.
contactLastName: Murphy
contactFirstName: Julie
phone: 6505555787
addressLine1: 5557 North Pendale Street
addressLine2: NULL
city: San Francisco
state: CA
postalCode: 94217
country: USA
salesRepEmployeeNumber: 1165
creditLimit: 64600.00
customerNumber: 129
checkNumber: DM826140
paymentDate: 2004-12-08
amount: 26248.78
************\*\*\************* 163. row ************\*\*\*************
customerNumber: 141
customerName: Euro+ Shopping Channel
contactLastName: Freyre
contactFirstName: Diego
phone: (91) 555 94 44
addressLine1: C/ Moralzarzal, 86
addressLine2: NULL
city: Madrid
state: NULL
postalCode: 28034
country: Spain
salesRepEmployeeNumber: 1370
creditLimit: 227600.00
customerNumber: 141
checkNumber: NU627706
paymentDate: 2004-05-17
amount: 26155.91
************\*\*\************* 164. row ************\*\*\*************
customerNumber: 486
customerName: Motor Mint Distributors Inc.
contactLastName: Salazar
contactFirstName: Rosa
phone: 2155559857
addressLine1: 11328 Douglas Av.
addressLine2: NULL
city: Philadelphia
state: PA
postalCode: 71270
country: USA
salesRepEmployeeNumber: 1323
creditLimit: 72600.00
customerNumber: 486
checkNumber: JB117768
paymentDate: 2003-03-20
amount: 25833.14
************\*\*\************* 165. row ************\*\*\*************
customerNumber: 424
customerName: Classic Legends Inc.
contactLastName: Hernandez
contactFirstName: Maria
phone: 2125558493
addressLine1: 5905 Pompton St.
addressLine2: Suite 750
city: NYC
state: NY
postalCode: 10022
country: USA
salesRepEmployeeNumber: 1286
creditLimit: 67500.00
customerNumber: 424
checkNumber: KF480160
paymentDate: 2004-12-07
amount: 25505.98
************\*\*\************* 166. row ************\*\*\*************
customerNumber: 406
customerName: Auto Canal+ Petit
contactLastName: Perrier
contactFirstName: Dominique
phone: (1) 47.55.6555
addressLine1: 25, rue Lauriston
addressLine2: NULL
city: Paris
state: NULL
postalCode: 75016
country: France
salesRepEmployeeNumber: 1337
creditLimit: 95000.00
customerNumber: 406
checkNumber: NA197101
paymentDate: 2004-06-17
amount: 25080.96
************\*\*\************* 167. row ************\*\*\*************
customerNumber: 240
customerName: giftsbymail.co.uk
contactLastName: Bennett
contactFirstName: Helen
phone: (198) 555-8888
addressLine1: Garden House
addressLine2: Crowther Way 23
city: Cowes
state: Isle of Wight
postalCode: PO31 7PJ
country: UK
salesRepEmployeeNumber: 1501
creditLimit: 93900.00
customerNumber: 240
checkNumber: JO719695
paymentDate: 2004-03-28
amount: 24995.61
************\*\*\************* 168. row ************\*\*\*************
customerNumber: 216
customerName: Enaco Distributors
contactLastName: Saavedra
contactFirstName: Eduardo
phone: (93) 203 4555
addressLine1: Rambla de Cataluña, 23
addressLine2: NULL
city: Barcelona
state: NULL
postalCode: 08022
country: Spain
salesRepEmployeeNumber: 1702
creditLimit: 60300.00
customerNumber: 216
checkNumber: ML780814
paymentDate: 2004-12-06
amount: 24945.21
************\*\*\************* 169. row ************\*\*\*************
customerNumber: 175
customerName: Gift Depot Inc.
contactLastName: King
contactFirstName: Julie
phone: 2035552570
addressLine1: 25593 South Bay Ln.
addressLine2: NULL
city: Bridgewater
state: CT
postalCode: 97562
country: USA
salesRepEmployeeNumber: 1323
creditLimit: 84300.00
customerNumber: 175
checkNumber: IO448913
paymentDate: 2003-11-19
amount: 24879.08
************\*\*\************* 170. row ************\*\*\*************
customerNumber: 128
customerName: Blauer See Auto, Co.
contactLastName: Keitel
contactFirstName: Roland
phone: +49 69 66 90 2555
addressLine1: Lyonerstr. 34
addressLine2: NULL
city: Frankfurt
state: NULL
postalCode: 60528
country: Germany
salesRepEmployeeNumber: 1504
creditLimit: 59700.00
customerNumber: 128
checkNumber: FA465482
paymentDate: 2003-10-18
amount: 24101.81
************\*\*\************* 171. row ************\*\*\*************
customerNumber: 282
customerName: Souveniers And Things Co.
contactLastName: Huxley
contactFirstName: Adrian
phone: +61 2 9495 8555
addressLine1: Monitor Money Building
addressLine2: 815 Pacific Hwy
city: Chatswood
state: NSW
postalCode: 2067
country: Australia
salesRepEmployeeNumber: 1611
creditLimit: 93300.00
customerNumber: 282
checkNumber: IA793562
paymentDate: 2003-08-03
amount: 24013.52
************\*\*\************* 172. row ************\*\*\*************
customerNumber: 333
customerName: Australian Gift Network, Co
contactLastName: Calaghan
contactFirstName: Ben
phone: 61-7-3844-6555
addressLine1: 31 Duncan St. West End
addressLine2: NULL
city: South Brisbane
state: Queensland
postalCode: 4101
country: Australia
salesRepEmployeeNumber: 1611
creditLimit: 51600.00
customerNumber: 333
checkNumber: HL209210
paymentDate: 2003-11-15
amount: 23936.53
************\*\*\************* 173. row ************\*\*\*************
customerNumber: 129
customerName: Mini Wheels Co.
contactLastName: Murphy
contactFirstName: Julie
phone: 6505555787
addressLine1: 5557 North Pendale Street
addressLine2: NULL
city: San Francisco
state: CA
postalCode: 94217
country: USA
salesRepEmployeeNumber: 1165
creditLimit: 64600.00
customerNumber: 129
checkNumber: ID449593
paymentDate: 2003-12-11
amount: 23923.93
************\*\*\************* 174. row ************\*\*\*************
customerNumber: 201
customerName: UK Collectables, Ltd.
contactLastName: Devon
contactFirstName: Elizabeth
phone: (171) 555-2282
addressLine1: 12, Berkeley Gardens Blvd
addressLine2: NULL
city: Liverpool
state: NULL
postalCode: WX1 6LT
country: UK
salesRepEmployeeNumber: 1501
creditLimit: 92700.00
customerNumber: 201
checkNumber: DP677013
paymentDate: 2003-10-20
amount: 23908.24
************\*\*\************* 175. row ************\*\*\*************
customerNumber: 186
customerName: Toys of Finland, Co.
contactLastName: Karttunen
contactFirstName: Matti
phone: 90-224 8555
addressLine1: Keskuskatu 45
addressLine2: NULL
city: Helsinki
state: NULL
postalCode: 21240
country: Finland
salesRepEmployeeNumber: 1501
creditLimit: 96500.00
customerNumber: 186
checkNumber: AE192287
paymentDate: 2005-03-10
amount: 23602.90
************\*\*\************* 176. row ************\*\*\*************
customerNumber: 250
customerName: Lyon Souveniers
contactLastName: Da Silva
contactFirstName: Daniel
phone: +33 1 46 62 7555
addressLine1: 27 rue du Colonel Pierre Avia
addressLine2: NULL
city: Paris
state: NULL
postalCode: 75508
country: France
salesRepEmployeeNumber: 1337
creditLimit: 68100.00
customerNumber: 250
checkNumber: HN114306
paymentDate: 2003-07-18
amount: 23419.47
************\*\*\************* 177. row ************\*\*\*************
customerNumber: 339
customerName: Classic Gift Ideas, Inc
contactLastName: Cervantes
contactFirstName: Francisca
phone: 2155554695
addressLine1: 782 First Street
addressLine2: NULL
city: Philadelphia
state: PA
postalCode: 71270
country: USA
salesRepEmployeeNumber: 1188
creditLimit: 81100.00
customerNumber: 339
checkNumber: AP286625
paymentDate: 2004-10-24
amount: 23333.06
************\*\*\************* 178. row ************\*\*\*************
customerNumber: 233
customerName: Québec Home Shopping Network
contactLastName: Fresnière
contactFirstName: Jean
phone: (514) 555-8054
addressLine1: 43 rue St. Laurent
addressLine2: NULL
city: Montréal
state: Québec
postalCode: H1J 1C3
country: Canada
salesRepEmployeeNumber: 1286
creditLimit: 48700.00
customerNumber: 233
checkNumber: II180006
paymentDate: 2004-07-01
amount: 22997.45
************\*\*\************* 179. row ************\*\*\*************
customerNumber: 181
customerName: Vitachrome Inc.
contactLastName: Frick
contactFirstName: Michael
phone: 2125551500
addressLine1: 2678 Kingston Rd.
addressLine2: Suite 101
city: NYC
state: NY
postalCode: 10022
country: USA
salesRepEmployeeNumber: 1286
creditLimit: 76400.00
customerNumber: 181
checkNumber: CM564612
paymentDate: 2004-04-25
amount: 22602.36
************\*\*\************* 180. row ************\*\*\*************
customerNumber: 166
customerName: Handji Gifts& Co
contactLastName: Victorino
contactFirstName: Wendy
phone: +65 224 1555
addressLine1: 106 Linden Road Sandown
addressLine2: 2nd Floor
city: Singapore
state: NULL
postalCode: 069045
country: Singapore
salesRepEmployeeNumber: 1612
creditLimit: 97900.00
customerNumber: 166
checkNumber: LA318629
paymentDate: 2004-02-28
amount: 22474.17
************\*\*\************* 181. row ************\*\*\*************
customerNumber: 131
customerName: Land of Toys Inc.
contactLastName: Lee
contactFirstName: Kwai
phone: 2125557818
addressLine1: 897 Long Airport Avenue
addressLine2: NULL
city: NYC
state: NY
postalCode: 10022
country: USA
salesRepEmployeeNumber: 1323
creditLimit: 114900.00
customerNumber: 131
checkNumber: CL442705
paymentDate: 2003-03-12
amount: 22292.62
************\*\*\************* 182. row ************\*\*\*************
customerNumber: 489
customerName: Double Decker Gift Stores, Ltd
contactLastName: Smith
contactFirstName: Thomas
phone: (171) 555-7555
addressLine1: 120 Hanover Sq.
addressLine2: NULL
city: London
state: NULL
postalCode: WA1 1DP
country: UK
salesRepEmployeeNumber: 1501
creditLimit: 43300.00
customerNumber: 489
checkNumber: OC773849
paymentDate: 2003-12-04
amount: 22275.73
************\*\*\************* 183. row ************\*\*\*************
customerNumber: 458
customerName: Corrida Auto Replicas, Ltd
contactLastName: Sommer
contactFirstName: Martín
phone: (91) 555 22 82
addressLine1: C/ Araquil, 67
addressLine2: NULL
city: Madrid
state: NULL
postalCode: 28023
country: Spain
salesRepEmployeeNumber: 1702
creditLimit: 104600.00
customerNumber: 458
checkNumber: NA377824
paymentDate: 2004-02-06
amount: 22162.61
************\*\*\************* 184. row ************\*\*\*************
customerNumber: 424
customerName: Classic Legends Inc.
contactLastName: Hernandez
contactFirstName: Maria
phone: 2125558493
addressLine1: 5905 Pompton St.
addressLine2: Suite 750
city: NYC
state: NY
postalCode: 10022
country: USA
salesRepEmployeeNumber: 1286
creditLimit: 67500.00
customerNumber: 424
checkNumber: OA595449
paymentDate: 2003-10-31
amount: 22042.37
************\*\*\************* 185. row ************\*\*\*************
customerNumber: 398
customerName: Tokyo Collectables, Ltd
contactLastName: Shimamura
contactFirstName: Akiko
phone: +81 3 3584 0555
addressLine1: 2-2-8 Roppongi
addressLine2: NULL
city: Minato-ku
state: Tokyo
postalCode: 106-0032
country: Japan
salesRepEmployeeNumber: 1621
creditLimit: 94400.00
customerNumber: 398
checkNumber: DO787644
paymentDate: 2004-06-21
amount: 22037.91
************\*\*\************* 186. row ************\*\*\*************
customerNumber: 424
customerName: Classic Legends Inc.
contactLastName: Hernandez
contactFirstName: Maria
phone: 2125558493
addressLine1: 5905 Pompton St.
addressLine2: Suite 750
city: NYC
state: NY
postalCode: 10022
country: USA
salesRepEmployeeNumber: 1286
creditLimit: 67500.00
customerNumber: 424
checkNumber: LM271923
paymentDate: 2003-04-16
amount: 21665.98
************\*\*\************* 187. row ************\*\*\*************
customerNumber: 333
customerName: Australian Gift Network, Co
contactLastName: Calaghan
contactFirstName: Ben
phone: 61-7-3844-6555
addressLine1: 31 Duncan St. West End
addressLine2: NULL
city: South Brisbane
state: Queensland
postalCode: 4101
country: Australia
salesRepEmployeeNumber: 1611
creditLimit: 51600.00
customerNumber: 333
checkNumber: NF959653
paymentDate: 2005-03-01
amount: 21432.31
************\*\*\************* 188. row ************\*\*\*************
customerNumber: 347
customerName: Men 'R' US Retailers, Ltd.
contactLastName: Chandler
contactFirstName: Brian
phone: 2155554369
addressLine1: 6047 Douglas Av.
addressLine2: NULL
city: Los Angeles
state: CA
postalCode: 91003
country: USA
salesRepEmployeeNumber: 1166
creditLimit: 57700.00
customerNumber: 347
checkNumber: DG700707
paymentDate: 2004-01-18
amount: 21053.69
************\*\*\************* 189. row ************\*\*\*************
customerNumber: 385
customerName: Cruz & Sons Co.
contactLastName: Cruz
contactFirstName: Arnold
phone: +63 2 555 3587
addressLine1: 15 McCallum Street
addressLine2: NatWest Center #13-03
city: Makati City
state: NULL
postalCode: 1227 MM
country: Philippines
salesRepEmployeeNumber: 1621
creditLimit: 81500.00
customerNumber: 385
checkNumber: BN347084
paymentDate: 2003-12-02
amount: 20644.24
************\*\*\************* 190. row ************\*\*\*************
customerNumber: 145
customerName: Danish Wholesale Imports
contactLastName: Petersen
contactFirstName: Jytte
phone: 31 12 3555
addressLine1: Vinbæltet 34
addressLine2: NULL
city: Kobenhavn
state: NULL
postalCode: 1734
country: Denmark
salesRepEmployeeNumber: 1401
creditLimit: 83400.00
customerNumber: 145
checkNumber: HR182688
paymentDate: 2004-12-01
amount: 20564.86
************\*\*\************* 191. row ************\*\*\*************
customerNumber: 347
customerName: Men 'R' US Retailers, Ltd.
contactLastName: Chandler
contactFirstName: Brian
phone: 2155554369
addressLine1: 6047 Douglas Av.
addressLine2: NULL
city: Los Angeles
state: CA
postalCode: 91003
country: USA
salesRepEmployeeNumber: 1166
creditLimit: 57700.00
customerNumber: 347
checkNumber: LG808674
paymentDate: 2003-10-24
amount: 20452.50
************\*\*\************* 192. row ************\*\*\*************
customerNumber: 173
customerName: Cambridge Collectables Co.
contactLastName: Tseng
contactFirstName: Jerry
phone: 6175555555
addressLine1: 4658 Baden Av.
addressLine2: NULL
city: Cambridge
state: MA
postalCode: 51247
country: USA
salesRepEmployeeNumber: 1188
creditLimit: 43400.00
customerNumber: 173
checkNumber: IG462397
paymentDate: 2004-03-29
amount: 20355.24
************\*\*\************* 193. row ************\*\*\*************
customerNumber: 151
customerName: Muscle Machine Inc
contactLastName: Young
contactFirstName: Jeff
phone: 2125557413
addressLine1: 4092 Furth Circle
addressLine2: Suite 400
city: NYC
state: NY
postalCode: 10022
country: USA
salesRepEmployeeNumber: 1286
creditLimit: 138500.00
customerNumber: 151
checkNumber: GB852215
paymentDate: 2004-07-26
amount: 20314.44
************\*\*\************* 194. row ************\*\*\*************
customerNumber: 357
customerName: GiftsForHim.com
contactLastName: MacKinlay
contactFirstName: Wales
phone: 64-9-3763555
addressLine1: 199 Great North Road
addressLine2: NULL
city: Auckland
state: NULL
postalCode: NULL
country: New Zealand
salesRepEmployeeNumber: 1612
creditLimit: 77700.00
customerNumber: 357
checkNumber: AG240323
paymentDate: 2003-12-16
amount: 20220.04
************\*\*\************* 195. row ************\*\*\*************
customerNumber: 141
customerName: Euro+ Shopping Channel
contactLastName: Freyre
contactFirstName: Diego
phone: (91) 555 94 44
addressLine1: C/ Moralzarzal, 86
addressLine2: NULL
city: Madrid
state: NULL
postalCode: 28034
country: Spain
salesRepEmployeeNumber: 1370
creditLimit: 227600.00
customerNumber: 141
checkNumber: MF629602
paymentDate: 2004-08-16
amount: 20009.53
************\*\*\************* 196. row ************\*\*\*************
customerNumber: 119
customerName: La Rochelle Gifts
contactLastName: Labrune
contactFirstName: Janine
phone: 40.67.8555
addressLine1: 67, rue des Cinquante Otages
addressLine2: NULL
city: Nantes
state: NULL
postalCode: 44000
country: France
salesRepEmployeeNumber: 1370
creditLimit: 118200.00
customerNumber: 119
checkNumber: DB933704
paymentDate: 2004-11-14
amount: 19501.82
************\*\*\************* 197. row ************\*\*\*************
customerNumber: 171
customerName: Daedalus Designs Imports
contactLastName: Rancé
contactFirstName: Martine
phone: 20.16.1555
addressLine1: 184, chaussée de Tournai
addressLine2: NULL
city: Lille
state: NULL
postalCode: 59000
country: France
salesRepEmployeeNumber: 1370
creditLimit: 82900.00
customerNumber: 171
checkNumber: GB878038
paymentDate: 2004-03-15
amount: 18997.89
************\*\*\************* 198. row ************\*\*\*************
customerNumber: 350
customerName: Marseille Mini Autos
contactLastName: Lebihan
contactFirstName: Laurence
phone: 91.24.4555
addressLine1: 12, rue des Bouchers
addressLine2: NULL
city: Marseille
state: NULL
postalCode: 13008
country: France
salesRepEmployeeNumber: 1337
creditLimit: 65000.00
customerNumber: 350
checkNumber: BQ602907
paymentDate: 2004-12-11
amount: 18888.31
************\*\*\************* 199. row ************\*\*\*************
customerNumber: 362
customerName: Gifts4AllAges.com
contactLastName: Yoshido
contactFirstName: Juri
phone: 6175559555
addressLine1: 8616 Spinnaker Dr.
addressLine2: NULL
city: Boston
state: MA
postalCode: 51003
country: USA
salesRepEmployeeNumber: 1216
creditLimit: 41900.00
customerNumber: 362
checkNumber: FP170292
paymentDate: 2004-07-11
amount: 18473.71
************\*\*\************* 200. row ************\*\*\*************
customerNumber: 250
customerName: Lyon Souveniers
contactLastName: Da Silva
contactFirstName: Daniel
phone: +33 1 46 62 7555
addressLine1: 27 rue du Colonel Pierre Avia
addressLine2: NULL
city: Paris
state: NULL
postalCode: 75508
country: France
salesRepEmployeeNumber: 1337
creditLimit: 68100.00
customerNumber: 250
checkNumber: EQ12267
paymentDate: 2005-05-17
amount: 17928.09
************\*\*\************* 201. row ************\*\*\*************
customerNumber: 121
customerName: Baane Mini Imports
contactLastName: Bergulfsen
contactFirstName: Jonas
phone: 07-98 9555
addressLine1: Erling Skakkes gate 78
addressLine2: NULL
city: Stavern
state: NULL
postalCode: 4110
country: Norway
salesRepEmployeeNumber: 1504
creditLimit: 81700.00
customerNumber: 121
checkNumber: KI831359
paymentDate: 2004-11-04
amount: 17876.32
************\*\*\************* 202. row ************\*\*\*************
customerNumber: 473
customerName: Frau da Collezione
contactLastName: Ricotti
contactFirstName: Franco
phone: +39 022515555
addressLine1: 20093 Cologno Monzese
addressLine2: Alessandro Volta 16
city: Milan
state: NULL
postalCode: NULL
country: Italy
salesRepEmployeeNumber: 1401
creditLimit: 34800.00
customerNumber: 473
checkNumber: PC688499
paymentDate: 2003-10-27
amount: 17746.26
************\*\*\************* 203. row ************\*\*\*************
customerNumber: 189
customerName: Clover Collections, Co.
contactLastName: Cassidy
contactFirstName: Dean
phone: +353 1862 1555
addressLine1: 25 Maiden Lane
addressLine2: Floor No. 4
city: Dublin
state: NULL
postalCode: 2
country: Ireland
salesRepEmployeeNumber: 1504
creditLimit: 69400.00
customerNumber: 189
checkNumber: BO711618
paymentDate: 2004-10-03
amount: 17359.53
************\*\*\************* 204. row ************\*\*\*************
customerNumber: 447
customerName: Gift Ideas Corp.
contactLastName: Lewis
contactFirstName: Dan
phone: 2035554407
addressLine1: 2440 Pompton St.
addressLine2: NULL
city: Glendale
state: CT
postalCode: 97561
country: USA
salesRepEmployeeNumber: 1323
creditLimit: 49700.00
customerNumber: 447
checkNumber: ER615123
paymentDate: 2003-06-25
amount: 17032.29
************\*\*\************* 205. row ************\*\*\*************
customerNumber: 233
customerName: Québec Home Shopping Network
contactLastName: Fresnière
contactFirstName: Jean
phone: (514) 555-8054
addressLine1: 43 rue St. Laurent
addressLine2: NULL
city: Montréal
state: Québec
postalCode: H1J 1C3
country: Canada
salesRepEmployeeNumber: 1286
creditLimit: 48700.00
customerNumber: 233
checkNumber: JG981190
paymentDate: 2003-11-18
amount: 16909.84
************\*\*\************* 206. row ************\*\*\*************
customerNumber: 314
customerName: Petit Auto
contactLastName: Dewey
contactFirstName: Catherine
phone: (02) 5554 67
addressLine1: Rue Joseph-Bens 532
addressLine2: NULL
city: Bruxelles
state: NULL
postalCode: B-1180
country: Belgium
salesRepEmployeeNumber: 1401
creditLimit: 79900.00
customerNumber: 314
checkNumber: MD809704
paymentDate: 2004-03-03
amount: 16901.38
************\*\*\************* 207. row ************\*\*\*************
customerNumber: 353
customerName: Reims Collectables
contactLastName: Henriot
contactFirstName: Paul
phone: 26.47.1555
addressLine1: 59 rue de l'Abbaye
addressLine2: NULL
city: Reims
state: NULL
postalCode: 51100
country: France
salesRepEmployeeNumber: 1337
creditLimit: 81100.00
customerNumber: 353
checkNumber: GT878649
paymentDate: 2003-05-21
amount: 16700.47
************\*\*\************* 208. row ************\*\*\*************
customerNumber: 129
customerName: Mini Wheels Co.
contactLastName: Murphy
contactFirstName: Julie
phone: 6505555787
addressLine1: 5557 North Pendale Street
addressLine2: NULL
city: San Francisco
state: CA
postalCode: 94217
country: USA
salesRepEmployeeNumber: 1165
creditLimit: 64600.00
customerNumber: 129
checkNumber: PI42991
paymentDate: 2003-04-09
amount: 16537.85
************\*\*\************* 209. row ************\*\*\*************
customerNumber: 311
customerName: Oulu Toy Supplies, Inc.
contactLastName: Koskitalo
contactFirstName: Pirkko
phone: 981-443655
addressLine1: Torikatu 38
addressLine2: NULL
city: Oulu
state: NULL
postalCode: 90110
country: Finland
salesRepEmployeeNumber: 1501
creditLimit: 90500.00
customerNumber: 311
checkNumber: NQ966143
paymentDate: 2004-04-25
amount: 16212.59
************\*\*\************* 210. row ************\*\*\*************
customerNumber: 385
customerName: Cruz & Sons Co.
contactLastName: Cruz
contactFirstName: Arnold
phone: +63 2 555 3587
addressLine1: 15 McCallum Street
addressLine2: NatWest Center #13-03
city: Makati City
state: NULL
postalCode: 1227 MM
country: Philippines
salesRepEmployeeNumber: 1621
creditLimit: 81500.00
customerNumber: 385
checkNumber: CP804873
paymentDate: 2004-11-19
amount: 15822.84
************\*\*\************* 211. row ************\*\*\*************
customerNumber: 344
customerName: CAF Imports
contactLastName: Fernandez
contactFirstName: Jesus
phone: +34 913 728 555
addressLine1: Merchants House
addressLine2: 27-30 Merchant's Quay
city: Madrid
state: NULL
postalCode: 28023
country: Spain
salesRepEmployeeNumber: 1702
creditLimit: 59600.00
customerNumber: 344
checkNumber: NJ906924
paymentDate: 2004-04-02
amount: 15322.93
************\*\*\************* 212. row ************\*\*\*************
customerNumber: 177
customerName: Osaka Souveniers Co.
contactLastName: Kentary
contactFirstName: Mory
phone: +81 06 6342 5555
addressLine1: 1-6-20 Dojima
addressLine2: NULL
city: Kita-ku
state: Osaka
postalCode: 530-0003
country: Japan
salesRepEmployeeNumber: 1621
creditLimit: 81200.00
customerNumber: 177
checkNumber: AU750837
paymentDate: 2004-04-17
amount: 15183.63
************\*\*\************* 213. row ************\*\*\*************
customerNumber: 452
customerName: Mini Auto Werke
contactLastName: Mendel
contactFirstName: Roland
phone: 7675-3555
addressLine1: Kirchgasse 6
addressLine2: NULL
city: Graz
state: NULL
postalCode: 8010
country: Austria
salesRepEmployeeNumber: 1401
creditLimit: 45300.00
customerNumber: 452
checkNumber: FN640986
paymentDate: 2003-11-20
amount: 15130.97
************\*\*\************* 214. row ************\*\*\*************
customerNumber: 362
customerName: Gifts4AllAges.com
contactLastName: Yoshido
contactFirstName: Juri
phone: 6175559555
addressLine1: 8616 Spinnaker Dr.
addressLine2: NULL
city: Boston
state: MA
postalCode: 51003
country: USA
salesRepEmployeeNumber: 1216
creditLimit: 41900.00
customerNumber: 362
checkNumber: OG208861
paymentDate: 2004-09-21
amount: 15059.76
************\*\*\************* 215. row ************\*\*\*************
customerNumber: 103
customerName: Atelier graphique
contactLastName: Schmitt
contactFirstName: Carine
phone: 40.32.2555
addressLine1: 54, rue Royale
addressLine2: NULL
city: Nantes
state: NULL
postalCode: 44000
country: France
salesRepEmployeeNumber: 1370
creditLimit: 21000.00
customerNumber: 103
checkNumber: JM555205
paymentDate: 2003-06-05
amount: 14571.44
************\*\*\************* 216. row ************\*\*\*************
customerNumber: 381
customerName: Royale Belge
contactLastName: Cartrain
contactFirstName: Pascale
phone: (071) 23 67 2555
addressLine1: Boulevard Tirou, 255
addressLine2: NULL
city: Charleroi
state: NULL
postalCode: B-6000
country: Belgium
salesRepEmployeeNumber: 1401
creditLimit: 23500.00
customerNumber: 381
checkNumber: GB117430
paymentDate: 2005-02-03
amount: 14379.90
************\*\*\************* 217. row ************\*\*\*************
customerNumber: 242
customerName: Alpha Cognac
contactLastName: Roulet
contactFirstName: Annette
phone: 61.77.6555
addressLine1: 1 rue Alsace-Lorraine
addressLine2: NULL
city: Toulouse
state: NULL
postalCode: 31000
country: France
salesRepEmployeeNumber: 1370
creditLimit: 61100.00
customerNumber: 242
checkNumber: KI744716
paymentDate: 2003-07-21
amount: 14232.70
************\*\*\************* 218. row ************\*\*\*************
customerNumber: 112
customerName: Signal Gift Stores
contactLastName: King
contactFirstName: Jean
phone: 7025551838
addressLine1: 8489 Strong St.
addressLine2: NULL
city: Las Vegas
state: NV
postalCode: 83030
country: USA
salesRepEmployeeNumber: 1166
creditLimit: 71800.00
customerNumber: 112
checkNumber: BO864823
paymentDate: 2004-12-17
amount: 14191.12
************\*\*\************* 219. row ************\*\*\*************
customerNumber: 353
customerName: Reims Collectables
contactLastName: Henriot
contactFirstName: Paul
phone: 26.47.1555
addressLine1: 59 rue de l'Abbaye
addressLine2: NULL
city: Reims
state: NULL
postalCode: 51100
country: France
salesRepEmployeeNumber: 1337
creditLimit: 81100.00
customerNumber: 353
checkNumber: ED878227
paymentDate: 2003-07-21
amount: 13920.26
************\*\*\************* 220. row ************\*\*\*************
customerNumber: 324
customerName: Stylish Desk Decors, Co.
contactLastName: Brown
contactFirstName: Ann
phone: (171) 555-0297
addressLine1: 35 King George
addressLine2: NULL
city: London
state: NULL
postalCode: WX3 6FW
country: UK
salesRepEmployeeNumber: 1501
creditLimit: 77000.00
customerNumber: 324
checkNumber: DQ409197
paymentDate: 2004-12-13
amount: 13671.82
************\*\*\************* 221. row ************\*\*\*************
customerNumber: 161
customerName: Technics Stores Inc.
contactLastName: Hashimoto
contactFirstName: Juri
phone: 6505556809
addressLine1: 9408 Furth Circle
addressLine2: NULL
city: Burlingame
state: CA
postalCode: 94217
country: USA
salesRepEmployeeNumber: 1165
creditLimit: 84600.00
customerNumber: 161
checkNumber: KG644125
paymentDate: 2005-02-02
amount: 12692.19
************\*\*\************* 222. row ************\*\*\*************
customerNumber: 487
customerName: Signal Collectibles Ltd.
contactLastName: Taylor
contactFirstName: Sue
phone: 4155554312
addressLine1: 2793 Furth Circle
addressLine2: NULL
city: Brisbane
state: CA
postalCode: 94217
country: USA
salesRepEmployeeNumber: 1165
creditLimit: 60300.00
customerNumber: 487
checkNumber: PT550181
paymentDate: 2004-02-29
amount: 12573.28
************\*\*\************* 223. row ************\*\*\*************
customerNumber: 167
customerName: Herkku Gifts
contactLastName: Oeztan
contactFirstName: Veysel
phone: +47 2267 3215
addressLine1: Brehmen St. 121
addressLine2: PR 334 Sentrum
city: Bergen
state: NULL
postalCode: N 5804
country: Norway  
salesRepEmployeeNumber: 1504
creditLimit: 96800.00
customerNumber: 167
checkNumber: ED743615
paymentDate: 2004-09-19
amount: 12538.01
************\*\*\************* 224. row ************\*\*\*************
customerNumber: 379
customerName: Collectables For Less Inc.
contactLastName: Nelson
contactFirstName: Allen
phone: 6175558555
addressLine1: 7825 Douglas Av.
addressLine2: NULL
city: Brickhaven
state: MA
postalCode: 58339
country: USA
salesRepEmployeeNumber: 1188
creditLimit: 70700.00
customerNumber: 379
checkNumber: GB890854
paymentDate: 2004-08-02
amount: 12530.51
************\*\*\************* 225. row ************\*\*\*************
customerNumber: 242
customerName: Alpha Cognac
contactLastName: Roulet
contactFirstName: Annette
phone: 61.77.6555
addressLine1: 1 rue Alsace-Lorraine
addressLine2: NULL
city: Toulouse
state: NULL
postalCode: 31000
country: France
salesRepEmployeeNumber: 1370
creditLimit: 61100.00
customerNumber: 242
checkNumber: HR224331
paymentDate: 2005-06-03
amount: 12432.32
************\*\*\************* 226. row ************\*\*\*************
customerNumber: 406
customerName: Auto Canal+ Petit
contactLastName: Perrier
contactFirstName: Dominique
phone: (1) 47.55.6555
addressLine1: 25, rue Lauriston
addressLine2: NULL
city: Paris
state: NULL
postalCode: 75016
country: France
salesRepEmployeeNumber: 1337
creditLimit: 95000.00
customerNumber: 406
checkNumber: BJMPR4545
paymentDate: 2005-04-23
amount: 12190.85
************\*\*\************* 227. row ************\*\*\*************
customerNumber: 381
customerName: Royale Belge
contactLastName: Cartrain
contactFirstName: Pascale
phone: (071) 23 67 2555
addressLine1: Boulevard Tirou, 255
addressLine2: NULL
city: Charleroi
state: NULL
postalCode: B-6000
country: Belgium
salesRepEmployeeNumber: 1401
creditLimit: 23500.00
customerNumber: 381
checkNumber: BC726082
paymentDate: 2004-12-03
amount: 12081.52
************\*\*\************* 228. row ************\*\*\*************
customerNumber: 173
customerName: Cambridge Collectables Co.
contactLastName: Tseng
contactFirstName: Jerry
phone: 6175555555
addressLine1: 4658 Baden Av.
addressLine2: NULL
city: Cambridge
state: MA
postalCode: 51247
country: USA
salesRepEmployeeNumber: 1188
creditLimit: 43400.00
customerNumber: 173
checkNumber: GP545698
paymentDate: 2004-05-13
amount: 11843.45
************\*\*\************* 229. row ************\*\*\*************
customerNumber: 124
customerName: Mini Gifts Distributors Ltd.
contactLastName: Nelson
contactFirstName: Susan
phone: 4155551450
addressLine1: 5677 Strong St.
addressLine2: NULL
city: San Rafael
state: CA
postalCode: 97562
country: USA
salesRepEmployeeNumber: 1165
creditLimit: 210500.00
customerNumber: 124
checkNumber: CQ287967
paymentDate: 2003-04-11
amount: 11044.30
************\*\*\************* 230. row ************\*\*\*************
customerNumber: 128
customerName: Blauer See Auto, Co.
contactLastName: Keitel
contactFirstName: Roland
phone: +49 69 66 90 2555
addressLine1: Lyonerstr. 34
addressLine2: NULL
city: Frankfurt
state: NULL
postalCode: 60528
country: Germany
salesRepEmployeeNumber: 1504
creditLimit: 59700.00
customerNumber: 128
checkNumber: DI925118
paymentDate: 2003-01-28
amount: 10549.01
************\*\*\************* 231. row ************\*\*\*************
customerNumber: 363
customerName: Online Diecast Creations Co.
contactLastName: Young
contactFirstName: Dorothy
phone: 6035558647
addressLine1: 2304 Long Airport Avenue
addressLine2: NULL
city: Nashua
state: NH
postalCode: 62005
country: USA
salesRepEmployeeNumber: 1216
creditLimit: 114200.00
customerNumber: 363
checkNumber: IS232033
paymentDate: 2003-01-16
amount: 10223.83
************\*\*\************* 232. row ************\*\*\*************
customerNumber: 462
customerName: FunGiftIdeas.com
contactLastName: Benitez
contactFirstName: Violeta
phone: 5085552555
addressLine1: 1785 First Street
addressLine2: NULL
city: New Bedford
state: MA
postalCode: 50553
country: USA
salesRepEmployeeNumber: 1216
creditLimit: 85800.00
customerNumber: 462
checkNumber: GC60330
paymentDate: 2003-11-08
amount: 9977.85
************\*\*\************* 233. row ************\*\*\*************
customerNumber: 333
customerName: Australian Gift Network, Co
contactLastName: Calaghan
contactFirstName: Ben
phone: 61-7-3844-6555
addressLine1: 31 Duncan St. West End
addressLine2: NULL
city: South Brisbane
state: Queensland
postalCode: 4101
country: Australia
salesRepEmployeeNumber: 1611
creditLimit: 51600.00
customerNumber: 333
checkNumber: JK479662
paymentDate: 2003-10-17
amount: 9821.32
************\*\*\************* 234. row ************\*\*\*************
customerNumber: 198
customerName: Auto-Moto Classics Inc.
contactLastName: Taylor
contactFirstName: Leslie
phone: 6175558428
addressLine1: 16780 Pompton St.
addressLine2: NULL
city: Brickhaven
state: MA
postalCode: 58339
country: USA
salesRepEmployeeNumber: 1216
creditLimit: 23000.00
customerNumber: 198
checkNumber: FI192930
paymentDate: 2004-12-06
amount: 9658.74
************\*\*\************* 235. row ************\*\*\*************
customerNumber: 471
customerName: Australian Collectables, Ltd
contactLastName: Clenahan
contactFirstName: Sean
phone: 61-9-3844-6555
addressLine1: 7 Allen Street
addressLine2: NULL
city: Glen Waverly
state: Victoria
postalCode: 3150
country: Australia
salesRepEmployeeNumber: 1611
creditLimit: 60300.00
customerNumber: 471
checkNumber: AB661578
paymentDate: 2004-07-28
amount: 9415.13
************\*\*\************* 236. row ************\*\*\*************
customerNumber: 452
customerName: Mini Auto Werke
contactLastName: Mendel
contactFirstName: Roland
phone: 7675-3555
addressLine1: Kirchgasse 6
addressLine2: NULL
city: Graz
state: NULL
postalCode: 8010
country: Austria
salesRepEmployeeNumber: 1401
creditLimit: 45300.00
customerNumber: 452
checkNumber: HG635467
paymentDate: 2005-05-03
amount: 8807.12
************\*\*\************* 237. row ************\*\*\*************
customerNumber: 320
customerName: Mini Creations Ltd.
contactLastName: Huang
contactFirstName: Wing
phone: 5085559555
addressLine1: 4575 Hillside Dr.
addressLine2: NULL
city: New Bedford
state: MA
postalCode: 50553
country: USA
salesRepEmployeeNumber: 1188
creditLimit: 94500.00
customerNumber: 320
checkNumber: GJ597719
paymentDate: 2005-01-18
amount: 8307.28
************\*\*\************* 238. row ************\*\*\*************
customerNumber: 475
customerName: West Coast Collectables Co.
contactLastName: Thompson
contactFirstName: Steve
phone: 3105553722
addressLine1: 3675 Furth Circle
addressLine2: NULL
city: Burbank
state: CA
postalCode: 94019
country: USA
salesRepEmployeeNumber: 1166
creditLimit: 55400.00
customerNumber: 475
checkNumber: JP113227
paymentDate: 2003-12-09
amount: 7678.25
************\*\*\************* 239. row ************\*\*\*************
customerNumber: 144
customerName: Volvo Model Replicas, Co
contactLastName: Berglund
contactFirstName: Christina
phone: 0921-12 3555
addressLine1: Berguvsvägen 8
addressLine2: NULL
city: Luleå
state: NULL
postalCode: S-958 22
country: Sweden
salesRepEmployeeNumber: 1504
creditLimit: 53100.00
customerNumber: 144
checkNumber: LA685678
paymentDate: 2003-04-09
amount: 7674.94
************\*\*\************* 240. row ************\*\*\*************
customerNumber: 473
customerName: Frau da Collezione
contactLastName: Ricotti
contactFirstName: Franco
phone: +39 022515555
addressLine1: 20093 Cologno Monzese
addressLine2: Alessandro Volta 16
city: Milan
state: NULL
postalCode: NULL
country: Italy
salesRepEmployeeNumber: 1401
creditLimit: 34800.00
customerNumber: 473
checkNumber: LL427009
paymentDate: 2004-02-17
amount: 7612.06
************\*\*\************* 241. row ************\*\*\*************
customerNumber: 114
customerName: Australian Collectors, Co.
contactLastName: Ferguson
contactFirstName: Peter
phone: 03 9520 4555
addressLine1: 636 St Kilda Road
addressLine2: Level 3
city: Melbourne
state: Victoria
postalCode: 3004
country: Australia
salesRepEmployeeNumber: 1611
creditLimit: 117300.00
customerNumber: 114
checkNumber: NP603840
paymentDate: 2003-05-31
amount: 7565.08
************\*\*\************* 242. row ************\*\*\*************
customerNumber: 128
customerName: Blauer See Auto, Co.
contactLastName: Keitel
contactFirstName: Roland
phone: +49 69 66 90 2555
addressLine1: Lyonerstr. 34
addressLine2: NULL
city: Frankfurt
state: NULL
postalCode: 60528
country: Germany
salesRepEmployeeNumber: 1504
creditLimit: 59700.00
customerNumber: 128
checkNumber: IP383901
paymentDate: 2004-11-18
amount: 7466.32
************\*\*\************* 243. row ************\*\*\*************
customerNumber: 489
customerName: Double Decker Gift Stores, Ltd
contactLastName: Smith
contactFirstName: Thomas
phone: (171) 555-7555
addressLine1: 120 Hanover Sq.
addressLine2: NULL
city: London
state: NULL
postalCode: WA1 1DP
country: UK
salesRepEmployeeNumber: 1501
creditLimit: 43300.00
customerNumber: 489
checkNumber: PO860906
paymentDate: 2004-01-31
amount: 7310.42
************\*\*\************* 244. row ************\*\*\*************
customerNumber: 328
customerName: Tekni Collectables Inc.
contactLastName: Brown
contactFirstName: William
phone: 2015559350
addressLine1: 7476 Moss Rd.
addressLine2: NULL
city: Newark
state: NJ
postalCode: 94019
country: USA
salesRepEmployeeNumber: 1323
creditLimit: 43000.00
customerNumber: 328
checkNumber: EN930356
paymentDate: 2004-04-16
amount: 7178.66
************\*\*\************* 245. row ************\*\*\*************
customerNumber: 447
customerName: Gift Ideas Corp.
contactLastName: Lewis
contactFirstName: Dan
phone: 2035554407
addressLine1: 2440 Pompton St.
addressLine2: NULL
city: Glendale
state: CT
postalCode: 97561
country: USA
salesRepEmployeeNumber: 1323
creditLimit: 49700.00
customerNumber: 447
checkNumber: AO757239
paymentDate: 2003-09-15
amount: 6631.36
************\*\*\************* 246. row ************\*\*\*************
customerNumber: 382
customerName: Salzburg Collectables
contactLastName: Pipps
contactFirstName: Georg
phone: 6562-9555
addressLine1: Geislweg 14
addressLine2: NULL
city: Salzburg
state: NULL
postalCode: 5020
country: Austria
salesRepEmployeeNumber: 1401
creditLimit: 71700.00
customerNumber: 382
checkNumber: CT821147
paymentDate: 2004-08-01
amount: 6419.84
************\*\*\************* 247. row ************\*\*\*************
customerNumber: 495
customerName: Diecast Collectables
contactLastName: Franco
contactFirstName: Valarie
phone: 6175552555
addressLine1: 6251 Ingle Ln.
addressLine2: NULL
city: Boston
state: MA
postalCode: 51003
country: USA
salesRepEmployeeNumber: 1188
creditLimit: 85100.00
customerNumber: 495
checkNumber: FN155234
paymentDate: 2004-05-14
amount: 6276.60
************\*\*\************* 248. row ************\*\*\*************
customerNumber: 103
customerName: Atelier graphique
contactLastName: Schmitt
contactFirstName: Carine
phone: 40.32.2555
addressLine1: 54, rue Royale
addressLine2: NULL
city: Nantes
state: NULL
postalCode: 44000
country: France
salesRepEmployeeNumber: 1370
creditLimit: 21000.00
customerNumber: 103
checkNumber: HQ336336
paymentDate: 2004-10-19
amount: 6066.78
************\*\*\************* 249. row ************\*\*\*************
customerNumber: 198
customerName: Auto-Moto Classics Inc.
contactLastName: Taylor
contactFirstName: Leslie
phone: 6175558428
addressLine1: 16780 Pompton St.
addressLine2: NULL
city: Brickhaven
state: MA
postalCode: 58339
country: USA
salesRepEmployeeNumber: 1216
creditLimit: 23000.00
customerNumber: 198
checkNumber: HQ920205
paymentDate: 2003-07-06
amount: 6036.96
************\*\*\************* 250. row ************\*\*\*************
customerNumber: 486
customerName: Motor Mint Distributors Inc.
contactLastName: Salazar
contactFirstName: Rosa
phone: 2155559857
addressLine1: 11328 Douglas Av.
addressLine2: NULL
city: Philadelphia
state: PA
postalCode: 71270
country: USA
salesRepEmployeeNumber: 1323
creditLimit: 72600.00
customerNumber: 486
checkNumber: BL66528
paymentDate: 2004-04-14
amount: 5899.38
************\*\*\************* 251. row ************\*\*\*************
customerNumber: 198
customerName: Auto-Moto Classics Inc.
contactLastName: Taylor
contactFirstName: Leslie
phone: 6175558428
addressLine1: 16780 Pompton St.
addressLine2: NULL
city: Brickhaven
state: MA
postalCode: 58339
country: USA
salesRepEmployeeNumber: 1216
creditLimit: 23000.00
customerNumber: 198
checkNumber: IS946883
paymentDate: 2004-09-21
amount: 5858.56
************\*\*\************* 252. row ************\*\*\*************
customerNumber: 256
customerName: Auto Associés & Cie.
contactLastName: Tonini
contactFirstName: Daniel
phone: 30.59.8555
addressLine1: 67, avenue de l'Europe
addressLine2: NULL
city: Versailles
state: NULL
postalCode: 78000
country: France
salesRepEmployeeNumber: 1370
creditLimit: 77900.00
customerNumber: 256
checkNumber: EP227123
paymentDate: 2004-02-10
amount: 5759.42
************\*\*\************* 253. row ************\*\*\*************
customerNumber: 181
customerName: Vitachrome Inc.
contactLastName: Frick
contactFirstName: Michael
phone: 2125551500
addressLine1: 2678 Kingston Rd.
addressLine2: Suite 101
city: NYC
state: NY
postalCode: 10022
country: USA
salesRepEmployeeNumber: 1286
creditLimit: 76400.00
customerNumber: 181
checkNumber: GQ132144
paymentDate: 2003-01-30
amount: 5494.78
************\*\*\************* 254. row ************\*\*\*************
customerNumber: 145
customerName: Danish Wholesale Imports
contactLastName: Petersen
contactFirstName: Jytte
phone: 31 12 3555
addressLine1: Vinbæltet 34
addressLine2: NULL
city: Kobenhavn
state: NULL
postalCode: 1734
country: Denmark
salesRepEmployeeNumber: 1401
creditLimit: 83400.00
customerNumber: 145
checkNumber: CN328545
paymentDate: 2004-07-03
amount: 4710.73
************\*\*\************* 255. row ************\*\*\*************
customerNumber: 209
customerName: Mini Caravy
contactLastName: Citeaux
contactFirstName: Frédérique
phone: 88.60.1555
addressLine1: 24, place Kléber
addressLine2: NULL
city: Strasbourg
state: NULL
postalCode: 67000
country: France
salesRepEmployeeNumber: 1370
creditLimit: 53800.00
customerNumber: 209
checkNumber: ED520529
paymentDate: 2004-06-21
amount: 4632.31
************\*\*\************* 256. row ************\*\*\*************
customerNumber: 219
customerName: Boards & Toys Co.
contactLastName: Young
contactFirstName: Mary
phone: 3105552373
addressLine1: 4097 Douglas Av.
addressLine2: NULL
city: Glendale
state: CA
postalCode: 92561
country: USA
salesRepEmployeeNumber: 1166
creditLimit: 11000.00
customerNumber: 219
checkNumber: BR941480
paymentDate: 2003-10-18
amount: 4465.85
************\*\*\************* 257. row ************\*\*\*************
customerNumber: 204
customerName: Online Mini Collectables
contactLastName: Barajas
contactFirstName: Miguel
phone: 6175557555
addressLine1: 7635 Spinnaker Dr.
addressLine2: NULL
city: Brickhaven
state: MA
postalCode: 58339
country: USA
salesRepEmployeeNumber: 1188
creditLimit: 68700.00
customerNumber: 204
checkNumber: IS150005
paymentDate: 2004-09-24
amount: 4424.40
************\*\*\************* 258. row ************\*\*\*************
customerNumber: 205
customerName: Toys4GrownUps.com
contactLastName: Young
contactFirstName: Julie
phone: 6265557265
addressLine1: 78934 Hillside Dr.
addressLine2: NULL
city: Pasadena
state: CA
postalCode: 90003
country: USA
salesRepEmployeeNumber: 1166
creditLimit: 90700.00
customerNumber: 205
checkNumber: GL756480
paymentDate: 2003-12-04
amount: 3879.96
************\*\*\************* 259. row ************\*\*\*************
customerNumber: 148
customerName: Dragon Souveniers, Ltd.
contactLastName: Natividad
contactFirstName: Eric
phone: +65 221 7555
addressLine1: Bronz Sok.
addressLine2: Bronz Apt. 3/6 Tesvikiye
city: Singapore
state: NULL
postalCode: 079903
country: Singapore
salesRepEmployeeNumber: 1621
creditLimit: 103800.00
customerNumber: 148
checkNumber: ME497970
paymentDate: 2005-03-27
amount: 3516.04
************\*\*\************* 260. row ************\*\*\*************
customerNumber: 484
customerName: Iberia Gift Imports, Corp.
contactLastName: Roel
contactFirstName: José Pedro
phone: (95) 555 82 82
addressLine1: C/ Romero, 33
addressLine2: NULL
city: Sevilla
state: NULL
postalCode: 41101
country: Spain
salesRepEmployeeNumber: 1702
creditLimit: 65700.00
customerNumber: 484
checkNumber: GK294076
paymentDate: 2004-10-26
amount: 3474.66
************\*\*\************* 261. row ************\*\*\*************
customerNumber: 219
customerName: Boards & Toys Co.
contactLastName: Young
contactFirstName: Mary
phone: 3105552373
addressLine1: 4097 Douglas Av.
addressLine2: NULL
city: Glendale
state: CA
postalCode: 92561
country: USA
salesRepEmployeeNumber: 1166
creditLimit: 11000.00
customerNumber: 219
checkNumber: BN17870
paymentDate: 2005-03-02
amount: 3452.75
************\*\*\************* 262. row ************\*\*\*************
customerNumber: 216
customerName: Enaco Distributors
contactLastName: Saavedra
contactFirstName: Eduardo
phone: (93) 203 4555
addressLine1: Rambla de Cataluña, 23
addressLine2: NULL
city: Barcelona
state: NULL
postalCode: 08022
country: Spain
salesRepEmployeeNumber: 1702
creditLimit: 60300.00
customerNumber: 216
checkNumber: BG407567
paymentDate: 2003-05-09
amount: 3101.40
************\*\*\************* 263. row ************\*\*\*************
customerNumber: 323
customerName: Down Under Souveniers, Inc
contactLastName: Graham
contactFirstName: Mike
phone: +64 9 312 5555
addressLine1: 162-164 Grafton Road
addressLine2: Level 2
city: Auckland  
 state: NULL
postalCode: NULL
country: New Zealand
salesRepEmployeeNumber: 1612
creditLimit: 88000.00
customerNumber: 323
checkNumber: HG738664
paymentDate: 2003-07-05
amount: 2880.00
************\*\*\************* 264. row ************\*\*\*************
customerNumber: 148
customerName: Dragon Souveniers, Ltd.
contactLastName: Natividad
contactFirstName: Eric
phone: +65 221 7555
addressLine1: Bronz Sok.
addressLine2: Bronz Apt. 3/6 Tesvikiye
city: Singapore
state: NULL
postalCode: 079903
country: Singapore
salesRepEmployeeNumber: 1621
creditLimit: 103800.00
customerNumber: 148
checkNumber: DD635282
paymentDate: 2004-08-11
amount: 2611.84
************\*\*\************* 265. row ************\*\*\*************
customerNumber: 161
customerName: Technics Stores Inc.
contactLastName: Hashimoto
contactFirstName: Juri
phone: 6505556809
addressLine1: 9408 Furth Circle
addressLine2: NULL
city: Burlingame
state: CA
postalCode: 94217
country: USA
salesRepEmployeeNumber: 1165
creditLimit: 84600.00
customerNumber: 161
checkNumber: BR352384
paymentDate: 2004-11-14
amount: 2434.25
************\*\*\************* 266. row ************\*\*\*************
customerNumber: 172
customerName: La Corne D'abondance, Co.
contactLastName: Bertrand
contactFirstName: Marie
phone: (1) 42.34.2555
addressLine1: 265, boulevard Charonne
addressLine2: NULL
city: Paris
state: NULL
postalCode: 75012
country: France
salesRepEmployeeNumber: 1337
creditLimit: 84300.00
customerNumber: 172
checkNumber: AD832091
paymentDate: 2004-09-09
amount: 1960.80
************\*\*\************* 267. row ************\*\*\*************
customerNumber: 350
customerName: Marseille Mini Autos
contactLastName: Lebihan
contactFirstName: Laurence
phone: 91.24.4555
addressLine1: 12, rue des Bouchers
addressLine2: NULL
city: Marseille
state: NULL
postalCode: 13008
country: France
salesRepEmployeeNumber: 1337
creditLimit: 65000.00
customerNumber: 350
checkNumber: OB648482
paymentDate: 2005-01-29
amount: 1834.56
************\*\*\************* 268. row ************\*\*\*************
customerNumber: 456
customerName: Microscale Inc.
contactLastName: Choi
contactFirstName: Yu
phone: 2125551957
addressLine1: 5290 North Pendale Street
addressLine2: Suite 200
city: NYC
state: NY
postalCode: 10022
country: USA
salesRepEmployeeNumber: 1286
creditLimit: 39800.00
customerNumber: 456
checkNumber: MO743231
paymentDate: 2004-04-30
amount: 1679.92
************\*\*\************* 269. row ************\*\*\*************
customerNumber: 103
customerName: Atelier graphique
contactLastName: Schmitt
contactFirstName: Carine
phone: 40.32.2555
addressLine1: 54, rue Royale
addressLine2: NULL
city: Nantes
state: NULL
postalCode: 44000
country: France
salesRepEmployeeNumber: 1370
creditLimit: 21000.00
customerNumber: 103
checkNumber: OM314933
paymentDate: 2004-12-18
amount: 1676.14
************\*\*\************* 270. row ************\*\*\*************
customerNumber: 381
customerName: Royale Belge
contactLastName: Cartrain
contactFirstName: Pascale
phone: (071) 23 67 2555
addressLine1: Boulevard Tirou, 255
addressLine2: NULL
city: Charleroi
state: NULL
postalCode: B-6000
country: Belgium
salesRepEmployeeNumber: 1401
creditLimit: 23500.00
customerNumber: 381
checkNumber: CC475233
paymentDate: 2003-04-19
amount: 1627.56
************\*\*\************* 271. row ************\*\*\*************
customerNumber: 121
customerName: Baane Mini Imports
contactLastName: Bergulfsen
contactFirstName: Jonas
phone: 07-98 9555
addressLine1: Erling Skakkes gate 78
addressLine2: NULL
city: Stavern
state: NULL
postalCode: 4110
country: Norway
salesRepEmployeeNumber: 1504
creditLimit: 81700.00
customerNumber: 121
checkNumber: FD317790
paymentDate: 2003-10-28
amount: 1491.38
************\*\*\************* 272. row ************\*\*\*************
customerNumber: 381
customerName: Royale Belge
contactLastName: Cartrain
contactFirstName: Pascale
phone: (071) 23 67 2555
addressLine1: Boulevard Tirou, 255
addressLine2: NULL
city: Charleroi
state: NULL
postalCode: B-6000
country: Belgium
salesRepEmployeeNumber: 1401
creditLimit: 23500.00
customerNumber: 381
checkNumber: MS154481
paymentDate: 2003-08-22
amount: 1128.20
************\*\*\************* 273. row ************\*\*\*************
customerNumber: 398
customerName: Tokyo Collectables, Ltd
contactLastName: Shimamura
contactFirstName: Akiko
phone: +81 3 3584 0555
addressLine1: 2-2-8 Roppongi
addressLine2: NULL
city: Minato-ku
state: Tokyo
postalCode: 106-0032
country: Japan
salesRepEmployeeNumber: 1621
creditLimit: 94400.00
customerNumber: 398
checkNumber: JPMR4544
paymentDate: 2005-05-18
amount: 615.45
************\*\*\************* 274. row ************\*\*\*************
customerNumber: 273
customerName: Franken Gifts, Co
contactLastName: Franken
contactFirstName: Peter
phone: 089-0877555
addressLine1: Berliner Platz 43
addressLine2: NULL
city: München
state: NULL
postalCode: 80805
country: Germany
salesRepEmployeeNumber: NULL
creditLimit: 0.00
customerNumber: NULL
checkNumber: NULL
paymentDate: NULL
amount: NULL
************\*\*\************* 275. row ************\*\*\*************
customerNumber: 465
customerName: Anton Designs, Ltd.
contactLastName: Anton
contactFirstName: Carmen
phone: +34 913 728555
addressLine1: c/ Gobelas, 19-1 Urb. La Florida
addressLine2: NULL
city: Madrid
state: NULL
postalCode: 28023
country: Spain
salesRepEmployeeNumber: NULL
creditLimit: 0.00
customerNumber: NULL
checkNumber: NULL
paymentDate: NULL
amount: NULL
************\*\*\************* 276. row ************\*\*\*************
customerNumber: 348
customerName: Asian Treasures, Inc.
contactLastName: McKenna
contactFirstName: Patricia
phone: 2967 555
addressLine1: 8 Johnstown Road
addressLine2: NULL
city: Cork
state: Co. Cork
postalCode: NULL
country: Ireland
salesRepEmployeeNumber: NULL
creditLimit: 0.00
customerNumber: NULL
checkNumber: NULL
paymentDate: NULL
amount: NULL
************\*\*\************* 277. row ************\*\*\*************
customerNumber: 443
customerName: Feuer Online Stores, Inc
contactLastName: Feuer
contactFirstName: Alexander
phone: 0342-555176
addressLine1: Heerstr. 22
addressLine2: NULL
city: Leipzig
state: NULL
postalCode: 04179
country: Germany
salesRepEmployeeNumber: NULL
creditLimit: 0.00
customerNumber: NULL
checkNumber: NULL
paymentDate: NULL
amount: NULL
************\*\*\************* 278. row ************\*\*\*************
customerNumber: 361
customerName: Kommission Auto
contactLastName: Josephs
contactFirstName: Karin
phone: 0251-555259
addressLine1: Luisenstr. 48
addressLine2: NULL
city: Münster
state: NULL
postalCode: 44087
country: Germany
salesRepEmployeeNumber: NULL
creditLimit: 0.00
customerNumber: NULL
checkNumber: NULL
paymentDate: NULL
amount: NULL
************\*\*\************* 279. row ************\*\*\*************
customerNumber: 369
customerName: Lisboa Souveniers, Inc
contactLastName: Rodriguez
contactFirstName: Lino
phone: (1) 354-2555
addressLine1: Jardim das rosas n. 32
addressLine2: NULL
city: Lisboa
state: NULL
postalCode: 1675
country: Portugal
salesRepEmployeeNumber: NULL
creditLimit: 0.00
customerNumber: NULL
checkNumber: NULL
paymentDate: NULL
amount: NULL
************\*\*\************* 280. row ************\*\*\*************
customerNumber: 223
customerName: Natürlich Autos
contactLastName: Kloss
contactFirstName: Horst
phone: 0372-555188
addressLine1: Taucherstraße 10
addressLine2: NULL
city: Cunewalde
state: NULL
postalCode: 01307
country: Germany
salesRepEmployeeNumber: NULL
creditLimit: 0.00
customerNumber: NULL
checkNumber: NULL
paymentDate: NULL
amount: NULL
************\*\*\************* 281. row ************\*\*\*************
customerNumber: 459
customerName: Warburg Exchange
contactLastName: Ottlieb
contactFirstName: Sven
phone: 0241-039123
addressLine1: Walserweg 21
addressLine2: NULL
city: Aachen
state: NULL
postalCode: 52066
country: Germany
salesRepEmployeeNumber: NULL
creditLimit: 0.00
customerNumber: NULL
checkNumber: NULL
paymentDate: NULL
amount: NULL
************\*\*\************* 282. row ************\*\*\*************
customerNumber: 477
customerName: Mit Vergnügen & Co.
contactLastName: Moos
contactFirstName: Hanna
phone: 0621-08555
addressLine1: Forsterstr. 57
addressLine2: NULL
city: Mannheim
state: NULL
postalCode: 68306
country: Germany
salesRepEmployeeNumber: NULL
creditLimit: 0.00
customerNumber: NULL
checkNumber: NULL
paymentDate: NULL
amount: NULL
************\*\*\************* 283. row ************\*\*\*************
customerNumber: 303
customerName: Schuyler Imports
contactLastName: Schuyler
contactFirstName: Bradley
phone: +31 20 491 9555
addressLine1: Kingsfordweg 151
addressLine2: NULL
city: Amsterdam
state: NULL
postalCode: 1043 GR
country: Netherlands
salesRepEmployeeNumber: NULL
creditLimit: 0.00
customerNumber: NULL
checkNumber: NULL
paymentDate: NULL
amount: NULL
************\*\*\************* 284. row ************\*\*\*************
customerNumber: 206
customerName: Asian Shopping Network, Co
contactLastName: Walker
contactFirstName: Brydey
phone: +612 9411 1555
addressLine1: Suntec Tower Three
addressLine2: 8 Temasek
city: Singapore
state: NULL
postalCode: 038988
country: Singapore
salesRepEmployeeNumber: NULL
creditLimit: 0.00
customerNumber: NULL
checkNumber: NULL
paymentDate: NULL
amount: NULL
************\*\*\************* 285. row ************\*\*\*************
customerNumber: 237
customerName: ANG Resellers
contactLastName: Camino
contactFirstName: Alejandra
phone: (91) 745 6555
addressLine1: Gran Vía, 1
addressLine2: NULL
city: Madrid
state: NULL
postalCode: 28001
country: Spain
salesRepEmployeeNumber: NULL
creditLimit: 0.00
customerNumber: NULL
checkNumber: NULL
paymentDate: NULL
amount: NULL
************\*\*\************* 286. row ************\*\*\*************
customerNumber: 293
customerName: BG&E Collectables
contactLastName: Harrison
contactFirstName: Ed
phone: +41 26 425 50 01
addressLine1: Rte des Arsenaux 41
addressLine2: NULL
city: Fribourg
state: NULL
postalCode: 1700
country: Switzerland
salesRepEmployeeNumber: NULL
creditLimit: 0.00
customerNumber: NULL
checkNumber: NULL
paymentDate: NULL
amount: NULL
************\*\*\************* 287. row ************\*\*\*************
customerNumber: 168
customerName: American Souvenirs Inc
contactLastName: Franco
contactFirstName: Keith
phone: 2035557845
addressLine1: 149 Spinnaker Dr.
addressLine2: Suite 101
city: New Haven
state: CT
postalCode: 97823
country: USA
salesRepEmployeeNumber: 1286
creditLimit: 0.00
customerNumber: NULL
checkNumber: NULL
paymentDate: NULL
amount: NULL
************\*\*\************* 288. row ************\*\*\*************
customerNumber: 376
customerName: Precious Collectables
contactLastName: Urs
contactFirstName: Braun
phone: 0452-076555
addressLine1: Hauptstr. 29
addressLine2: NULL
city: Bern
state: NULL
postalCode: 3012
country: Switzerland
salesRepEmployeeNumber: 1702
creditLimit: 0.00
customerNumber: NULL
checkNumber: NULL
paymentDate: NULL
amount: NULL
************\*\*\************* 289. row ************\*\*\*************
customerNumber: 480
customerName: Kremlin Collectables, Co.
contactLastName: Semenov
contactFirstName: Alexander
phone: +7 812 293 0521
addressLine1: 2 Pobedy Square
addressLine2: NULL
city: Saint Petersburg
state: NULL
postalCode: 196143
country: Russia
salesRepEmployeeNumber: NULL
creditLimit: 0.00
customerNumber: NULL
checkNumber: NULL
paymentDate: NULL
amount: NULL
************\*\*\************* 290. row ************\*\*\*************
customerNumber: 307
customerName: Der Hund Imports
contactLastName: Andersen
contactFirstName: Mel
phone: 030-0074555
addressLine1: Obere Str. 57
addressLine2: NULL
city: Berlin
state: NULL
postalCode: 12209
country: Germany
salesRepEmployeeNumber: NULL
creditLimit: 0.00
customerNumber: NULL
checkNumber: NULL
paymentDate: NULL
amount: NULL
************\*\*\************* 291. row ************\*\*\*************
customerNumber: 356
customerName: SAR Distributors, Co
contactLastName: Kuger
contactFirstName: Armand
phone: +27 21 550 3555
addressLine1: 1250 Pretorius Street
addressLine2: NULL
city: Hatfield
state: Pretoria
postalCode: 0028
country: South Africa
salesRepEmployeeNumber: NULL
creditLimit: 0.00
customerNumber: NULL
checkNumber: NULL
paymentDate: NULL
amount: NULL
************\*\*\************* 292. row ************\*\*\*************
customerNumber: 169
customerName: Porto Imports Co.
contactLastName: de Castro
contactFirstName: Isabel
phone: (1) 356-5555
addressLine1: Estrada da saúde n. 58
addressLine2: NULL
city: Lisboa
state: NULL
postalCode: 1756
country: Portugal
salesRepEmployeeNumber: NULL
creditLimit: 0.00
customerNumber: NULL
checkNumber: NULL
paymentDate: NULL
amount: NULL
************\*\*\************* 293. row ************\*\*\*************
customerNumber: 247
customerName: Messner Shopping Network
contactLastName: Messner
contactFirstName: Renate
phone: 069-0555984
addressLine1: Magazinweg 7
addressLine2: NULL
city: Frankfurt
state: NULL
postalCode: 60528
country: Germany
salesRepEmployeeNumber: NULL
creditLimit: 0.00
customerNumber: NULL
checkNumber: NULL
paymentDate: NULL
amount: NULL
************\*\*\************* 294. row ************\*\*\*************
customerNumber: 125
customerName: Havel & Zbyszek Co
contactLastName: Piestrzeniewicz
contactFirstName: Zbyszek
phone: (26) 642-7555
addressLine1: ul. Filtrowa 68
addressLine2: NULL
city: Warszawa
state: NULL
postalCode: 01-012
country: Poland
salesRepEmployeeNumber: NULL
creditLimit: 0.00
customerNumber: NULL
checkNumber: NULL
paymentDate: NULL
amount: NULL
************\*\*\************* 295. row ************\*\*\*************
customerNumber: 481
customerName: Raanan Stores, Inc
contactLastName: Altagar,G M
contactFirstName: Raanan
phone: + 972 9 959 8555
addressLine1: 3 Hagalim Blv.
addressLine2: NULL
city: Herzlia
state: NULL
postalCode: 47625
country: Israel
salesRepEmployeeNumber: NULL
creditLimit: 0.00
customerNumber: NULL
checkNumber: NULL
paymentDate: NULL
amount: NULL
************\*\*\************* 296. row ************\*\*\*************
customerNumber: 335
customerName: Cramer Spezialitäten, Ltd
contactLastName: Cramer
contactFirstName: Philip
phone: 0555-09555
addressLine1: Maubelstr. 90
addressLine2: NULL
city: Brandenburg
state: NULL
postalCode: 14776
country: Germany
salesRepEmployeeNumber: NULL
creditLimit: 0.00
customerNumber: NULL
checkNumber: NULL
paymentDate: NULL
amount: NULL
************\*\*\************* 297. row ************\*\*\*************
customerNumber: 409
customerName: Stuttgart Collectable Exchange
contactLastName: Müller
contactFirstName: Rita
phone: 0711-555361
addressLine1: Adenauerallee 900
addressLine2: NULL
city: Stuttgart
state: NULL
postalCode: 70563
country: Germany
salesRepEmployeeNumber: NULL
creditLimit: 0.00
customerNumber: NULL
checkNumber: NULL
paymentDate: NULL
amount: NULL
297 rows in set (0.003 sec)

ERROR: No query specified

MariaDB [classicmodels]> MariaDB [classicmodels]> SELECT \* FROM customers c LEFT JOIN payments p ON c.customerNumber = p.customerNumber ORDER BY p.amount ASC\G;
************\*\*\************* 1. row ************\*\*\*************
customerNumber: 273
customerName: Franken Gifts, Co
contactLastName: Franken
contactFirstName: Peter
phone: 089-0877555
addressLine1: Berliner Platz 43
addressLine2: NULL
city: München
state: NULL
postalCode: 80805
country: Germany
salesRepEmployeeNumber: NULL
creditLimit: 0.00
customerNumber: NULL
checkNumber: NULL
paymentDate: NULL
amount: NULL
************\*\*\************* 2. row ************\*\*\*************
customerNumber: 465
customerName: Anton Designs, Ltd.
contactLastName: Anton
contactFirstName: Carmen
phone: +34 913 728555
addressLine1: c/ Gobelas, 19-1 Urb. La Florida
addressLine2: NULL
city: Madrid
state: NULL
postalCode: 28023
country: Spain
salesRepEmployeeNumber: NULL
creditLimit: 0.00
customerNumber: NULL
checkNumber: NULL
paymentDate: NULL
amount: NULL
************\*\*\************* 3. row ************\*\*\*************
customerNumber: 348
customerName: Asian Treasures, Inc.
contactLastName: McKenna
contactFirstName: Patricia
phone: 2967 555
addressLine1: 8 Johnstown Road
addressLine2: NULL
city: Cork
state: Co. Cork
postalCode: NULL
country: Ireland
salesRepEmployeeNumber: NULL
creditLimit: 0.00
customerNumber: NULL
checkNumber: NULL
paymentDate: NULL
amount: NULL
************\*\*\************* 4. row ************\*\*\*************
customerNumber: 443
customerName: Feuer Online Stores, Inc
contactLastName: Feuer
contactFirstName: Alexander
phone: 0342-555176
addressLine1: Heerstr. 22
addressLine2: NULL
city: Leipzig
state: NULL
postalCode: 04179
country: Germany
salesRepEmployeeNumber: NULL
creditLimit: 0.00
customerNumber: NULL
checkNumber: NULL
paymentDate: NULL
amount: NULL
************\*\*\************* 5. row ************\*\*\*************
customerNumber: 361
customerName: Kommission Auto
contactLastName: Josephs
contactFirstName: Karin
phone: 0251-555259
addressLine1: Luisenstr. 48
addressLine2: NULL
city: Münster
state: NULL
postalCode: 44087
country: Germany
salesRepEmployeeNumber: NULL
creditLimit: 0.00
customerNumber: NULL
checkNumber: NULL
paymentDate: NULL
amount: NULL
************\*\*\************* 6. row ************\*\*\*************
customerNumber: 369
customerName: Lisboa Souveniers, Inc
contactLastName: Rodriguez
contactFirstName: Lino
phone: (1) 354-2555
addressLine1: Jardim das rosas n. 32
addressLine2: NULL
city: Lisboa
state: NULL
postalCode: 1675
country: Portugal
salesRepEmployeeNumber: NULL
creditLimit: 0.00
customerNumber: NULL
checkNumber: NULL
paymentDate: NULL
amount: NULL
************\*\*\************* 7. row ************\*\*\*************
customerNumber: 223
customerName: Natürlich Autos
contactLastName: Kloss
contactFirstName: Horst
phone: 0372-555188
addressLine1: Taucherstraße 10
addressLine2: NULL
city: Cunewalde
state: NULL
postalCode: 01307
country: Germany
salesRepEmployeeNumber: NULL
creditLimit: 0.00
customerNumber: NULL
checkNumber: NULL
paymentDate: NULL
amount: NULL
************\*\*\************* 8. row ************\*\*\*************
customerNumber: 459
customerName: Warburg Exchange
contactLastName: Ottlieb
contactFirstName: Sven
phone: 0241-039123
addressLine1: Walserweg 21
addressLine2: NULL
city: Aachen
state: NULL
postalCode: 52066
country: Germany
salesRepEmployeeNumber: NULL
creditLimit: 0.00
customerNumber: NULL
checkNumber: NULL
paymentDate: NULL
amount: NULL
************\*\*\************* 9. row ************\*\*\*************
customerNumber: 477
customerName: Mit Vergnügen & Co.
contactLastName: Moos
contactFirstName: Hanna
phone: 0621-08555
addressLine1: Forsterstr. 57
addressLine2: NULL
city: Mannheim
state: NULL
postalCode: 68306
country: Germany
salesRepEmployeeNumber: NULL
creditLimit: 0.00
customerNumber: NULL
checkNumber: NULL
paymentDate: NULL
amount: NULL
************\*\*\************* 10. row ************\*\*\*************
customerNumber: 303
customerName: Schuyler Imports
contactLastName: Schuyler
contactFirstName: Bradley
phone: +31 20 491 9555
addressLine1: Kingsfordweg 151
addressLine2: NULL
city: Amsterdam
state: NULL
postalCode: 1043 GR
country: Netherlands
salesRepEmployeeNumber: NULL
creditLimit: 0.00
customerNumber: NULL
checkNumber: NULL
paymentDate: NULL
amount: NULL
************\*\*\************* 11. row ************\*\*\*************
customerNumber: 206
customerName: Asian Shopping Network, Co
contactLastName: Walker
contactFirstName: Brydey
phone: +612 9411 1555
addressLine1: Suntec Tower Three
addressLine2: 8 Temasek
city: Singapore
state: NULL
postalCode: 038988
country: Singapore
salesRepEmployeeNumber: NULL
creditLimit: 0.00
customerNumber: NULL
checkNumber: NULL
paymentDate: NULL
amount: NULL
************\*\*\************* 12. row ************\*\*\*************
customerNumber: 237
customerName: ANG Resellers
contactLastName: Camino
contactFirstName: Alejandra
phone: (91) 745 6555
addressLine1: Gran Vía, 1
addressLine2: NULL
city: Madrid
state: NULL
postalCode: 28001
country: Spain
salesRepEmployeeNumber: NULL
creditLimit: 0.00
customerNumber: NULL
checkNumber: NULL
paymentDate: NULL
amount: NULL
************\*\*\************* 13. row ************\*\*\*************
customerNumber: 293
customerName: BG&E Collectables
contactLastName: Harrison
contactFirstName: Ed
phone: +41 26 425 50 01
addressLine1: Rte des Arsenaux 41
addressLine2: NULL
city: Fribourg
state: NULL
postalCode: 1700
country: Switzerland
salesRepEmployeeNumber: NULL
creditLimit: 0.00
customerNumber: NULL
checkNumber: NULL
paymentDate: NULL
amount: NULL
************\*\*\************* 14. row ************\*\*\*************
customerNumber: 168
customerName: American Souvenirs Inc
contactLastName: Franco
contactFirstName: Keith
phone: 2035557845
addressLine1: 149 Spinnaker Dr.
addressLine2: Suite 101
city: New Haven
state: CT
postalCode: 97823
country: USA
salesRepEmployeeNumber: 1286
creditLimit: 0.00
customerNumber: NULL
checkNumber: NULL
paymentDate: NULL
amount: NULL
************\*\*\************* 15. row ************\*\*\*************
customerNumber: 376
customerName: Precious Collectables
contactLastName: Urs
contactFirstName: Braun
phone: 0452-076555
addressLine1: Hauptstr. 29
addressLine2: NULL
city: Bern
state: NULL
postalCode: 3012
country: Switzerland
salesRepEmployeeNumber: 1702
creditLimit: 0.00
customerNumber: NULL
checkNumber: NULL
paymentDate: NULL
amount: NULL
************\*\*\************* 16. row ************\*\*\*************
customerNumber: 480
customerName: Kremlin Collectables, Co.
contactLastName: Semenov
contactFirstName: Alexander
phone: +7 812 293 0521
addressLine1: 2 Pobedy Square
addressLine2: NULL
city: Saint Petersburg
state: NULL
postalCode: 196143
country: Russia
salesRepEmployeeNumber: NULL
creditLimit: 0.00
customerNumber: NULL
checkNumber: NULL
paymentDate: NULL
amount: NULL
************\*\*\************* 17. row ************\*\*\*************
customerNumber: 307
customerName: Der Hund Imports
contactLastName: Andersen
contactFirstName: Mel
phone: 030-0074555
addressLine1: Obere Str. 57
addressLine2: NULL
city: Berlin
state: NULL
postalCode: 12209
country: Germany
salesRepEmployeeNumber: NULL
creditLimit: 0.00
customerNumber: NULL
checkNumber: NULL
paymentDate: NULL
amount: NULL
************\*\*\************* 18. row ************\*\*\*************
customerNumber: 356
customerName: SAR Distributors, Co
contactLastName: Kuger
contactFirstName: Armand
phone: +27 21 550 3555
addressLine1: 1250 Pretorius Street
addressLine2: NULL
city: Hatfield
state: Pretoria
postalCode: 0028
country: South Africa
salesRepEmployeeNumber: NULL
creditLimit: 0.00
customerNumber: NULL
checkNumber: NULL
paymentDate: NULL
amount: NULL
************\*\*\************* 19. row ************\*\*\*************
customerNumber: 169
customerName: Porto Imports Co.
contactLastName: de Castro
contactFirstName: Isabel
phone: (1) 356-5555
addressLine1: Estrada da saúde n. 58
addressLine2: NULL
city: Lisboa
state: NULL
postalCode: 1756
country: Portugal
salesRepEmployeeNumber: NULL
creditLimit: 0.00
customerNumber: NULL
checkNumber: NULL
paymentDate: NULL
amount: NULL
************\*\*\************* 20. row ************\*\*\*************
customerNumber: 247
customerName: Messner Shopping Network
contactLastName: Messner
contactFirstName: Renate
phone: 069-0555984
addressLine1: Magazinweg 7
addressLine2: NULL
city: Frankfurt
state: NULL
postalCode: 60528
country: Germany
salesRepEmployeeNumber: NULL
creditLimit: 0.00
customerNumber: NULL
checkNumber: NULL
paymentDate: NULL
amount: NULL
************\*\*\************* 21. row ************\*\*\*************
customerNumber: 125
customerName: Havel & Zbyszek Co
contactLastName: Piestrzeniewicz
contactFirstName: Zbyszek
phone: (26) 642-7555
addressLine1: ul. Filtrowa 68
addressLine2: NULL
city: Warszawa
state: NULL
postalCode: 01-012
country: Poland
salesRepEmployeeNumber: NULL
creditLimit: 0.00
customerNumber: NULL
checkNumber: NULL
paymentDate: NULL
amount: NULL
************\*\*\************* 22. row ************\*\*\*************
customerNumber: 481
customerName: Raanan Stores, Inc
contactLastName: Altagar,G M
contactFirstName: Raanan
phone: + 972 9 959 8555
addressLine1: 3 Hagalim Blv.
addressLine2: NULL
city: Herzlia
state: NULL
postalCode: 47625
country: Israel
salesRepEmployeeNumber: NULL
creditLimit: 0.00
customerNumber: NULL
checkNumber: NULL
paymentDate: NULL
amount: NULL
************\*\*\************* 23. row ************\*\*\*************
customerNumber: 335
customerName: Cramer Spezialitäten, Ltd
contactLastName: Cramer
contactFirstName: Philip
phone: 0555-09555
addressLine1: Maubelstr. 90
addressLine2: NULL
city: Brandenburg
state: NULL
postalCode: 14776
country: Germany
salesRepEmployeeNumber: NULL
creditLimit: 0.00
customerNumber: NULL
checkNumber: NULL
paymentDate: NULL
amount: NULL
************\*\*\************* 24. row ************\*\*\*************
customerNumber: 409
customerName: Stuttgart Collectable Exchange
contactLastName: Müller
contactFirstName: Rita
phone: 0711-555361
addressLine1: Adenauerallee 900
addressLine2: NULL
city: Stuttgart
state: NULL
postalCode: 70563
country: Germany
salesRepEmployeeNumber: NULL
creditLimit: 0.00
customerNumber: NULL
checkNumber: NULL
paymentDate: NULL
amount: NULL
************\*\*\************* 25. row ************\*\*\*************
customerNumber: 398
customerName: Tokyo Collectables, Ltd
contactLastName: Shimamura
contactFirstName: Akiko
phone: +81 3 3584 0555
addressLine1: 2-2-8 Roppongi
addressLine2: NULL
city: Minato-ku
state: Tokyo
postalCode: 106-0032
country: Japan
salesRepEmployeeNumber: 1621
creditLimit: 94400.00
customerNumber: 398
checkNumber: JPMR4544
paymentDate: 2005-05-18
amount: 615.45
************\*\*\************* 26. row ************\*\*\*************
customerNumber: 381
customerName: Royale Belge
contactLastName: Cartrain
contactFirstName: Pascale
phone: (071) 23 67 2555
addressLine1: Boulevard Tirou, 255
addressLine2: NULL
city: Charleroi
state: NULL
postalCode: B-6000
country: Belgium
salesRepEmployeeNumber: 1401
creditLimit: 23500.00
customerNumber: 381
checkNumber: MS154481
paymentDate: 2003-08-22
amount: 1128.20
************\*\*\************* 27. row ************\*\*\*************
customerNumber: 121
customerName: Baane Mini Imports
contactLastName: Bergulfsen
contactFirstName: Jonas
phone: 07-98 9555
addressLine1: Erling Skakkes gate 78
addressLine2: NULL
city: Stavern
state: NULL
postalCode: 4110
country: Norway
salesRepEmployeeNumber: 1504
creditLimit: 81700.00
customerNumber: 121
checkNumber: FD317790
paymentDate: 2003-10-28
amount: 1491.38
************\*\*\************* 28. row ************\*\*\*************
customerNumber: 381
customerName: Royale Belge
contactLastName: Cartrain
contactFirstName: Pascale
phone: (071) 23 67 2555
addressLine1: Boulevard Tirou, 255
addressLine2: NULL
city: Charleroi
state: NULL
postalCode: B-6000
country: Belgium
salesRepEmployeeNumber: 1401
creditLimit: 23500.00
customerNumber: 381
checkNumber: CC475233
paymentDate: 2003-04-19
amount: 1627.56
************\*\*\************* 29. row ************\*\*\*************
customerNumber: 103
customerName: Atelier graphique
contactLastName: Schmitt
contactFirstName: Carine
phone: 40.32.2555
addressLine1: 54, rue Royale
addressLine2: NULL
city: Nantes
state: NULL
postalCode: 44000
country: France
salesRepEmployeeNumber: 1370
creditLimit: 21000.00
customerNumber: 103
checkNumber: OM314933
paymentDate: 2004-12-18
amount: 1676.14
************\*\*\************* 30. row ************\*\*\*************
customerNumber: 456
customerName: Microscale Inc.
contactLastName: Choi
contactFirstName: Yu
phone: 2125551957
addressLine1: 5290 North Pendale Street
addressLine2: Suite 200
city: NYC
state: NY
postalCode: 10022
country: USA
salesRepEmployeeNumber: 1286
creditLimit: 39800.00
customerNumber: 456
checkNumber: MO743231
paymentDate: 2004-04-30
amount: 1679.92
************\*\*\************* 31. row ************\*\*\*************
customerNumber: 350
customerName: Marseille Mini Autos
contactLastName: Lebihan
contactFirstName: Laurence
phone: 91.24.4555
addressLine1: 12, rue des Bouchers
addressLine2: NULL
city: Marseille
state: NULL
postalCode: 13008
country: France
salesRepEmployeeNumber: 1337
creditLimit: 65000.00
customerNumber: 350
checkNumber: OB648482
paymentDate: 2005-01-29
amount: 1834.56
************\*\*\************* 32. row ************\*\*\*************
customerNumber: 172
customerName: La Corne D'abondance, Co.
contactLastName: Bertrand
contactFirstName: Marie
phone: (1) 42.34.2555
addressLine1: 265, boulevard Charonne
addressLine2: NULL
city: Paris
state: NULL
postalCode: 75012
country: France
salesRepEmployeeNumber: 1337
creditLimit: 84300.00
customerNumber: 172
checkNumber: AD832091
paymentDate: 2004-09-09
amount: 1960.80
************\*\*\************* 33. row ************\*\*\*************
customerNumber: 161
customerName: Technics Stores Inc.
contactLastName: Hashimoto
contactFirstName: Juri
phone: 6505556809
addressLine1: 9408 Furth Circle
addressLine2: NULL
city: Burlingame
state: CA
postalCode: 94217
country: USA
salesRepEmployeeNumber: 1165
creditLimit: 84600.00
customerNumber: 161
checkNumber: BR352384
paymentDate: 2004-11-14
amount: 2434.25
************\*\*\************* 34. row ************\*\*\*************
customerNumber: 148
customerName: Dragon Souveniers, Ltd.
contactLastName: Natividad
contactFirstName: Eric
phone: +65 221 7555
addressLine1: Bronz Sok.
addressLine2: Bronz Apt. 3/6 Tesvikiye
city: Singapore
state: NULL
postalCode: 079903
country: Singapore
salesRepEmployeeNumber: 1621
creditLimit: 103800.00
customerNumber: 148
checkNumber: DD635282
paymentDate: 2004-08-11
amount: 2611.84
************\*\*\************* 35. row ************\*\*\*************
customerNumber: 323
customerName: Down Under Souveniers, Inc
contactLastName: Graham
contactFirstName: Mike
phone: +64 9 312 5555
addressLine1: 162-164 Grafton Road
addressLine2: Level 2
city: Auckland  
 state: NULL
postalCode: NULL
country: New Zealand
salesRepEmployeeNumber: 1612
creditLimit: 88000.00
customerNumber: 323
checkNumber: HG738664
paymentDate: 2003-07-05
amount: 2880.00
************\*\*\************* 36. row ************\*\*\*************
customerNumber: 216
customerName: Enaco Distributors
contactLastName: Saavedra
contactFirstName: Eduardo
phone: (93) 203 4555
addressLine1: Rambla de Cataluña, 23
addressLine2: NULL
city: Barcelona
state: NULL
postalCode: 08022
country: Spain
salesRepEmployeeNumber: 1702
creditLimit: 60300.00
customerNumber: 216
checkNumber: BG407567
paymentDate: 2003-05-09
amount: 3101.40
************\*\*\************* 37. row ************\*\*\*************
customerNumber: 219
customerName: Boards & Toys Co.
contactLastName: Young
contactFirstName: Mary
phone: 3105552373
addressLine1: 4097 Douglas Av.
addressLine2: NULL
city: Glendale
state: CA
postalCode: 92561
country: USA
salesRepEmployeeNumber: 1166
creditLimit: 11000.00
customerNumber: 219
checkNumber: BN17870
paymentDate: 2005-03-02
amount: 3452.75
************\*\*\************* 38. row ************\*\*\*************
customerNumber: 484
customerName: Iberia Gift Imports, Corp.
contactLastName: Roel
contactFirstName: José Pedro
phone: (95) 555 82 82
addressLine1: C/ Romero, 33
addressLine2: NULL
city: Sevilla
state: NULL
postalCode: 41101
country: Spain
salesRepEmployeeNumber: 1702
creditLimit: 65700.00
customerNumber: 484
checkNumber: GK294076
paymentDate: 2004-10-26
amount: 3474.66
************\*\*\************* 39. row ************\*\*\*************
customerNumber: 148
customerName: Dragon Souveniers, Ltd.
contactLastName: Natividad
contactFirstName: Eric
phone: +65 221 7555
addressLine1: Bronz Sok.
addressLine2: Bronz Apt. 3/6 Tesvikiye
city: Singapore
state: NULL
postalCode: 079903
country: Singapore
salesRepEmployeeNumber: 1621
creditLimit: 103800.00
customerNumber: 148
checkNumber: ME497970
paymentDate: 2005-03-27
amount: 3516.04
************\*\*\************* 40. row ************\*\*\*************
customerNumber: 205
customerName: Toys4GrownUps.com
contactLastName: Young
contactFirstName: Julie
phone: 6265557265
addressLine1: 78934 Hillside Dr.
addressLine2: NULL
city: Pasadena
state: CA
postalCode: 90003
country: USA
salesRepEmployeeNumber: 1166
creditLimit: 90700.00
customerNumber: 205
checkNumber: GL756480
paymentDate: 2003-12-04
amount: 3879.96
************\*\*\************* 41. row ************\*\*\*************
customerNumber: 204
customerName: Online Mini Collectables
contactLastName: Barajas
contactFirstName: Miguel
phone: 6175557555
addressLine1: 7635 Spinnaker Dr.
addressLine2: NULL
city: Brickhaven
state: MA
postalCode: 58339
country: USA
salesRepEmployeeNumber: 1188
creditLimit: 68700.00
customerNumber: 204
checkNumber: IS150005
paymentDate: 2004-09-24
amount: 4424.40
************\*\*\************* 42. row ************\*\*\*************
customerNumber: 219
customerName: Boards & Toys Co.
contactLastName: Young
contactFirstName: Mary
phone: 3105552373
addressLine1: 4097 Douglas Av.
addressLine2: NULL
city: Glendale
state: CA
postalCode: 92561
country: USA
salesRepEmployeeNumber: 1166
creditLimit: 11000.00
customerNumber: 219
checkNumber: BR941480
paymentDate: 2003-10-18
amount: 4465.85
************\*\*\************* 43. row ************\*\*\*************
customerNumber: 209
customerName: Mini Caravy
contactLastName: Citeaux
contactFirstName: Frédérique
phone: 88.60.1555
addressLine1: 24, place Kléber
addressLine2: NULL
city: Strasbourg
state: NULL
postalCode: 67000
country: France
salesRepEmployeeNumber: 1370
creditLimit: 53800.00
customerNumber: 209
checkNumber: ED520529
paymentDate: 2004-06-21
amount: 4632.31
************\*\*\************* 44. row ************\*\*\*************
customerNumber: 145
customerName: Danish Wholesale Imports
contactLastName: Petersen
contactFirstName: Jytte
phone: 31 12 3555
addressLine1: Vinbæltet 34
addressLine2: NULL
city: Kobenhavn
state: NULL
postalCode: 1734
country: Denmark
salesRepEmployeeNumber: 1401
creditLimit: 83400.00
customerNumber: 145
checkNumber: CN328545
paymentDate: 2004-07-03
amount: 4710.73
************\*\*\************* 45. row ************\*\*\*************
customerNumber: 181
customerName: Vitachrome Inc.
contactLastName: Frick
contactFirstName: Michael
phone: 2125551500
addressLine1: 2678 Kingston Rd.
addressLine2: Suite 101
city: NYC
state: NY
postalCode: 10022
country: USA
salesRepEmployeeNumber: 1286
creditLimit: 76400.00
customerNumber: 181
checkNumber: GQ132144
paymentDate: 2003-01-30
amount: 5494.78
************\*\*\************* 46. row ************\*\*\*************
customerNumber: 256
customerName: Auto Associés & Cie.
contactLastName: Tonini
contactFirstName: Daniel
phone: 30.59.8555
addressLine1: 67, avenue de l'Europe
addressLine2: NULL
city: Versailles
state: NULL
postalCode: 78000
country: France
salesRepEmployeeNumber: 1370
creditLimit: 77900.00
customerNumber: 256
checkNumber: EP227123
paymentDate: 2004-02-10
amount: 5759.42
************\*\*\************* 47. row ************\*\*\*************
customerNumber: 198
customerName: Auto-Moto Classics Inc.
contactLastName: Taylor
contactFirstName: Leslie
phone: 6175558428
addressLine1: 16780 Pompton St.
addressLine2: NULL
city: Brickhaven
state: MA
postalCode: 58339
country: USA
salesRepEmployeeNumber: 1216
creditLimit: 23000.00
customerNumber: 198
checkNumber: IS946883
paymentDate: 2004-09-21
amount: 5858.56
************\*\*\************* 48. row ************\*\*\*************
customerNumber: 486
customerName: Motor Mint Distributors Inc.
contactLastName: Salazar
contactFirstName: Rosa
phone: 2155559857
addressLine1: 11328 Douglas Av.
addressLine2: NULL
city: Philadelphia
state: PA
postalCode: 71270
country: USA
salesRepEmployeeNumber: 1323
creditLimit: 72600.00
customerNumber: 486
checkNumber: BL66528
paymentDate: 2004-04-14
amount: 5899.38
************\*\*\************* 49. row ************\*\*\*************
customerNumber: 198
customerName: Auto-Moto Classics Inc.
contactLastName: Taylor
contactFirstName: Leslie
phone: 6175558428
addressLine1: 16780 Pompton St.
addressLine2: NULL
city: Brickhaven
state: MA
postalCode: 58339
country: USA
salesRepEmployeeNumber: 1216
creditLimit: 23000.00
customerNumber: 198
checkNumber: HQ920205
paymentDate: 2003-07-06
amount: 6036.96
************\*\*\************* 50. row ************\*\*\*************
customerNumber: 103
customerName: Atelier graphique
contactLastName: Schmitt
contactFirstName: Carine
phone: 40.32.2555
addressLine1: 54, rue Royale
addressLine2: NULL
city: Nantes
state: NULL
postalCode: 44000
country: France
salesRepEmployeeNumber: 1370
creditLimit: 21000.00
customerNumber: 103
checkNumber: HQ336336
paymentDate: 2004-10-19
amount: 6066.78
************\*\*\************* 51. row ************\*\*\*************
customerNumber: 495
customerName: Diecast Collectables
contactLastName: Franco
contactFirstName: Valarie
phone: 6175552555
addressLine1: 6251 Ingle Ln.
addressLine2: NULL
city: Boston
state: MA
postalCode: 51003
country: USA
salesRepEmployeeNumber: 1188
creditLimit: 85100.00
customerNumber: 495
checkNumber: FN155234
paymentDate: 2004-05-14
amount: 6276.60
************\*\*\************* 52. row ************\*\*\*************
customerNumber: 382
customerName: Salzburg Collectables
contactLastName: Pipps
contactFirstName: Georg
phone: 6562-9555
addressLine1: Geislweg 14
addressLine2: NULL
city: Salzburg
state: NULL
postalCode: 5020
country: Austria
salesRepEmployeeNumber: 1401
creditLimit: 71700.00
customerNumber: 382
checkNumber: CT821147
paymentDate: 2004-08-01
amount: 6419.84
************\*\*\************* 53. row ************\*\*\*************
customerNumber: 447
customerName: Gift Ideas Corp.
contactLastName: Lewis
contactFirstName: Dan
phone: 2035554407
addressLine1: 2440 Pompton St.
addressLine2: NULL
city: Glendale
state: CT
postalCode: 97561
country: USA
salesRepEmployeeNumber: 1323
creditLimit: 49700.00
customerNumber: 447
checkNumber: AO757239
paymentDate: 2003-09-15
amount: 6631.36
************\*\*\************* 54. row ************\*\*\*************
customerNumber: 328
customerName: Tekni Collectables Inc.
contactLastName: Brown
contactFirstName: William
phone: 2015559350
addressLine1: 7476 Moss Rd.
addressLine2: NULL
city: Newark
state: NJ
postalCode: 94019
country: USA
salesRepEmployeeNumber: 1323
creditLimit: 43000.00
customerNumber: 328
checkNumber: EN930356
paymentDate: 2004-04-16
amount: 7178.66
************\*\*\************* 55. row ************\*\*\*************
customerNumber: 489
customerName: Double Decker Gift Stores, Ltd
contactLastName: Smith
contactFirstName: Thomas
phone: (171) 555-7555
addressLine1: 120 Hanover Sq.
addressLine2: NULL
city: London
state: NULL
postalCode: WA1 1DP
country: UK
salesRepEmployeeNumber: 1501
creditLimit: 43300.00
customerNumber: 489
checkNumber: PO860906
paymentDate: 2004-01-31
amount: 7310.42
************\*\*\************* 56. row ************\*\*\*************
customerNumber: 128
customerName: Blauer See Auto, Co.
contactLastName: Keitel
contactFirstName: Roland
phone: +49 69 66 90 2555
addressLine1: Lyonerstr. 34
addressLine2: NULL
city: Frankfurt
state: NULL
postalCode: 60528
country: Germany
salesRepEmployeeNumber: 1504
creditLimit: 59700.00
customerNumber: 128
checkNumber: IP383901
paymentDate: 2004-11-18
amount: 7466.32
************\*\*\************* 57. row ************\*\*\*************
customerNumber: 114
customerName: Australian Collectors, Co.
contactLastName: Ferguson
contactFirstName: Peter
phone: 03 9520 4555
addressLine1: 636 St Kilda Road
addressLine2: Level 3
city: Melbourne
state: Victoria
postalCode: 3004
country: Australia
salesRepEmployeeNumber: 1611
creditLimit: 117300.00
customerNumber: 114
checkNumber: NP603840
paymentDate: 2003-05-31
amount: 7565.08
************\*\*\************* 58. row ************\*\*\*************
customerNumber: 473
customerName: Frau da Collezione
contactLastName: Ricotti
contactFirstName: Franco
phone: +39 022515555
addressLine1: 20093 Cologno Monzese
addressLine2: Alessandro Volta 16
city: Milan
state: NULL
postalCode: NULL
country: Italy
salesRepEmployeeNumber: 1401
creditLimit: 34800.00
customerNumber: 473
checkNumber: LL427009
paymentDate: 2004-02-17
amount: 7612.06
************\*\*\************* 59. row ************\*\*\*************
customerNumber: 144
customerName: Volvo Model Replicas, Co
contactLastName: Berglund
contactFirstName: Christina
phone: 0921-12 3555
addressLine1: Berguvsvägen 8
addressLine2: NULL
city: Luleå
state: NULL
postalCode: S-958 22
country: Sweden
salesRepEmployeeNumber: 1504
creditLimit: 53100.00
customerNumber: 144
checkNumber: LA685678
paymentDate: 2003-04-09
amount: 7674.94
************\*\*\************* 60. row ************\*\*\*************
customerNumber: 475
customerName: West Coast Collectables Co.
contactLastName: Thompson
contactFirstName: Steve
phone: 3105553722
addressLine1: 3675 Furth Circle
addressLine2: NULL
city: Burbank
state: CA
postalCode: 94019
country: USA
salesRepEmployeeNumber: 1166
creditLimit: 55400.00
customerNumber: 475
checkNumber: JP113227
paymentDate: 2003-12-09
amount: 7678.25
************\*\*\************* 61. row ************\*\*\*************
customerNumber: 320
customerName: Mini Creations Ltd.
contactLastName: Huang
contactFirstName: Wing
phone: 5085559555
addressLine1: 4575 Hillside Dr.
addressLine2: NULL
city: New Bedford
state: MA
postalCode: 50553
country: USA
salesRepEmployeeNumber: 1188
creditLimit: 94500.00
customerNumber: 320
checkNumber: GJ597719
paymentDate: 2005-01-18
amount: 8307.28
************\*\*\************* 62. row ************\*\*\*************
customerNumber: 452
customerName: Mini Auto Werke
contactLastName: Mendel
contactFirstName: Roland
phone: 7675-3555
addressLine1: Kirchgasse 6
addressLine2: NULL
city: Graz
state: NULL
postalCode: 8010
country: Austria
salesRepEmployeeNumber: 1401
creditLimit: 45300.00
customerNumber: 452
checkNumber: HG635467
paymentDate: 2005-05-03
amount: 8807.12
************\*\*\************* 63. row ************\*\*\*************
customerNumber: 471
customerName: Australian Collectables, Ltd
contactLastName: Clenahan
contactFirstName: Sean
phone: 61-9-3844-6555
addressLine1: 7 Allen Street
addressLine2: NULL
city: Glen Waverly
state: Victoria
postalCode: 3150
country: Australia
salesRepEmployeeNumber: 1611
creditLimit: 60300.00
customerNumber: 471
checkNumber: AB661578
paymentDate: 2004-07-28
amount: 9415.13
************\*\*\************* 64. row ************\*\*\*************
customerNumber: 198
customerName: Auto-Moto Classics Inc.
contactLastName: Taylor
contactFirstName: Leslie
phone: 6175558428
addressLine1: 16780 Pompton St.
addressLine2: NULL
city: Brickhaven
state: MA
postalCode: 58339
country: USA
salesRepEmployeeNumber: 1216
creditLimit: 23000.00
customerNumber: 198
checkNumber: FI192930
paymentDate: 2004-12-06
amount: 9658.74
************\*\*\************* 65. row ************\*\*\*************
customerNumber: 333
customerName: Australian Gift Network, Co
contactLastName: Calaghan
contactFirstName: Ben
phone: 61-7-3844-6555
addressLine1: 31 Duncan St. West End
addressLine2: NULL
city: South Brisbane
state: Queensland
postalCode: 4101
country: Australia
salesRepEmployeeNumber: 1611
creditLimit: 51600.00
customerNumber: 333
checkNumber: JK479662
paymentDate: 2003-10-17
amount: 9821.32
************\*\*\************* 66. row ************\*\*\*************
customerNumber: 462
customerName: FunGiftIdeas.com
contactLastName: Benitez
contactFirstName: Violeta
phone: 5085552555
addressLine1: 1785 First Street
addressLine2: NULL
city: New Bedford
state: MA
postalCode: 50553
country: USA
salesRepEmployeeNumber: 1216
creditLimit: 85800.00
customerNumber: 462
checkNumber: GC60330
paymentDate: 2003-11-08
amount: 9977.85
************\*\*\************* 67. row ************\*\*\*************
customerNumber: 363
customerName: Online Diecast Creations Co.
contactLastName: Young
contactFirstName: Dorothy
phone: 6035558647
addressLine1: 2304 Long Airport Avenue
addressLine2: NULL
city: Nashua
state: NH
postalCode: 62005
country: USA
salesRepEmployeeNumber: 1216
creditLimit: 114200.00
customerNumber: 363
checkNumber: IS232033
paymentDate: 2003-01-16
amount: 10223.83
************\*\*\************* 68. row ************\*\*\*************
customerNumber: 128
customerName: Blauer See Auto, Co.
contactLastName: Keitel
contactFirstName: Roland
phone: +49 69 66 90 2555
addressLine1: Lyonerstr. 34
addressLine2: NULL
city: Frankfurt
state: NULL
postalCode: 60528
country: Germany
salesRepEmployeeNumber: 1504
creditLimit: 59700.00
customerNumber: 128
checkNumber: DI925118
paymentDate: 2003-01-28
amount: 10549.01
************\*\*\************* 69. row ************\*\*\*************
customerNumber: 124
customerName: Mini Gifts Distributors Ltd.
contactLastName: Nelson
contactFirstName: Susan
phone: 4155551450
addressLine1: 5677 Strong St.
addressLine2: NULL
city: San Rafael
state: CA
postalCode: 97562
country: USA
salesRepEmployeeNumber: 1165
creditLimit: 210500.00
customerNumber: 124
checkNumber: CQ287967
paymentDate: 2003-04-11
amount: 11044.30
************\*\*\************* 70. row ************\*\*\*************
customerNumber: 173
customerName: Cambridge Collectables Co.
contactLastName: Tseng
contactFirstName: Jerry
phone: 6175555555
addressLine1: 4658 Baden Av.
addressLine2: NULL
city: Cambridge
state: MA
postalCode: 51247
country: USA
salesRepEmployeeNumber: 1188
creditLimit: 43400.00
customerNumber: 173
checkNumber: GP545698
paymentDate: 2004-05-13
amount: 11843.45
************\*\*\************* 71. row ************\*\*\*************
customerNumber: 381
customerName: Royale Belge
contactLastName: Cartrain
contactFirstName: Pascale
phone: (071) 23 67 2555
addressLine1: Boulevard Tirou, 255
addressLine2: NULL
city: Charleroi
state: NULL
postalCode: B-6000
country: Belgium
salesRepEmployeeNumber: 1401
creditLimit: 23500.00
customerNumber: 381
checkNumber: BC726082
paymentDate: 2004-12-03
amount: 12081.52
************\*\*\************* 72. row ************\*\*\*************
customerNumber: 406
customerName: Auto Canal+ Petit
contactLastName: Perrier
contactFirstName: Dominique
phone: (1) 47.55.6555
addressLine1: 25, rue Lauriston
addressLine2: NULL
city: Paris
state: NULL
postalCode: 75016
country: France
salesRepEmployeeNumber: 1337
creditLimit: 95000.00
customerNumber: 406
checkNumber: BJMPR4545
paymentDate: 2005-04-23
amount: 12190.85
************\*\*\************* 73. row ************\*\*\*************
customerNumber: 242
customerName: Alpha Cognac
contactLastName: Roulet
contactFirstName: Annette
phone: 61.77.6555
addressLine1: 1 rue Alsace-Lorraine
addressLine2: NULL
city: Toulouse
state: NULL
postalCode: 31000
country: France
salesRepEmployeeNumber: 1370
creditLimit: 61100.00
customerNumber: 242
checkNumber: HR224331
paymentDate: 2005-06-03
amount: 12432.32
************\*\*\************* 74. row ************\*\*\*************
customerNumber: 379
customerName: Collectables For Less Inc.
contactLastName: Nelson
contactFirstName: Allen
phone: 6175558555
addressLine1: 7825 Douglas Av.
addressLine2: NULL
city: Brickhaven
state: MA
postalCode: 58339
country: USA
salesRepEmployeeNumber: 1188
creditLimit: 70700.00
customerNumber: 379
checkNumber: GB890854
paymentDate: 2004-08-02
amount: 12530.51
************\*\*\************* 75. row ************\*\*\*************
customerNumber: 167
customerName: Herkku Gifts
contactLastName: Oeztan
contactFirstName: Veysel
phone: +47 2267 3215
addressLine1: Brehmen St. 121
addressLine2: PR 334 Sentrum
city: Bergen
state: NULL
postalCode: N 5804
country: Norway  
salesRepEmployeeNumber: 1504
creditLimit: 96800.00
customerNumber: 167
checkNumber: ED743615
paymentDate: 2004-09-19
amount: 12538.01
************\*\*\************* 76. row ************\*\*\*************
customerNumber: 487
customerName: Signal Collectibles Ltd.
contactLastName: Taylor
contactFirstName: Sue
phone: 4155554312
addressLine1: 2793 Furth Circle
addressLine2: NULL
city: Brisbane
state: CA
postalCode: 94217
country: USA
salesRepEmployeeNumber: 1165
creditLimit: 60300.00
customerNumber: 487
checkNumber: PT550181
paymentDate: 2004-02-29
amount: 12573.28
************\*\*\************* 77. row ************\*\*\*************
customerNumber: 161
customerName: Technics Stores Inc.
contactLastName: Hashimoto
contactFirstName: Juri
phone: 6505556809
addressLine1: 9408 Furth Circle
addressLine2: NULL
city: Burlingame
state: CA
postalCode: 94217
country: USA
salesRepEmployeeNumber: 1165
creditLimit: 84600.00
customerNumber: 161
checkNumber: KG644125
paymentDate: 2005-02-02
amount: 12692.19
************\*\*\************* 78. row ************\*\*\*************
customerNumber: 324
customerName: Stylish Desk Decors, Co.
contactLastName: Brown
contactFirstName: Ann
phone: (171) 555-0297
addressLine1: 35 King George
addressLine2: NULL
city: London
state: NULL
postalCode: WX3 6FW
country: UK
salesRepEmployeeNumber: 1501
creditLimit: 77000.00
customerNumber: 324
checkNumber: DQ409197
paymentDate: 2004-12-13
amount: 13671.82
************\*\*\************* 79. row ************\*\*\*************
customerNumber: 353
customerName: Reims Collectables
contactLastName: Henriot
contactFirstName: Paul
phone: 26.47.1555
addressLine1: 59 rue de l'Abbaye
addressLine2: NULL
city: Reims
state: NULL
postalCode: 51100
country: France
salesRepEmployeeNumber: 1337
creditLimit: 81100.00
customerNumber: 353
checkNumber: ED878227
paymentDate: 2003-07-21
amount: 13920.26
************\*\*\************* 80. row ************\*\*\*************
customerNumber: 112
customerName: Signal Gift Stores
contactLastName: King
contactFirstName: Jean
phone: 7025551838
addressLine1: 8489 Strong St.
addressLine2: NULL
city: Las Vegas
state: NV
postalCode: 83030
country: USA
salesRepEmployeeNumber: 1166
creditLimit: 71800.00
customerNumber: 112
checkNumber: BO864823
paymentDate: 2004-12-17
amount: 14191.12
************\*\*\************* 81. row ************\*\*\*************
customerNumber: 242
customerName: Alpha Cognac
contactLastName: Roulet
contactFirstName: Annette
phone: 61.77.6555
addressLine1: 1 rue Alsace-Lorraine
addressLine2: NULL
city: Toulouse
state: NULL
postalCode: 31000
country: France
salesRepEmployeeNumber: 1370
creditLimit: 61100.00
customerNumber: 242
checkNumber: KI744716
paymentDate: 2003-07-21
amount: 14232.70
************\*\*\************* 82. row ************\*\*\*************
customerNumber: 381
customerName: Royale Belge
contactLastName: Cartrain
contactFirstName: Pascale
phone: (071) 23 67 2555
addressLine1: Boulevard Tirou, 255
addressLine2: NULL
city: Charleroi
state: NULL
postalCode: B-6000
country: Belgium
salesRepEmployeeNumber: 1401
creditLimit: 23500.00
customerNumber: 381
checkNumber: GB117430
paymentDate: 2005-02-03
amount: 14379.90
************\*\*\************* 83. row ************\*\*\*************
customerNumber: 103
customerName: Atelier graphique
contactLastName: Schmitt
contactFirstName: Carine
phone: 40.32.2555
addressLine1: 54, rue Royale
addressLine2: NULL
city: Nantes
state: NULL
postalCode: 44000
country: France
salesRepEmployeeNumber: 1370
creditLimit: 21000.00
customerNumber: 103
checkNumber: JM555205
paymentDate: 2003-06-05
amount: 14571.44
************\*\*\************* 84. row ************\*\*\*************
customerNumber: 362
customerName: Gifts4AllAges.com
contactLastName: Yoshido
contactFirstName: Juri
phone: 6175559555
addressLine1: 8616 Spinnaker Dr.
addressLine2: NULL
city: Boston
state: MA
postalCode: 51003
country: USA
salesRepEmployeeNumber: 1216
creditLimit: 41900.00
customerNumber: 362
checkNumber: OG208861
paymentDate: 2004-09-21
amount: 15059.76
************\*\*\************* 85. row ************\*\*\*************
customerNumber: 452
customerName: Mini Auto Werke
contactLastName: Mendel
contactFirstName: Roland
phone: 7675-3555
addressLine1: Kirchgasse 6
addressLine2: NULL
city: Graz
state: NULL
postalCode: 8010
country: Austria
salesRepEmployeeNumber: 1401
creditLimit: 45300.00
customerNumber: 452
checkNumber: FN640986
paymentDate: 2003-11-20
amount: 15130.97
************\*\*\************* 86. row ************\*\*\*************
customerNumber: 177
customerName: Osaka Souveniers Co.
contactLastName: Kentary
contactFirstName: Mory
phone: +81 06 6342 5555
addressLine1: 1-6-20 Dojima
addressLine2: NULL
city: Kita-ku
state: Osaka
postalCode: 530-0003
country: Japan
salesRepEmployeeNumber: 1621
creditLimit: 81200.00
customerNumber: 177
checkNumber: AU750837
paymentDate: 2004-04-17
amount: 15183.63
************\*\*\************* 87. row ************\*\*\*************
customerNumber: 344
customerName: CAF Imports
contactLastName: Fernandez
contactFirstName: Jesus
phone: +34 913 728 555
addressLine1: Merchants House
addressLine2: 27-30 Merchant's Quay
city: Madrid
state: NULL
postalCode: 28023
country: Spain
salesRepEmployeeNumber: 1702
creditLimit: 59600.00
customerNumber: 344
checkNumber: NJ906924
paymentDate: 2004-04-02
amount: 15322.93
************\*\*\************* 88. row ************\*\*\*************
customerNumber: 385
customerName: Cruz & Sons Co.
contactLastName: Cruz
contactFirstName: Arnold
phone: +63 2 555 3587
addressLine1: 15 McCallum Street
addressLine2: NatWest Center #13-03
city: Makati City
state: NULL
postalCode: 1227 MM
country: Philippines
salesRepEmployeeNumber: 1621
creditLimit: 81500.00
customerNumber: 385
checkNumber: CP804873
paymentDate: 2004-11-19
amount: 15822.84
************\*\*\************* 89. row ************\*\*\*************
customerNumber: 311
customerName: Oulu Toy Supplies, Inc.
contactLastName: Koskitalo
contactFirstName: Pirkko
phone: 981-443655
addressLine1: Torikatu 38
addressLine2: NULL
city: Oulu
state: NULL
postalCode: 90110
country: Finland
salesRepEmployeeNumber: 1501
creditLimit: 90500.00
customerNumber: 311
checkNumber: NQ966143
paymentDate: 2004-04-25
amount: 16212.59
************\*\*\************* 90. row ************\*\*\*************
customerNumber: 129
customerName: Mini Wheels Co.
contactLastName: Murphy
contactFirstName: Julie
phone: 6505555787
addressLine1: 5557 North Pendale Street
addressLine2: NULL
city: San Francisco
state: CA
postalCode: 94217
country: USA
salesRepEmployeeNumber: 1165
creditLimit: 64600.00
customerNumber: 129
checkNumber: PI42991
paymentDate: 2003-04-09
amount: 16537.85
************\*\*\************* 91. row ************\*\*\*************
customerNumber: 353
customerName: Reims Collectables
contactLastName: Henriot
contactFirstName: Paul
phone: 26.47.1555
addressLine1: 59 rue de l'Abbaye
addressLine2: NULL
city: Reims
state: NULL
postalCode: 51100
country: France
salesRepEmployeeNumber: 1337
creditLimit: 81100.00
customerNumber: 353
checkNumber: GT878649
paymentDate: 2003-05-21
amount: 16700.47
************\*\*\************* 92. row ************\*\*\*************
customerNumber: 314
customerName: Petit Auto
contactLastName: Dewey
contactFirstName: Catherine
phone: (02) 5554 67
addressLine1: Rue Joseph-Bens 532
addressLine2: NULL
city: Bruxelles
state: NULL
postalCode: B-1180
country: Belgium
salesRepEmployeeNumber: 1401
creditLimit: 79900.00
customerNumber: 314
checkNumber: MD809704
paymentDate: 2004-03-03
amount: 16901.38
************\*\*\************* 93. row ************\*\*\*************
customerNumber: 233
customerName: Québec Home Shopping Network
contactLastName: Fresnière
contactFirstName: Jean
phone: (514) 555-8054
addressLine1: 43 rue St. Laurent
addressLine2: NULL
city: Montréal
state: Québec
postalCode: H1J 1C3
country: Canada
salesRepEmployeeNumber: 1286
creditLimit: 48700.00
customerNumber: 233
checkNumber: JG981190
paymentDate: 2003-11-18
amount: 16909.84
************\*\*\************* 94. row ************\*\*\*************
customerNumber: 447
customerName: Gift Ideas Corp.
contactLastName: Lewis
contactFirstName: Dan
phone: 2035554407
addressLine1: 2440 Pompton St.
addressLine2: NULL
city: Glendale
state: CT
postalCode: 97561
country: USA
salesRepEmployeeNumber: 1323
creditLimit: 49700.00
customerNumber: 447
checkNumber: ER615123
paymentDate: 2003-06-25
amount: 17032.29
************\*\*\************* 95. row ************\*\*\*************
customerNumber: 189
customerName: Clover Collections, Co.
contactLastName: Cassidy
contactFirstName: Dean
phone: +353 1862 1555
addressLine1: 25 Maiden Lane
addressLine2: Floor No. 4
city: Dublin
state: NULL
postalCode: 2
country: Ireland
salesRepEmployeeNumber: 1504
creditLimit: 69400.00
customerNumber: 189
checkNumber: BO711618
paymentDate: 2004-10-03
amount: 17359.53
************\*\*\************* 96. row ************\*\*\*************
customerNumber: 473
customerName: Frau da Collezione
contactLastName: Ricotti
contactFirstName: Franco
phone: +39 022515555
addressLine1: 20093 Cologno Monzese
addressLine2: Alessandro Volta 16
city: Milan
state: NULL
postalCode: NULL
country: Italy
salesRepEmployeeNumber: 1401
creditLimit: 34800.00
customerNumber: 473
checkNumber: PC688499
paymentDate: 2003-10-27
amount: 17746.26
************\*\*\************* 97. row ************\*\*\*************
customerNumber: 121
customerName: Baane Mini Imports
contactLastName: Bergulfsen
contactFirstName: Jonas
phone: 07-98 9555
addressLine1: Erling Skakkes gate 78
addressLine2: NULL
city: Stavern
state: NULL
postalCode: 4110
country: Norway
salesRepEmployeeNumber: 1504
creditLimit: 81700.00
customerNumber: 121
checkNumber: KI831359
paymentDate: 2004-11-04
amount: 17876.32
************\*\*\************* 98. row ************\*\*\*************
customerNumber: 250
customerName: Lyon Souveniers
contactLastName: Da Silva
contactFirstName: Daniel
phone: +33 1 46 62 7555
addressLine1: 27 rue du Colonel Pierre Avia
addressLine2: NULL
city: Paris
state: NULL
postalCode: 75508
country: France
salesRepEmployeeNumber: 1337
creditLimit: 68100.00
customerNumber: 250
checkNumber: EQ12267
paymentDate: 2005-05-17
amount: 17928.09
************\*\*\************* 99. row ************\*\*\*************
customerNumber: 362
customerName: Gifts4AllAges.com
contactLastName: Yoshido
contactFirstName: Juri
phone: 6175559555
addressLine1: 8616 Spinnaker Dr.
addressLine2: NULL
city: Boston
state: MA
postalCode: 51003
country: USA
salesRepEmployeeNumber: 1216
creditLimit: 41900.00
customerNumber: 362
checkNumber: FP170292
paymentDate: 2004-07-11
amount: 18473.71
************\*\*\************* 100. row ************\*\*\*************
customerNumber: 350
customerName: Marseille Mini Autos
contactLastName: Lebihan
contactFirstName: Laurence
phone: 91.24.4555
addressLine1: 12, rue des Bouchers
addressLine2: NULL
city: Marseille
state: NULL
postalCode: 13008
country: France
salesRepEmployeeNumber: 1337
creditLimit: 65000.00
customerNumber: 350
checkNumber: BQ602907
paymentDate: 2004-12-11
amount: 18888.31
************\*\*\************* 101. row ************\*\*\*************
customerNumber: 171
customerName: Daedalus Designs Imports
contactLastName: Rancé
contactFirstName: Martine
phone: 20.16.1555
addressLine1: 184, chaussée de Tournai
addressLine2: NULL
city: Lille
state: NULL
postalCode: 59000
country: France
salesRepEmployeeNumber: 1370
creditLimit: 82900.00
customerNumber: 171
checkNumber: GB878038
paymentDate: 2004-03-15
amount: 18997.89
************\*\*\************* 102. row ************\*\*\*************
customerNumber: 119
customerName: La Rochelle Gifts
contactLastName: Labrune
contactFirstName: Janine
phone: 40.67.8555
addressLine1: 67, rue des Cinquante Otages
addressLine2: NULL
city: Nantes
state: NULL
postalCode: 44000
country: France
salesRepEmployeeNumber: 1370
creditLimit: 118200.00
customerNumber: 119
checkNumber: DB933704
paymentDate: 2004-11-14
amount: 19501.82
************\*\*\************* 103. row ************\*\*\*************
customerNumber: 141
customerName: Euro+ Shopping Channel
contactLastName: Freyre
contactFirstName: Diego
phone: (91) 555 94 44
addressLine1: C/ Moralzarzal, 86
addressLine2: NULL
city: Madrid
state: NULL
postalCode: 28034
country: Spain
salesRepEmployeeNumber: 1370
creditLimit: 227600.00
customerNumber: 141
checkNumber: MF629602
paymentDate: 2004-08-16
amount: 20009.53
************\*\*\************* 104. row ************\*\*\*************
customerNumber: 357
customerName: GiftsForHim.com
contactLastName: MacKinlay
contactFirstName: Wales
phone: 64-9-3763555
addressLine1: 199 Great North Road
addressLine2: NULL
city: Auckland
state: NULL
postalCode: NULL
country: New Zealand
salesRepEmployeeNumber: 1612
creditLimit: 77700.00
customerNumber: 357
checkNumber: AG240323
paymentDate: 2003-12-16
amount: 20220.04
************\*\*\************* 105. row ************\*\*\*************
customerNumber: 151
customerName: Muscle Machine Inc
contactLastName: Young
contactFirstName: Jeff
phone: 2125557413
addressLine1: 4092 Furth Circle
addressLine2: Suite 400
city: NYC
state: NY
postalCode: 10022
country: USA
salesRepEmployeeNumber: 1286
creditLimit: 138500.00
customerNumber: 151
checkNumber: GB852215
paymentDate: 2004-07-26
amount: 20314.44
************\*\*\************* 106. row ************\*\*\*************
customerNumber: 173
customerName: Cambridge Collectables Co.
contactLastName: Tseng
contactFirstName: Jerry
phone: 6175555555
addressLine1: 4658 Baden Av.
addressLine2: NULL
city: Cambridge
state: MA
postalCode: 51247
country: USA
salesRepEmployeeNumber: 1188
creditLimit: 43400.00
customerNumber: 173
checkNumber: IG462397
paymentDate: 2004-03-29
amount: 20355.24
************\*\*\************* 107. row ************\*\*\*************
customerNumber: 347
customerName: Men 'R' US Retailers, Ltd.
contactLastName: Chandler
contactFirstName: Brian
phone: 2155554369
addressLine1: 6047 Douglas Av.
addressLine2: NULL
city: Los Angeles
state: CA
postalCode: 91003
country: USA
salesRepEmployeeNumber: 1166
creditLimit: 57700.00
customerNumber: 347
checkNumber: LG808674
paymentDate: 2003-10-24
amount: 20452.50
************\*\*\************* 108. row ************\*\*\*************
customerNumber: 145
customerName: Danish Wholesale Imports
contactLastName: Petersen
contactFirstName: Jytte
phone: 31 12 3555
addressLine1: Vinbæltet 34
addressLine2: NULL
city: Kobenhavn
state: NULL
postalCode: 1734
country: Denmark
salesRepEmployeeNumber: 1401
creditLimit: 83400.00
customerNumber: 145
checkNumber: HR182688
paymentDate: 2004-12-01
amount: 20564.86
************\*\*\************* 109. row ************\*\*\*************
customerNumber: 385
customerName: Cruz & Sons Co.
contactLastName: Cruz
contactFirstName: Arnold
phone: +63 2 555 3587
addressLine1: 15 McCallum Street
addressLine2: NatWest Center #13-03
city: Makati City
state: NULL
postalCode: 1227 MM
country: Philippines
salesRepEmployeeNumber: 1621
creditLimit: 81500.00
customerNumber: 385
checkNumber: BN347084
paymentDate: 2003-12-02
amount: 20644.24
************\*\*\************* 110. row ************\*\*\*************
customerNumber: 347
customerName: Men 'R' US Retailers, Ltd.
contactLastName: Chandler
contactFirstName: Brian
phone: 2155554369
addressLine1: 6047 Douglas Av.
addressLine2: NULL
city: Los Angeles
state: CA
postalCode: 91003
country: USA
salesRepEmployeeNumber: 1166
creditLimit: 57700.00
customerNumber: 347
checkNumber: DG700707
paymentDate: 2004-01-18
amount: 21053.69
************\*\*\************* 111. row ************\*\*\*************
customerNumber: 333
customerName: Australian Gift Network, Co
contactLastName: Calaghan
contactFirstName: Ben
phone: 61-7-3844-6555
addressLine1: 31 Duncan St. West End
addressLine2: NULL
city: South Brisbane
state: Queensland
postalCode: 4101
country: Australia
salesRepEmployeeNumber: 1611
creditLimit: 51600.00
customerNumber: 333
checkNumber: NF959653
paymentDate: 2005-03-01
amount: 21432.31
************\*\*\************* 112. row ************\*\*\*************
customerNumber: 424
customerName: Classic Legends Inc.
contactLastName: Hernandez
contactFirstName: Maria
phone: 2125558493
addressLine1: 5905 Pompton St.
addressLine2: Suite 750
city: NYC
state: NY
postalCode: 10022
country: USA
salesRepEmployeeNumber: 1286
creditLimit: 67500.00
customerNumber: 424
checkNumber: LM271923
paymentDate: 2003-04-16
amount: 21665.98
************\*\*\************* 113. row ************\*\*\*************
customerNumber: 398
customerName: Tokyo Collectables, Ltd
contactLastName: Shimamura
contactFirstName: Akiko
phone: +81 3 3584 0555
addressLine1: 2-2-8 Roppongi
addressLine2: NULL
city: Minato-ku
state: Tokyo
postalCode: 106-0032
country: Japan
salesRepEmployeeNumber: 1621
creditLimit: 94400.00
customerNumber: 398
checkNumber: DO787644
paymentDate: 2004-06-21
amount: 22037.91
************\*\*\************* 114. row ************\*\*\*************
customerNumber: 424
customerName: Classic Legends Inc.
contactLastName: Hernandez
contactFirstName: Maria
phone: 2125558493
addressLine1: 5905 Pompton St.
addressLine2: Suite 750
city: NYC
state: NY
postalCode: 10022
country: USA
salesRepEmployeeNumber: 1286
creditLimit: 67500.00
customerNumber: 424
checkNumber: OA595449
paymentDate: 2003-10-31
amount: 22042.37
************\*\*\************* 115. row ************\*\*\*************
customerNumber: 458
customerName: Corrida Auto Replicas, Ltd
contactLastName: Sommer
contactFirstName: Martín
phone: (91) 555 22 82
addressLine1: C/ Araquil, 67
addressLine2: NULL
city: Madrid
state: NULL
postalCode: 28023
country: Spain
salesRepEmployeeNumber: 1702
creditLimit: 104600.00
customerNumber: 458
checkNumber: NA377824
paymentDate: 2004-02-06
amount: 22162.61
************\*\*\************* 116. row ************\*\*\*************
customerNumber: 489
customerName: Double Decker Gift Stores, Ltd
contactLastName: Smith
contactFirstName: Thomas
phone: (171) 555-7555
addressLine1: 120 Hanover Sq.
addressLine2: NULL
city: London
state: NULL
postalCode: WA1 1DP
country: UK
salesRepEmployeeNumber: 1501
creditLimit: 43300.00
customerNumber: 489
checkNumber: OC773849
paymentDate: 2003-12-04
amount: 22275.73
************\*\*\************* 117. row ************\*\*\*************
customerNumber: 131
customerName: Land of Toys Inc.
contactLastName: Lee
contactFirstName: Kwai
phone: 2125557818
addressLine1: 897 Long Airport Avenue
addressLine2: NULL
city: NYC
state: NY
postalCode: 10022
country: USA
salesRepEmployeeNumber: 1323
creditLimit: 114900.00
customerNumber: 131
checkNumber: CL442705
paymentDate: 2003-03-12
amount: 22292.62
************\*\*\************* 118. row ************\*\*\*************
customerNumber: 166
customerName: Handji Gifts& Co
contactLastName: Victorino
contactFirstName: Wendy
phone: +65 224 1555
addressLine1: 106 Linden Road Sandown
addressLine2: 2nd Floor
city: Singapore
state: NULL
postalCode: 069045
country: Singapore
salesRepEmployeeNumber: 1612
creditLimit: 97900.00
customerNumber: 166
checkNumber: LA318629
paymentDate: 2004-02-28
amount: 22474.17
************\*\*\************* 119. row ************\*\*\*************
customerNumber: 181
customerName: Vitachrome Inc.
contactLastName: Frick
contactFirstName: Michael
phone: 2125551500
addressLine1: 2678 Kingston Rd.
addressLine2: Suite 101
city: NYC
state: NY
postalCode: 10022
country: USA
salesRepEmployeeNumber: 1286
creditLimit: 76400.00
customerNumber: 181
checkNumber: CM564612
paymentDate: 2004-04-25
amount: 22602.36
************\*\*\************* 120. row ************\*\*\*************
customerNumber: 233
customerName: Québec Home Shopping Network
contactLastName: Fresnière
contactFirstName: Jean
phone: (514) 555-8054
addressLine1: 43 rue St. Laurent
addressLine2: NULL
city: Montréal
state: Québec
postalCode: H1J 1C3
country: Canada
salesRepEmployeeNumber: 1286
creditLimit: 48700.00
customerNumber: 233
checkNumber: II180006
paymentDate: 2004-07-01
amount: 22997.45
************\*\*\************* 121. row ************\*\*\*************
customerNumber: 339
customerName: Classic Gift Ideas, Inc
contactLastName: Cervantes
contactFirstName: Francisca
phone: 2155554695
addressLine1: 782 First Street
addressLine2: NULL
city: Philadelphia
state: PA
postalCode: 71270
country: USA
salesRepEmployeeNumber: 1188
creditLimit: 81100.00
customerNumber: 339
checkNumber: AP286625
paymentDate: 2004-10-24
amount: 23333.06
************\*\*\************* 122. row ************\*\*\*************
customerNumber: 250
customerName: Lyon Souveniers
contactLastName: Da Silva
contactFirstName: Daniel
phone: +33 1 46 62 7555
addressLine1: 27 rue du Colonel Pierre Avia
addressLine2: NULL
city: Paris
state: NULL
postalCode: 75508
country: France
salesRepEmployeeNumber: 1337
creditLimit: 68100.00
customerNumber: 250
checkNumber: HN114306
paymentDate: 2003-07-18
amount: 23419.47
************\*\*\************* 123. row ************\*\*\*************
customerNumber: 186
customerName: Toys of Finland, Co.
contactLastName: Karttunen
contactFirstName: Matti
phone: 90-224 8555
addressLine1: Keskuskatu 45
addressLine2: NULL
city: Helsinki
state: NULL
postalCode: 21240
country: Finland
salesRepEmployeeNumber: 1501
creditLimit: 96500.00
customerNumber: 186
checkNumber: AE192287
paymentDate: 2005-03-10
amount: 23602.90
************\*\*\************* 124. row ************\*\*\*************
customerNumber: 201
customerName: UK Collectables, Ltd.
contactLastName: Devon
contactFirstName: Elizabeth
phone: (171) 555-2282
addressLine1: 12, Berkeley Gardens Blvd
addressLine2: NULL
city: Liverpool
state: NULL
postalCode: WX1 6LT
country: UK
salesRepEmployeeNumber: 1501
creditLimit: 92700.00
customerNumber: 201
checkNumber: DP677013
paymentDate: 2003-10-20
amount: 23908.24
************\*\*\************* 125. row ************\*\*\*************
customerNumber: 129
customerName: Mini Wheels Co.
contactLastName: Murphy
contactFirstName: Julie
phone: 6505555787
addressLine1: 5557 North Pendale Street
addressLine2: NULL
city: San Francisco
state: CA
postalCode: 94217
country: USA
salesRepEmployeeNumber: 1165
creditLimit: 64600.00
customerNumber: 129
checkNumber: ID449593
paymentDate: 2003-12-11
amount: 23923.93
************\*\*\************* 126. row ************\*\*\*************
customerNumber: 333
customerName: Australian Gift Network, Co
contactLastName: Calaghan
contactFirstName: Ben
phone: 61-7-3844-6555
addressLine1: 31 Duncan St. West End
addressLine2: NULL
city: South Brisbane
state: Queensland
postalCode: 4101
country: Australia
salesRepEmployeeNumber: 1611
creditLimit: 51600.00
customerNumber: 333
checkNumber: HL209210
paymentDate: 2003-11-15
amount: 23936.53
************\*\*\************* 127. row ************\*\*\*************
customerNumber: 282
customerName: Souveniers And Things Co.
contactLastName: Huxley
contactFirstName: Adrian
phone: +61 2 9495 8555
addressLine1: Monitor Money Building
addressLine2: 815 Pacific Hwy
city: Chatswood
state: NSW
postalCode: 2067
country: Australia
salesRepEmployeeNumber: 1611
creditLimit: 93300.00
customerNumber: 282
checkNumber: IA793562
paymentDate: 2003-08-03
amount: 24013.52
************\*\*\************* 128. row ************\*\*\*************
customerNumber: 128
customerName: Blauer See Auto, Co.
contactLastName: Keitel
contactFirstName: Roland
phone: +49 69 66 90 2555
addressLine1: Lyonerstr. 34
addressLine2: NULL
city: Frankfurt
state: NULL
postalCode: 60528
country: Germany
salesRepEmployeeNumber: 1504
creditLimit: 59700.00
customerNumber: 128
checkNumber: FA465482
paymentDate: 2003-10-18
amount: 24101.81
************\*\*\************* 129. row ************\*\*\*************
customerNumber: 175
customerName: Gift Depot Inc.
contactLastName: King
contactFirstName: Julie
phone: 2035552570
addressLine1: 25593 South Bay Ln.
addressLine2: NULL
city: Bridgewater
state: CT
postalCode: 97562
country: USA
salesRepEmployeeNumber: 1323
creditLimit: 84300.00
customerNumber: 175
checkNumber: IO448913
paymentDate: 2003-11-19
amount: 24879.08
************\*\*\************* 130. row ************\*\*\*************
customerNumber: 216
customerName: Enaco Distributors
contactLastName: Saavedra
contactFirstName: Eduardo
phone: (93) 203 4555
addressLine1: Rambla de Cataluña, 23
addressLine2: NULL
city: Barcelona
state: NULL
postalCode: 08022
country: Spain
salesRepEmployeeNumber: 1702
creditLimit: 60300.00
customerNumber: 216
checkNumber: ML780814
paymentDate: 2004-12-06
amount: 24945.21
************\*\*\************* 131. row ************\*\*\*************
customerNumber: 240
customerName: giftsbymail.co.uk
contactLastName: Bennett
contactFirstName: Helen
phone: (198) 555-8888
addressLine1: Garden House
addressLine2: Crowther Way 23
city: Cowes
state: Isle of Wight
postalCode: PO31 7PJ
country: UK
salesRepEmployeeNumber: 1501
creditLimit: 93900.00
customerNumber: 240
checkNumber: JO719695
paymentDate: 2004-03-28
amount: 24995.61
************\*\*\************* 132. row ************\*\*\*************
customerNumber: 406
customerName: Auto Canal+ Petit
contactLastName: Perrier
contactFirstName: Dominique
phone: (1) 47.55.6555
addressLine1: 25, rue Lauriston
addressLine2: NULL
city: Paris
state: NULL
postalCode: 75016
country: France
salesRepEmployeeNumber: 1337
creditLimit: 95000.00
customerNumber: 406
checkNumber: NA197101
paymentDate: 2004-06-17
amount: 25080.96
************\*\*\************* 133. row ************\*\*\*************
customerNumber: 424
customerName: Classic Legends Inc.
contactLastName: Hernandez
contactFirstName: Maria
phone: 2125558493
addressLine1: 5905 Pompton St.
addressLine2: Suite 750
city: NYC
state: NY
postalCode: 10022
country: USA
salesRepEmployeeNumber: 1286
creditLimit: 67500.00
customerNumber: 424
checkNumber: KF480160
paymentDate: 2004-12-07
amount: 25505.98
************\*\*\************* 134. row ************\*\*\*************
customerNumber: 486
customerName: Motor Mint Distributors Inc.
contactLastName: Salazar
contactFirstName: Rosa
phone: 2155559857
addressLine1: 11328 Douglas Av.
addressLine2: NULL
city: Philadelphia
state: PA
postalCode: 71270
country: USA
salesRepEmployeeNumber: 1323
creditLimit: 72600.00
customerNumber: 486
checkNumber: JB117768
paymentDate: 2003-03-20
amount: 25833.14
************\*\*\************* 135. row ************\*\*\*************
customerNumber: 141
customerName: Euro+ Shopping Channel
contactLastName: Freyre
contactFirstName: Diego
phone: (91) 555 94 44
addressLine1: C/ Moralzarzal, 86
addressLine2: NULL
city: Madrid
state: NULL
postalCode: 28034
country: Spain
salesRepEmployeeNumber: 1370
creditLimit: 227600.00
customerNumber: 141
checkNumber: NU627706
paymentDate: 2004-05-17
amount: 26155.91
************\*\*\************* 136. row ************\*\*\*************
customerNumber: 129
customerName: Mini Wheels Co.
contactLastName: Murphy
contactFirstName: Julie
phone: 6505555787
addressLine1: 5557 North Pendale Street
addressLine2: NULL
city: San Francisco
state: CA
postalCode: 94217
country: USA
salesRepEmployeeNumber: 1165
creditLimit: 64600.00
customerNumber: 129
checkNumber: DM826140
paymentDate: 2004-12-08
amount: 26248.78
************\*\*\************* 137. row ************\*\*\*************
customerNumber: 447
customerName: Gift Ideas Corp.
contactLastName: Lewis
contactFirstName: Dan
phone: 2035554407
addressLine1: 2440 Pompton St.
addressLine2: NULL
city: Glendale
state: CT
postalCode: 97561
country: USA
salesRepEmployeeNumber: 1323
creditLimit: 49700.00
customerNumber: 447
checkNumber: OU516561
paymentDate: 2004-12-17
amount: 26304.13
************\*\*\************* 138. row ************\*\*\*************
customerNumber: 250
customerName: Lyon Souveniers
contactLastName: Da Silva
contactFirstName: Daniel
phone: +33 1 46 62 7555
addressLine1: 27 rue du Colonel Pierre Avia
addressLine2: NULL
city: Paris
state: NULL
postalCode: 75508
country: France
salesRepEmployeeNumber: 1337
creditLimit: 68100.00
customerNumber: 250
checkNumber: HD284647
paymentDate: 2004-12-30
amount: 26311.63
************\*\*\************* 139. row ************\*\*\*************
customerNumber: 276
customerName: Anna's Decorations, Ltd
contactLastName: O'Hara
contactFirstName: Anna
phone: 02 9936 8555
addressLine1: 201 Miller Street
addressLine2: Level 15
city: North Sydney
state: NSW
postalCode: 2060
country: Australia
salesRepEmployeeNumber: 1611
creditLimit: 107800.00
customerNumber: 276
checkNumber: EM979878
paymentDate: 2005-02-09
amount: 27083.78
************\*\*\************* 140. row ************\*\*\*************
customerNumber: 452
customerName: Mini Auto Werke
contactLastName: Mendel
contactFirstName: Roland
phone: 7675-3555
addressLine1: Kirchgasse 6
addressLine2: NULL
city: Graz
state: NULL
postalCode: 8010
country: Austria
salesRepEmployeeNumber: 1401
creditLimit: 45300.00
customerNumber: 452
checkNumber: ED473873
paymentDate: 2003-11-15
amount: 27121.90
************\*\*\************* 141. row ************\*\*\*************
customerNumber: 456
customerName: Microscale Inc.
contactLastName: Choi
contactFirstName: Yu
phone: 2125551957
addressLine1: 5290 North Pendale Street
addressLine2: Suite 200
city: NYC
state: NY
postalCode: 10022
country: USA
salesRepEmployeeNumber: 1286
creditLimit: 39800.00
customerNumber: 456
checkNumber: GJ715659
paymentDate: 2004-11-13
amount: 27550.51
************\*\*\************* 142. row ************\*\*\*************
customerNumber: 448
customerName: Scandinavian Gift Ideas
contactLastName: Larsson
contactFirstName: Martha
phone: 0695-34 6555
addressLine1: Åkergatan 24
addressLine2: NULL
city: Bräcke
state: NULL
postalCode: S-844 67
country: Sweden
salesRepEmployeeNumber: 1504
creditLimit: 116400.00
customerNumber: 448
checkNumber: FS299615
paymentDate: 2005-04-18
amount: 27966.54
************\*\*\************* 143. row ************\*\*\*************
customerNumber: 259
customerName: Toms Spezialitäten, Ltd
contactLastName: Pfalzheim
contactFirstName: Henriette
phone: 0221-5554327
addressLine1: Mehrheimerstr. 369
addressLine2: NULL
city: Köln
state: NULL
postalCode: 50739
country: Germany
salesRepEmployeeNumber: 1504
creditLimit: 120400.00
customerNumber: 259
checkNumber: GB361972
paymentDate: 2003-12-07
amount: 27988.47
************\*\*\************* 144. row ************\*\*\*************
customerNumber: 145
customerName: Danish Wholesale Imports
contactLastName: Petersen
contactFirstName: Jytte
phone: 31 12 3555
addressLine1: Vinbæltet 34
addressLine2: NULL
city: Kobenhavn
state: NULL
postalCode: 1734
country: Denmark
salesRepEmployeeNumber: 1401
creditLimit: 83400.00
customerNumber: 145
checkNumber: ED39322
paymentDate: 2004-04-26
amount: 28211.70
************\*\*\************* 145. row ************\*\*\*************
customerNumber: 379
customerName: Collectables For Less Inc.
contactLastName: Nelson
contactFirstName: Allen
phone: 6175558555
addressLine1: 7825 Douglas Av.
addressLine2: NULL
city: Brickhaven
state: MA
postalCode: 58339
country: USA
salesRepEmployeeNumber: 1188
creditLimit: 70700.00
customerNumber: 379
checkNumber: CA762595
paymentDate: 2005-02-12
amount: 28322.83
************\*\*\************* 146. row ************\*\*\*************
customerNumber: 334
customerName: Suominen Souveniers
contactLastName: Suominen
contactFirstName: Kalle
phone: +358 9 8045 555
addressLine1: Software Engineering Center
addressLine2: SEC Oy
city: Espoo
state: NULL
postalCode: FIN-02271
country: Finland
salesRepEmployeeNumber: 1501
creditLimit: 98800.00
customerNumber: 334
checkNumber: LF737277
paymentDate: 2004-05-22
amount: 28394.54
************\*\*\************* 147. row ************\*\*\*************
customerNumber: 175
customerName: Gift Depot Inc.
contactLastName: King
contactFirstName: Julie
phone: 2035552570
addressLine1: 25593 South Bay Ln.
addressLine2: NULL
city: Bridgewater
state: CT
postalCode: 97562
country: USA
salesRepEmployeeNumber: 1323
creditLimit: 84300.00
customerNumber: 175
checkNumber: CITI3434344
paymentDate: 2005-05-19
amount: 28500.78
************\*\*\************* 148. row ************\*\*\*************
customerNumber: 233
customerName: Québec Home Shopping Network
contactLastName: Fresnière
contactFirstName: Jean
phone: (514) 555-8054
addressLine1: 43 rue St. Laurent
addressLine2: NULL
city: Montréal
state: Québec
postalCode: H1J 1C3
country: Canada
salesRepEmployeeNumber: 1286
creditLimit: 48700.00
customerNumber: 233
checkNumber: BOFA23232
paymentDate: 2005-05-20
amount: 29070.38
************\*\*\************* 149. row ************\*\*\*************
customerNumber: 260
customerName: Royal Canadian Collectables, Ltd.
contactLastName: Lincoln
contactFirstName: Elizabeth
phone: (604) 555-4555
addressLine1: 23 Tsawassen Blvd.
addressLine2: NULL
city: Tsawassen
state: BC
postalCode: T2F 8M4
country: Canada
salesRepEmployeeNumber: 1323
creditLimit: 89600.00
customerNumber: 260
checkNumber: NH776924
paymentDate: 2004-04-24
amount: 29284.42
************\*\*\************* 150. row ************\*\*\*************
customerNumber: 324
customerName: Stylish Desk Decors, Co.
contactLastName: Brown
contactFirstName: Ann
phone: (171) 555-0297
addressLine1: 35 King George
addressLine2: NULL
city: London
state: NULL
postalCode: WX3 6FW
country: UK
salesRepEmployeeNumber: 1501
creditLimit: 77000.00
customerNumber: 324
checkNumber: FP443161
paymentDate: 2003-07-07
amount: 29429.14
************\*\*\************* 151. row ************\*\*\*************
customerNumber: 334
customerName: Suominen Souveniers
contactLastName: Suominen
contactFirstName: Kalle
phone: +358 9 8045 555
addressLine1: Software Engineering Center
addressLine2: SEC Oy
city: Espoo
state: NULL
postalCode: FIN-02271
country: Finland
salesRepEmployeeNumber: 1501
creditLimit: 98800.00
customerNumber: 334
checkNumber: HH517378
paymentDate: 2003-08-16
amount: 29716.86
************\*\*\************* 152. row ************\*\*\*************
customerNumber: 276
customerName: Anna's Decorations, Ltd
contactLastName: O'Hara
contactFirstName: Anna
phone: 02 9936 8555
addressLine1: 201 Miller Street
addressLine2: Level 15
city: North Sydney
state: NSW
postalCode: 2060
country: Australia
salesRepEmployeeNumber: 1611
creditLimit: 107800.00
customerNumber: 276
checkNumber: OJ819725
paymentDate: 2005-04-30
amount: 29848.52
************\*\*\************* 153. row ************\*\*\*************
customerNumber: 487
customerName: Signal Collectibles Ltd.
contactLastName: Taylor
contactFirstName: Sue
phone: 4155554312
addressLine1: 2793 Furth Circle
addressLine2: NULL
city: Brisbane
state: CA
postalCode: 94217
country: USA
salesRepEmployeeNumber: 1165
creditLimit: 60300.00
customerNumber: 487
checkNumber: AH612904
paymentDate: 2003-09-28
amount: 29997.09
************\*\*\************* 154. row ************\*\*\*************
customerNumber: 496
customerName: Kelly's Gift Shop
contactLastName: Snowden
contactFirstName: Tony
phone: +64 9 5555500
addressLine1: Arenales 1938 3'A'
addressLine2: NULL
city: Auckland  
 state: NULL
postalCode: NULL
country: New Zealand
salesRepEmployeeNumber: 1612
creditLimit: 110000.00
customerNumber: 496
checkNumber: EU531600
paymentDate: 2005-05-25
amount: 30253.75
************\*\*\************* 155. row ************\*\*\*************
customerNumber: 462
customerName: FunGiftIdeas.com
contactLastName: Benitez
contactFirstName: Violeta
phone: 5085552555
addressLine1: 1785 First Street
addressLine2: NULL
city: New Bedford
state: MA
postalCode: 50553
country: USA
salesRepEmployeeNumber: 1216
creditLimit: 85800.00
customerNumber: 462
checkNumber: ED203908
paymentDate: 2005-04-15
amount: 30293.77
************\*\*\************* 156. row ************\*\*\*************
customerNumber: 328
customerName: Tekni Collectables Inc.
contactLastName: Brown
contactFirstName: William
phone: 2015559350
addressLine1: 7476 Moss Rd.
addressLine2: NULL
city: Newark
state: NJ
postalCode: 94019
country: USA
salesRepEmployeeNumber: 1323
creditLimit: 43000.00
customerNumber: 328
checkNumber: NR631421
paymentDate: 2004-05-30
amount: 31102.85
************\*\*\************* 157. row ************\*\*\*************
customerNumber: 415
customerName: Bavarian Collectables Imports, Co.
contactLastName: Donnermeyer
contactFirstName: Michael
phone: +49 89 61 08 9555
addressLine1: Hansastr. 15
addressLine2: NULL
city: Munich
state: NULL
postalCode: 80686
country: Germany
salesRepEmployeeNumber: 1504
creditLimit: 77000.00
customerNumber: 415
checkNumber: ER54537
paymentDate: 2004-09-28
amount: 31310.09
************\*\*\************* 158. row ************\*\*\*************
customerNumber: 344
customerName: CAF Imports
contactLastName: Fernandez
contactFirstName: Jesus
phone: +34 913 728 555
addressLine1: Merchants House
addressLine2: 27-30 Merchant's Quay
city: Madrid
state: NULL
postalCode: 28023
country: Spain
salesRepEmployeeNumber: 1702
creditLimit: 59600.00
customerNumber: 344
checkNumber: AF246722
paymentDate: 2003-11-24
amount: 31428.21
************\*\*\************* 159. row ************\*\*\*************
customerNumber: 412
customerName: Extreme Desk Decorations, Ltd
contactLastName: McRoy
contactFirstName: Sarah
phone: 04 499 9555
addressLine1: 101 Lambton Quay
addressLine2: Level 11
city: Wellington
state: NULL
postalCode: NULL
country: New Zealand
salesRepEmployeeNumber: 1612
creditLimit: 86800.00
customerNumber: 412
checkNumber: PJ434867
paymentDate: 2004-04-14
amount: 31670.37
************\*\*\************* 160. row ************\*\*\*************
customerNumber: 282
customerName: Souveniers And Things Co.
contactLastName: Huxley
contactFirstName: Adrian
phone: +61 2 9495 8555
addressLine1: Monitor Money Building
addressLine2: 815 Pacific Hwy
city: Chatswood
state: NSW
postalCode: 2067
country: Australia
salesRepEmployeeNumber: 1611
creditLimit: 93300.00
customerNumber: 282
checkNumber: OD327378
paymentDate: 2005-01-03
amount: 31835.36
************\*\*\************* 161. row ************\*\*\*************
customerNumber: 496
customerName: Kelly's Gift Shop
contactLastName: Snowden
contactFirstName: Tony
phone: +64 9 5555500
addressLine1: Arenales 1938 3'A'
addressLine2: NULL
city: Auckland  
 state: NULL
postalCode: NULL
country: New Zealand
salesRepEmployeeNumber: 1612
creditLimit: 110000.00
customerNumber: 496
checkNumber: MB342426
paymentDate: 2003-07-16
amount: 32077.44
************\*\*\************* 162. row ************\*\*\*************
customerNumber: 455
customerName: Super Scale Inc.
contactLastName: Murphy
contactFirstName: Leslie
phone: 2035559545
addressLine1: 567 North Pendale Street
addressLine2: NULL
city: New Haven
state: CT
postalCode: 97823
country: USA
salesRepEmployeeNumber: 1286
creditLimit: 95400.00
customerNumber: 455
checkNumber: IR662429
paymentDate: 2004-05-12
amount: 32239.47
************\*\*\************* 163. row ************\*\*\*************
customerNumber: 299
customerName: Norway Gifts By Mail, Co.
contactLastName: Klaeboe
contactFirstName: Jan
phone: +47 2212 1555
addressLine1: Drammensveien 126A
addressLine2: PB 211 Sentrum
city: Oslo
state: NULL
postalCode: N 0106
country: Norway  
salesRepEmployeeNumber: 1504
creditLimit: 95100.00
customerNumber: 299
checkNumber: NR157385
paymentDate: 2004-09-05
amount: 32260.16
************\*\*\************* 164. row ************\*\*\*************
customerNumber: 189
customerName: Clover Collections, Co.
contactLastName: Cassidy
contactFirstName: Dean
phone: +353 1862 1555
addressLine1: 25 Maiden Lane
addressLine2: Floor No. 4
city: Dublin
state: NULL
postalCode: 2
country: Ireland
salesRepEmployeeNumber: 1504
creditLimit: 69400.00
customerNumber: 189
checkNumber: NM916675
paymentDate: 2004-03-01
amount: 32538.74
************\*\*\************* 165. row ************\*\*\*************
customerNumber: 112
customerName: Signal Gift Stores
contactLastName: King
contactFirstName: Jean
phone: 7025551838
addressLine1: 8489 Strong St.
addressLine2: NULL
city: Las Vegas
state: NV
postalCode: 83030
country: USA
salesRepEmployeeNumber: 1166
creditLimit: 71800.00
customerNumber: 112
checkNumber: HQ55022
paymentDate: 2003-06-06
amount: 32641.98
************\*\*\************* 166. row ************\*\*\*************
customerNumber: 379
customerName: Collectables For Less Inc.
contactLastName: Nelson
contactFirstName: Allen
phone: 6175558555
addressLine1: 7825 Douglas Av.
addressLine2: NULL
city: Brickhaven
state: MA
postalCode: 58339
country: USA
salesRepEmployeeNumber: 1188
creditLimit: 70700.00
customerNumber: 379
checkNumber: FR499138
paymentDate: 2003-09-16
amount: 32680.31
************\*\*\************* 167. row ************\*\*\*************
customerNumber: 311
customerName: Oulu Toy Supplies, Inc.
contactLastName: Koskitalo
contactFirstName: Pirkko
phone: 981-443655
addressLine1: Torikatu 38
addressLine2: NULL
city: Oulu
state: NULL
postalCode: 90110
country: Finland
salesRepEmployeeNumber: 1501
creditLimit: 90500.00
customerNumber: 311
checkNumber: FA728475
paymentDate: 2003-10-06
amount: 32723.04
************\*\*\************* 168. row ************\*\*\*************
customerNumber: 458
customerName: Corrida Auto Replicas, Ltd
contactLastName: Sommer
contactFirstName: Martín
phone: (91) 555 22 82
addressLine1: C/ Araquil, 67
addressLine2: NULL
city: Madrid
state: NULL
postalCode: 28023
country: Spain
salesRepEmployeeNumber: 1702
creditLimit: 104600.00
customerNumber: 458
checkNumber: DD995006
paymentDate: 2004-11-15
amount: 33145.56
************\*\*\************* 169. row ************\*\*\*************
customerNumber: 112
customerName: Signal Gift Stores
contactLastName: King
contactFirstName: Jean
phone: 7025551838
addressLine1: 8489 Strong St.
addressLine2: NULL
city: Las Vegas
state: NV
postalCode: 83030
country: USA
salesRepEmployeeNumber: 1166
creditLimit: 71800.00
customerNumber: 112
checkNumber: ND748579
paymentDate: 2004-08-20
amount: 33347.88
************\*\*\************* 170. row ************\*\*\*************
customerNumber: 172
customerName: La Corne D'abondance, Co.
contactLastName: Bertrand
contactFirstName: Marie
phone: (1) 42.34.2555
addressLine1: 265, boulevard Charonne
addressLine2: NULL
city: Paris
state: NULL
postalCode: 75012
country: France
salesRepEmployeeNumber: 1337
creditLimit: 84300.00
customerNumber: 172
checkNumber: EH208589
paymentDate: 2003-04-20
amount: 33383.14
************\*\*\************* 171. row ************\*\*\*************
customerNumber: 202
customerName: Canadian Gift Exchange Network
contactLastName: Tamuri
contactFirstName: Yoshi
phone: (604) 555-3392
addressLine1: 1900 Oak St.
addressLine2: NULL
city: Vancouver
state: BC
postalCode: V3F 2K1
country: Canada
salesRepEmployeeNumber: 1323
creditLimit: 90300.00
customerNumber: 202
checkNumber: IQ627690
paymentDate: 2004-11-08
amount: 33594.58
************\*\*\************* 172. row ************\*\*\*************
customerNumber: 242
customerName: Alpha Cognac
contactLastName: Roulet
contactFirstName: Annette
phone: 61.77.6555
addressLine1: 1 rue Alsace-Lorraine
addressLine2: NULL
city: Toulouse
state: NULL
postalCode: 31000
country: France
salesRepEmployeeNumber: 1370
creditLimit: 61100.00
customerNumber: 242
checkNumber: AF40894
paymentDate: 2003-11-22
amount: 33818.34
************\*\*\************* 173. row ************\*\*\*************
customerNumber: 128
customerName: Blauer See Auto, Co.
contactLastName: Keitel
contactFirstName: Roland
phone: +49 69 66 90 2555
addressLine1: Lyonerstr. 34
addressLine2: NULL
city: Frankfurt
state: NULL
postalCode: 60528
country: Germany
salesRepEmployeeNumber: 1504
creditLimit: 59700.00
customerNumber: 128
checkNumber: FH668230
paymentDate: 2004-03-24
amount: 33820.62
************\*\*\************* 174. row ************\*\*\*************
customerNumber: 249
customerName: Amica Models & Co.
contactLastName: Accorti
contactFirstName: Paolo
phone: 011-4988555
addressLine1: Via Monte Bianco 34
addressLine2: NULL
city: Torino
state: NULL
postalCode: 10100
country: Italy
salesRepEmployeeNumber: 1401
creditLimit: 113000.00
customerNumber: 249
checkNumber: IJ399820
paymentDate: 2004-09-19
amount: 33924.24
************\*\*\************* 175. row ************\*\*\*************
customerNumber: 398
customerName: Tokyo Collectables, Ltd
contactLastName: Shimamura
contactFirstName: Akiko
phone: +81 3 3584 0555
addressLine1: 2-2-8 Roppongi
addressLine2: NULL
city: Minato-ku
state: Tokyo
postalCode: 106-0032
country: Japan
salesRepEmployeeNumber: 1621
creditLimit: 94400.00
customerNumber: 398
checkNumber: AJ478695
paymentDate: 2005-02-14
amount: 33967.73
************\*\*\************* 176. row ************\*\*\*************
customerNumber: 186
customerName: Toys of Finland, Co.
contactLastName: Karttunen
contactFirstName: Matti
phone: 90-224 8555
addressLine1: Keskuskatu 45
addressLine2: NULL
city: Helsinki
state: NULL
postalCode: 21240
country: Finland
salesRepEmployeeNumber: 1501
creditLimit: 96500.00
customerNumber: 186
checkNumber: KA602407
paymentDate: 2004-10-21
amount: 34341.08
************\*\*\************* 177. row ************\*\*\*************
customerNumber: 339
customerName: Classic Gift Ideas, Inc
contactLastName: Cervantes
contactFirstName: Francisca
phone: 2155554695
addressLine1: 782 First Street
addressLine2: NULL
city: Philadelphia
state: PA
postalCode: 71270
country: USA
salesRepEmployeeNumber: 1188
creditLimit: 81100.00
customerNumber: 339
checkNumber: DA98827
paymentDate: 2003-11-28
amount: 34606.28
************\*\*\************* 178. row ************\*\*\*************
customerNumber: 121
customerName: Baane Mini Imports
contactLastName: Bergulfsen
contactFirstName: Jonas
phone: 07-98 9555
addressLine1: Erling Skakkes gate 78
addressLine2: NULL
city: Stavern
state: NULL
postalCode: 4110
country: Norway
salesRepEmployeeNumber: 1504
creditLimit: 81700.00
customerNumber: 121
checkNumber: MA302151
paymentDate: 2004-11-28
amount: 34638.14
************\*\*\************* 179. row ************\*\*\*************
customerNumber: 412
customerName: Extreme Desk Decorations, Ltd
contactLastName: McRoy
contactFirstName: Sarah
phone: 04 499 9555
addressLine1: 101 Lambton Quay
addressLine2: Level 11
city: Wellington
state: NULL
postalCode: NULL
country: New Zealand
salesRepEmployeeNumber: 1612
creditLimit: 86800.00
customerNumber: 412
checkNumber: GH197075
paymentDate: 2004-07-25
amount: 35034.57
************\*\*\************* 180. row ************\*\*\*************
customerNumber: 157
customerName: Diecast Classics Inc.
contactLastName: Leong
contactFirstName: Kelvin
phone: 2155551555
addressLine1: 7586 Pompton St.
addressLine2: NULL
city: Allentown
state: PA
postalCode: 70267
country: USA
salesRepEmployeeNumber: 1216
creditLimit: 100600.00
customerNumber: 157
checkNumber: HI618861
paymentDate: 2004-11-19
amount: 35152.12
************\*\*\************* 181. row ************\*\*\*************
customerNumber: 209
customerName: Mini Caravy
contactLastName: Citeaux
contactFirstName: Frédérique
phone: 88.60.1555
addressLine1: 24, place Kléber
addressLine2: NULL
city: Strasbourg
state: NULL
postalCode: 67000
country: France
salesRepEmployeeNumber: 1370
creditLimit: 53800.00
customerNumber: 209
checkNumber: BOAF82044
paymentDate: 2005-05-03
amount: 35157.75
************\*\*\************* 182. row ************\*\*\*************
customerNumber: 131
customerName: Land of Toys Inc.
contactLastName: Lee
contactFirstName: Kwai
phone: 2125557818
addressLine1: 897 Long Airport Avenue
addressLine2: NULL
city: NYC
state: NY
postalCode: 10022
country: USA
salesRepEmployeeNumber: 1323
creditLimit: 114900.00
customerNumber: 131
checkNumber: NB445135
paymentDate: 2004-09-11
amount: 35321.97
************\*\*\************* 183. row ************\*\*\*************
customerNumber: 141
customerName: Euro+ Shopping Channel
contactLastName: Freyre
contactFirstName: Diego
phone: (91) 555 94 44
addressLine1: C/ Moralzarzal, 86
addressLine2: NULL
city: Madrid
state: NULL
postalCode: 28034
country: Spain
salesRepEmployeeNumber: 1370
creditLimit: 227600.00
customerNumber: 141
checkNumber: MC46946
paymentDate: 2004-07-09
amount: 35420.74
************\*\*\************* 184. row ************\*\*\*************
customerNumber: 471
customerName: Australian Collectables, Ltd
contactLastName: Clenahan
contactFirstName: Sean
phone: 61-9-3844-6555
addressLine1: 7 Allen Street
addressLine2: NULL
city: Glen Waverly
state: Victoria
postalCode: 3150
country: Australia
salesRepEmployeeNumber: 1611
creditLimit: 60300.00
customerNumber: 471
checkNumber: CO645196
paymentDate: 2003-12-10
amount: 35505.63
************\*\*\************* 185. row ************\*\*\*************
customerNumber: 282
customerName: Souveniers And Things Co.
contactLastName: Huxley
contactFirstName: Adrian
phone: +61 2 9495 8555
addressLine1: Monitor Money Building
addressLine2: 815 Pacific Hwy
city: Chatswood
state: NSW
postalCode: 2067
country: Australia
salesRepEmployeeNumber: 1611
creditLimit: 93300.00
customerNumber: 282
checkNumber: JT819493
paymentDate: 2004-08-02
amount: 35806.73
************\*\*\************* 186. row ************\*\*\*************
customerNumber: 382
customerName: Salzburg Collectables
contactLastName: Pipps
contactFirstName: Georg
phone: 6562-9555
addressLine1: Geislweg 14
addressLine2: NULL
city: Salzburg
state: NULL
postalCode: 5020
country: Austria
salesRepEmployeeNumber: 1401
creditLimit: 71700.00
customerNumber: 382
checkNumber: CC871084
paymentDate: 2003-05-12
amount: 35826.33
************\*\*\************* 187. row ************\*\*\*************
customerNumber: 144
customerName: Volvo Model Replicas, Co
contactLastName: Berglund
contactFirstName: Christina
phone: 0921-12 3555
addressLine1: Berguvsvägen 8
addressLine2: NULL
city: Luleå
state: NULL
postalCode: S-958 22
country: Sweden
salesRepEmployeeNumber: 1504
creditLimit: 53100.00
customerNumber: 144
checkNumber: IR846303
paymentDate: 2004-12-12
amount: 36005.71
************\*\*\************* 188. row ************\*\*\*************
customerNumber: 209
customerName: Mini Caravy
contactLastName: Citeaux
contactFirstName: Frédérique
phone: 88.60.1555
addressLine1: 24, place Kléber
addressLine2: NULL
city: Strasbourg
state: NULL
postalCode: 67000
country: France
salesRepEmployeeNumber: 1370
creditLimit: 53800.00
customerNumber: 209
checkNumber: PH785937
paymentDate: 2004-05-04
amount: 36069.26
************\*\*\************* 189. row ************\*\*\*************
customerNumber: 475
customerName: West Coast Collectables Co.
contactLastName: Thompson
contactFirstName: Steve
phone: 3105553722
addressLine1: 3675 Furth Circle
addressLine2: NULL
city: Burbank
state: CA
postalCode: 94019
country: USA
salesRepEmployeeNumber: 1166
creditLimit: 55400.00
customerNumber: 475
checkNumber: PB951268
paymentDate: 2004-02-13
amount: 36070.47
************\*\*\************* 190. row ************\*\*\*************
customerNumber: 319
customerName: Mini Classics
contactLastName: Frick
contactFirstName: Steve
phone: 9145554562
addressLine1: 3758 North Pendale Street
addressLine2: NULL
city: White Plains
state: NY
postalCode: 24067
country: USA
salesRepEmployeeNumber: 1323
creditLimit: 102700.00
customerNumber: 319
checkNumber: OM548174
paymentDate: 2003-12-07
amount: 36092.40
************\*\*\************* 191. row ************\*\*\*************
customerNumber: 141
customerName: Euro+ Shopping Channel
contactLastName: Freyre
contactFirstName: Diego
phone: (91) 555 94 44
addressLine1: C/ Moralzarzal, 86
addressLine2: NULL
city: Madrid
state: NULL
postalCode: 28034
country: Spain
salesRepEmployeeNumber: 1370
creditLimit: 227600.00
customerNumber: 141
checkNumber: DB583216
paymentDate: 2004-11-01
amount: 36140.38
************\*\*\************* 192. row ************\*\*\*************
customerNumber: 227
customerName: Heintze Collectables
contactLastName: Ibsen
contactFirstName: Palle
phone: 86 21 3555
addressLine1: Smagsloget 45
addressLine2: NULL
city: Århus
state: NULL
postalCode: 8200
country: Denmark
salesRepEmployeeNumber: 1401
creditLimit: 120800.00
customerNumber: 227
checkNumber: MQ413968
paymentDate: 2003-10-31
amount: 36164.46
************\*\*\************* 193. row ************\*\*\*************
customerNumber: 141
customerName: Euro+ Shopping Channel
contactLastName: Freyre
contactFirstName: Diego
phone: (91) 555 94 44
addressLine1: C/ Moralzarzal, 86
addressLine2: NULL
city: Madrid
state: NULL
postalCode: 28034
country: Spain
salesRepEmployeeNumber: 1370
creditLimit: 227600.00
customerNumber: 141
checkNumber: AU364101
paymentDate: 2003-07-19
amount: 36251.03
************\*\*\************* 194. row ************\*\*\*************
customerNumber: 357
customerName: GiftsForHim.com
contactLastName: MacKinlay
contactFirstName: Wales
phone: 64-9-3763555
addressLine1: 199 Great North Road
addressLine2: NULL
city: Auckland
state: NULL
postalCode: NULL
country: New Zealand
salesRepEmployeeNumber: 1612
creditLimit: 77700.00
customerNumber: 357
checkNumber: NB291497
paymentDate: 2004-05-15
amount: 36442.34
************\*\*\************* 195. row ************\*\*\*************
customerNumber: 202
customerName: Canadian Gift Exchange Network
contactLastName: Tamuri
contactFirstName: Yoshi
phone: (604) 555-3392
addressLine1: 1900 Oak St.
addressLine2: NULL
city: Vancouver
state: BC
postalCode: V3F 2K1
country: Canada
salesRepEmployeeNumber: 1323
creditLimit: 90300.00
customerNumber: 202
checkNumber: HI358554
paymentDate: 2003-12-18
amount: 36527.61
************\*\*\************* 196. row ************\*\*\*************
customerNumber: 299
customerName: Norway Gifts By Mail, Co.
contactLastName: Klaeboe
contactFirstName: Jan
phone: +47 2212 1555
addressLine1: Drammensveien 126A
addressLine2: PB 211 Sentrum
city: Oslo
state: NULL
postalCode: N 0106
country: Norway  
salesRepEmployeeNumber: 1504
creditLimit: 95100.00
customerNumber: 299
checkNumber: AD304085
paymentDate: 2003-10-24
amount: 36798.88
************\*\*\************* 197. row ************\*\*\*************
customerNumber: 201
customerName: UK Collectables, Ltd.
contactLastName: Devon
contactFirstName: Elizabeth
phone: (171) 555-2282
addressLine1: 12, Berkeley Gardens Blvd
addressLine2: NULL
city: Liverpool
state: NULL
postalCode: WX1 6LT
country: UK
salesRepEmployeeNumber: 1501
creditLimit: 92700.00
customerNumber: 201
checkNumber: OO846801
paymentDate: 2004-06-15
amount: 37258.94
************\*\*\************* 198. row ************\*\*\*************
customerNumber: 323
customerName: Down Under Souveniers, Inc
contactLastName: Graham
contactFirstName: Mike
phone: +64 9 312 5555
addressLine1: 162-164 Grafton Road
addressLine2: Level 2
city: Auckland  
 state: NULL
postalCode: NULL
country: New Zealand
salesRepEmployeeNumber: 1612
creditLimit: 88000.00
customerNumber: 323
checkNumber: ES347491
paymentDate: 2004-06-24
amount: 37281.36
************\*\*\************* 199. row ************\*\*\*************
customerNumber: 324
customerName: Stylish Desk Decors, Co.
contactLastName: Brown
contactFirstName: Ann
phone: (171) 555-0297
addressLine1: 35 King George
addressLine2: NULL
city: London
state: NULL
postalCode: WX3 6FW
country: UK
salesRepEmployeeNumber: 1501
creditLimit: 77000.00
customerNumber: 324
checkNumber: HB150714
paymentDate: 2003-11-23
amount: 37455.77
************\*\*\************* 200. row ************\*\*\*************
customerNumber: 260
customerName: Royal Canadian Collectables, Ltd.
contactLastName: Lincoln
contactFirstName: Elizabeth
phone: (604) 555-4555
addressLine1: 23 Tsawassen Blvd.
addressLine2: NULL
city: Tsawassen
state: BC
postalCode: T2F 8M4
country: Canada
salesRepEmployeeNumber: 1323
creditLimit: 89600.00
customerNumber: 260
checkNumber: IO164641
paymentDate: 2004-08-30
amount: 37527.58
************\*\*\************* 201. row ************\*\*\*************
customerNumber: 186
customerName: Toys of Finland, Co.
contactLastName: Karttunen
contactFirstName: Matti
phone: 90-224 8555
addressLine1: Keskuskatu 45
addressLine2: NULL
city: Helsinki
state: NULL
postalCode: 21240
country: Finland
salesRepEmployeeNumber: 1501
creditLimit: 96500.00
customerNumber: 186
checkNumber: AK412714
paymentDate: 2003-10-27
amount: 37602.48
************\*\*\************* 202. row ************\*\*\*************
customerNumber: 278
customerName: Rovelli Gifts
contactLastName: Rovelli
contactFirstName: Giovanni
phone: 035-640555
addressLine1: Via Ludovico il Moro 22
addressLine2: NULL
city: Bergamo
state: NULL
postalCode: 24100
country: Italy
salesRepEmployeeNumber: 1401
creditLimit: 119600.00
customerNumber: 278
checkNumber: BJ483870
paymentDate: 2004-12-05
amount: 37654.09
************\*\*\************* 203. row ************\*\*\*************
customerNumber: 278
customerName: Rovelli Gifts
contactLastName: Rovelli
contactFirstName: Giovanni
phone: 035-640555
addressLine1: Via Ludovico il Moro 22
addressLine2: NULL
city: Bergamo
state: NULL
postalCode: 24100
country: Italy
salesRepEmployeeNumber: 1401
creditLimit: 119600.00
customerNumber: 278
checkNumber: NI983021
paymentDate: 2003-11-24
amount: 37723.79
************\*\*\************* 204. row ************\*\*\*************
customerNumber: 455
customerName: Super Scale Inc.
contactLastName: Murphy
contactFirstName: Leslie
phone: 2035559545
addressLine1: 567 North Pendale Street
addressLine2: NULL
city: New Haven
state: CT
postalCode: 97823
country: USA
salesRepEmployeeNumber: 1286
creditLimit: 95400.00
customerNumber: 455
checkNumber: HA777606
paymentDate: 2003-12-05
amount: 38139.18
************\*\*\************* 205. row ************\*\*\*************
customerNumber: 386
customerName: L'ordine Souveniers
contactLastName: Moroni
contactFirstName: Maurizio
phone: 0522-556555
addressLine1: Strada Provinciale 124
addressLine2: NULL
city: Reggio Emilia
state: NULL
postalCode: 42100
country: Italy
salesRepEmployeeNumber: 1401
creditLimit: 121400.00
customerNumber: 386
checkNumber: DO106109
paymentDate: 2003-11-18
amount: 38524.29
************\*\*\************* 206. row ************\*\*\*************
customerNumber: 276
customerName: Anna's Decorations, Ltd
contactLastName: O'Hara
contactFirstName: Anna
phone: 02 9936 8555
addressLine1: 201 Miller Street
addressLine2: Level 15
city: North Sydney
state: NSW
postalCode: 2060
country: Australia
salesRepEmployeeNumber: 1611
creditLimit: 107800.00
customerNumber: 276
checkNumber: KM841847
paymentDate: 2003-11-13
amount: 38547.19
************\*\*\************* 207. row ************\*\*\*************
customerNumber: 161
customerName: Technics Stores Inc.
contactLastName: Hashimoto
contactFirstName: Juri
phone: 6505556809
addressLine1: 9408 Furth Circle
addressLine2: NULL
city: Burlingame
state: CA
postalCode: 94217
country: USA
salesRepEmployeeNumber: 1165
creditLimit: 84600.00
customerNumber: 161
checkNumber: NI908214
paymentDate: 2003-08-05
amount: 38675.13
************\*\*\************* 208. row ************\*\*\*************
customerNumber: 166
customerName: Handji Gifts& Co
contactLastName: Victorino
contactFirstName: Wendy
phone: +65 224 1555
addressLine1: 106 Linden Road Sandown
addressLine2: 2nd Floor
city: Singapore
state: NULL
postalCode: 069045
country: Singapore
salesRepEmployeeNumber: 1612
creditLimit: 97900.00
customerNumber: 166
checkNumber: BQ327613
paymentDate: 2004-09-16
amount: 38785.48
************\*\*\************* 209. row ************\*\*\*************
customerNumber: 323
customerName: Down Under Souveniers, Inc
contactLastName: Graham
contactFirstName: Mike
phone: +64 9 312 5555
addressLine1: 162-164 Grafton Road
addressLine2: Level 2
city: Auckland  
 state: NULL
postalCode: NULL
country: New Zealand
salesRepEmployeeNumber: 1612
creditLimit: 88000.00
customerNumber: 323
checkNumber: PQ803830
paymentDate: 2004-12-24
amount: 39440.59
************\*\*\************* 210. row ************\*\*\*************
customerNumber: 205
customerName: Toys4GrownUps.com
contactLastName: Young
contactFirstName: Julie
phone: 6265557265
addressLine1: 78934 Hillside Dr.
addressLine2: NULL
city: Pasadena
state: CA
postalCode: 90003
country: USA
salesRepEmployeeNumber: 1166
creditLimit: 90700.00
customerNumber: 205
checkNumber: NM739638
paymentDate: 2005-02-06
amount: 39580.60
************\*\*\************* 211. row ************\*\*\*************
customerNumber: 146
customerName: Saveley & Henriot, Co.
contactLastName: Saveley
contactFirstName: Mary
phone: 78.32.5555
addressLine1: 2, rue du Commerce
addressLine2: NULL
city: Lyon
state: NULL
postalCode: 69004
country: France
salesRepEmployeeNumber: 1337
creditLimit: 123900.00
customerNumber: 146
checkNumber: LJ160635
paymentDate: 2003-12-10
amount: 39712.10
************\*\*\************* 212. row ************\*\*\*************
customerNumber: 151
customerName: Muscle Machine Inc
contactLastName: Young
contactFirstName: Jeff
phone: 2125557413
addressLine1: 4092 Furth Circle
addressLine2: Suite 400
city: NYC
state: NY
postalCode: 10022
country: USA
salesRepEmployeeNumber: 1286
creditLimit: 138500.00
customerNumber: 151
checkNumber: KI884577
paymentDate: 2004-12-14
amount: 39964.63
************\*\*\************* 213. row ************\*\*\*************
customerNumber: 141
customerName: Euro+ Shopping Channel
contactLastName: Freyre
contactFirstName: Diego
phone: (91) 555 94 44
addressLine1: C/ Moralzarzal, 86
addressLine2: NULL
city: Madrid
state: NULL
postalCode: 28034
country: Spain
salesRepEmployeeNumber: 1370
creditLimit: 227600.00
customerNumber: 141
checkNumber: JN722010
paymentDate: 2003-02-25
amount: 40206.20
************\*\*\************* 214. row ************\*\*\*************
customerNumber: 216
customerName: Enaco Distributors
contactLastName: Saavedra
contactFirstName: Eduardo
phone: (93) 203 4555
addressLine1: Rambla de Cataluña, 23
addressLine2: NULL
city: Barcelona
state: NULL
postalCode: 08022
country: Spain
salesRepEmployeeNumber: 1702
creditLimit: 60300.00
customerNumber: 216
checkNumber: MM342086
paymentDate: 2003-12-14
amount: 40473.86
************\*\*\************* 215. row ************\*\*\*************
customerNumber: 146
customerName: Saveley & Henriot, Co.
contactLastName: Saveley
contactFirstName: Mary
phone: 78.32.5555
addressLine1: 2, rue du Commerce
addressLine2: NULL
city: Lyon
state: NULL
postalCode: 69004
country: France
salesRepEmployeeNumber: 1337
creditLimit: 123900.00
customerNumber: 146
checkNumber: FP549817
paymentDate: 2004-03-18
amount: 40978.53
************\*\*\************* 216. row ************\*\*\*************
customerNumber: 320
customerName: Mini Creations Ltd.
contactLastName: Huang
contactFirstName: Wing
phone: 5085559555
addressLine1: 4575 Hillside Dr.
addressLine2: NULL
city: New Bedford
state: MA
postalCode: 50553
country: USA
salesRepEmployeeNumber: 1188
creditLimit: 94500.00
customerNumber: 320
checkNumber: HO576374
paymentDate: 2003-08-20
amount: 41016.75
************\*\*\************* 217. row ************\*\*\*************
customerNumber: 276
customerName: Anna's Decorations, Ltd
contactLastName: O'Hara
contactFirstName: Anna
phone: 02 9936 8555
addressLine1: 201 Miller Street
addressLine2: Level 15
city: North Sydney
state: NSW
postalCode: 2060
country: Australia
salesRepEmployeeNumber: 1611
creditLimit: 107800.00
customerNumber: 276
checkNumber: LE432182
paymentDate: 2003-09-28
amount: 41554.73
************\*\*\************* 218. row ************\*\*\*************
customerNumber: 175
customerName: Gift Depot Inc.
contactLastName: King
contactFirstName: Julie
phone: 2035552570
addressLine1: 25593 South Bay Ln.
addressLine2: NULL
city: Bridgewater
state: CT
postalCode: 97562
country: USA
salesRepEmployeeNumber: 1323
creditLimit: 84300.00
customerNumber: 175
checkNumber: PI15215
paymentDate: 2004-07-10
amount: 42044.77
************\*\*\************* 219. row ************\*\*\*************
customerNumber: 319
customerName: Mini Classics
contactLastName: Frick
contactFirstName: Steve
phone: 9145554562
addressLine1: 3758 North Pendale Street
addressLine2: NULL
city: White Plains
state: NY
postalCode: 24067
country: USA
salesRepEmployeeNumber: 1323
creditLimit: 102700.00
customerNumber: 319
checkNumber: HL685576
paymentDate: 2004-11-06
amount: 42339.76
************\*\*\************* 220. row ************\*\*\*************
customerNumber: 171
customerName: Daedalus Designs Imports
contactLastName: Rancé
contactFirstName: Martine
phone: 20.16.1555
addressLine1: 184, chaussée de Tournai
addressLine2: NULL
city: Lille
state: NULL
postalCode: 59000
country: France
salesRepEmployeeNumber: 1370
creditLimit: 82900.00
customerNumber: 171
checkNumber: IL104425
paymentDate: 2003-11-22
amount: 42783.81
************\*\*\************* 221. row ************\*\*\*************
customerNumber: 382
customerName: Salzburg Collectables
contactLastName: Pipps
contactFirstName: Georg
phone: 6562-9555
addressLine1: Geislweg 14
addressLine2: NULL
city: Salzburg
state: NULL
postalCode: 5020
country: Austria
salesRepEmployeeNumber: 1401
creditLimit: 71700.00
customerNumber: 382
checkNumber: PH29054
paymentDate: 2004-11-27
amount: 42813.83
************\*\*\************* 222. row ************\*\*\*************
customerNumber: 286
customerName: Marta's Replicas Co.
contactLastName: Hernandez
contactFirstName: Marta
phone: 6175558555
addressLine1: 39323 Spinnaker Dr.
addressLine2: NULL
city: Cambridge
state: MA
postalCode: 51247
country: USA
salesRepEmployeeNumber: 1216
creditLimit: 123700.00
customerNumber: 286
checkNumber: KH910279
paymentDate: 2004-09-05
amount: 43134.04
************\*\*\************* 223. row ************\*\*\*************
customerNumber: 124
customerName: Mini Gifts Distributors Ltd.
contactLastName: Nelson
contactFirstName: Susan
phone: 4155551450
addressLine1: 5677 Strong St.
addressLine2: NULL
city: San Rafael
state: CA
postalCode: 97562
country: USA
salesRepEmployeeNumber: 1165
creditLimit: 210500.00
customerNumber: 124
checkNumber: LF217299
paymentDate: 2004-03-26
amount: 43369.30
************\*\*\************* 224. row ************\*\*\*************
customerNumber: 166
customerName: Handji Gifts& Co
contactLastName: Victorino
contactFirstName: Wendy
phone: +65 224 1555
addressLine1: 106 Linden Road Sandown
addressLine2: 2nd Floor
city: Singapore
state: NULL
postalCode: 069045
country: Singapore
salesRepEmployeeNumber: 1612
creditLimit: 97900.00
customerNumber: 166
checkNumber: DC979307
paymentDate: 2004-07-07
amount: 44160.92
************\*\*\************* 225. row ************\*\*\*************
customerNumber: 148
customerName: Dragon Souveniers, Ltd.
contactLastName: Natividad
contactFirstName: Eric
phone: +65 221 7555
addressLine1: Bronz Sok.
addressLine2: Bronz Apt. 3/6 Tesvikiye
city: Singapore
state: NULL
postalCode: 079903
country: Singapore
salesRepEmployeeNumber: 1621
creditLimit: 103800.00
customerNumber: 148
checkNumber: BI507030
paymentDate: 2003-04-22
amount: 44380.15
************\*\*\************* 226. row ************\*\*\*************
customerNumber: 181
customerName: Vitachrome Inc.
contactLastName: Frick
contactFirstName: Michael
phone: 2125551500
addressLine1: 2678 Kingston Rd.
addressLine2: Suite 101
city: NYC
state: NY
postalCode: 10022
country: USA
salesRepEmployeeNumber: 1286
creditLimit: 76400.00
customerNumber: 181
checkNumber: OH367219
paymentDate: 2004-11-16
amount: 44400.50
************\*\*\************* 227. row ************\*\*\*************
customerNumber: 114
customerName: Australian Collectors, Co.
contactLastName: Ferguson
contactFirstName: Peter
phone: 03 9520 4555
addressLine1: 636 St Kilda Road
addressLine2: Level 3
city: Melbourne
state: Victoria
postalCode: 3004
country: Australia
salesRepEmployeeNumber: 1611
creditLimit: 117300.00
customerNumber: 114
checkNumber: NR27552
paymentDate: 2004-03-10
amount: 44894.74
************\*\*\************* 228. row ************\*\*\*************
customerNumber: 124
customerName: Mini Gifts Distributors Ltd.
contactLastName: Nelson
contactFirstName: Susan
phone: 4155551450
addressLine1: 5677 Strong St.
addressLine2: NULL
city: San Rafael
state: CA
postalCode: 97562
country: USA
salesRepEmployeeNumber: 1165
creditLimit: 210500.00
customerNumber: 124
checkNumber: NT141748
paymentDate: 2003-11-25
amount: 45084.38
************\*\*\************* 229. row ************\*\*\*************
customerNumber: 314
customerName: Petit Auto
contactLastName: Dewey
contactFirstName: Catherine
phone: (02) 5554 67
addressLine1: Rue Joseph-Bens 532
addressLine2: NULL
city: Bruxelles
state: NULL
postalCode: B-1180
country: Belgium
salesRepEmployeeNumber: 1401
creditLimit: 79900.00
customerNumber: 314
checkNumber: LQ244073
paymentDate: 2004-08-09
amount: 45352.47
************\*\*\************* 230. row ************\*\*\*************
customerNumber: 211
customerName: King Kong Collectables, Co.
contactLastName: Gao
contactFirstName: Mike
phone: +852 2251 1555
addressLine1: Bank of China Tower
addressLine2: 1 Garden Road
city: Central Hong Kong
state: NULL
postalCode: NULL
country: Hong Kong
salesRepEmployeeNumber: 1621
creditLimit: 58600.00
customerNumber: 211
checkNumber: BJ535230
paymentDate: 2003-12-09
amount: 45480.79
************\*\*\************* 231. row ************\*\*\*************
customerNumber: 334
customerName: Suominen Souveniers
contactLastName: Suominen
contactFirstName: Kalle
phone: +358 9 8045 555
addressLine1: Software Engineering Center
addressLine2: SEC Oy
city: Espoo
state: NULL
postalCode: FIN-02271
country: Finland
salesRepEmployeeNumber: 1501
creditLimit: 98800.00
customerNumber: 334
checkNumber: CS435306
paymentDate: 2005-01-27
amount: 45785.34
************\*\*\************* 232. row ************\*\*\*************
customerNumber: 114
customerName: Australian Collectors, Co.
contactLastName: Ferguson
contactFirstName: Peter
phone: 03 9520 4555
addressLine1: 636 St Kilda Road
addressLine2: Level 3
city: Melbourne
state: Victoria
postalCode: 3004
country: Australia
salesRepEmployeeNumber: 1611
creditLimit: 117300.00
customerNumber: 114
checkNumber: GG31455
paymentDate: 2003-05-20
amount: 45864.03
************\*\*\************* 233. row ************\*\*\*************
customerNumber: 486
customerName: Motor Mint Distributors Inc.
contactLastName: Salazar
contactFirstName: Rosa
phone: 2155559857
addressLine1: 11328 Douglas Av.
addressLine2: NULL
city: Philadelphia
state: PA
postalCode: 71270
country: USA
salesRepEmployeeNumber: 1323
creditLimit: 72600.00
customerNumber: 486
checkNumber: HS86661
paymentDate: 2004-11-23
amount: 45994.07
************\*\*\************* 234. row ************\*\*\*************
customerNumber: 353
customerName: Reims Collectables
contactLastName: Henriot
contactFirstName: Paul
phone: 26.47.1555
addressLine1: 59 rue de l'Abbaye
addressLine2: NULL
city: Reims
state: NULL
postalCode: 51100
country: France
salesRepEmployeeNumber: 1337
creditLimit: 81100.00
customerNumber: 353
checkNumber: HJ618252
paymentDate: 2005-06-09
amount: 46656.94
************\*\*\************* 235. row ************\*\*\*************
customerNumber: 311
customerName: Oulu Toy Supplies, Inc.
contactLastName: Koskitalo
contactFirstName: Pirkko
phone: 981-443655
addressLine1: Torikatu 38
addressLine2: NULL
city: Oulu
state: NULL
postalCode: 90110
country: Finland
salesRepEmployeeNumber: 1501
creditLimit: 90500.00
customerNumber: 311
checkNumber: DG336041
paymentDate: 2005-02-15
amount: 46770.52
************\*\*\************* 236. row ************\*\*\*************
customerNumber: 321
customerName: Corporate Gift Ideas Co.
contactLastName: Brown
contactFirstName: Julie
phone: 6505551386
addressLine1: 7734 Strong St.
addressLine2: NULL
city: San Francisco
state: CA
postalCode: 94217
country: USA
salesRepEmployeeNumber: 1165
creditLimit: 105000.00
customerNumber: 321
checkNumber: LA556321
paymentDate: 2005-03-15
amount: 46781.66
************\*\*\************* 237. row ************\*\*\*************
customerNumber: 240
customerName: giftsbymail.co.uk
contactLastName: Bennett
contactFirstName: Helen
phone: (198) 555-8888
addressLine1: Garden House
addressLine2: Crowther Way 23
city: Cowes
state: Isle of Wight
postalCode: PO31 7PJ
country: UK
salesRepEmployeeNumber: 1501
creditLimit: 93900.00
customerNumber: 240
checkNumber: IF245157
paymentDate: 2004-11-16
amount: 46788.14
************\*\*\************* 238. row ************\*\*\*************
customerNumber: 141
customerName: Euro+ Shopping Channel
contactLastName: Freyre
contactFirstName: Diego
phone: (91) 555 94 44
addressLine1: C/ Moralzarzal, 86
addressLine2: NULL
city: Madrid
state: NULL
postalCode: 28034
country: Spain
salesRepEmployeeNumber: 1370
creditLimit: 227600.00
customerNumber: 141
checkNumber: DL460618
paymentDate: 2005-05-19
amount: 46895.48
************\*\*\************* 239. row ************\*\*\*************
customerNumber: 124
customerName: Mini Gifts Distributors Ltd.
contactLastName: Nelson
contactFirstName: Susan
phone: 4155551450
addressLine1: 5677 Strong St.
addressLine2: NULL
city: San Rafael
state: CA
postalCode: 97562
country: USA
salesRepEmployeeNumber: 1165
creditLimit: 210500.00
customerNumber: 124
checkNumber: HI366474
paymentDate: 2004-12-27
amount: 47142.70
************\*\*\************* 240. row ************\*\*\*************
customerNumber: 187
customerName: AV Stores, Co.
contactLastName: Ashworth
contactFirstName: Rachel
phone: (171) 555-1555
addressLine1: Fauntleroy Circus
addressLine2: NULL
city: Manchester
state: NULL
postalCode: EC2 5NT
country: UK
salesRepEmployeeNumber: 1501
creditLimit: 136800.00
customerNumber: 187
checkNumber: BQ39062
paymentDate: 2004-12-08
amount: 47159.11
************\*\*\************* 241. row ************\*\*\*************
customerNumber: 177
customerName: Osaka Souveniers Co.
contactLastName: Kentary
contactFirstName: Mory
phone: +81 06 6342 5555
addressLine1: 1-6-20 Dojima
addressLine2: NULL
city: Kita-ku
state: Osaka
postalCode: 530-0003
country: Japan
salesRepEmployeeNumber: 1621
creditLimit: 81200.00
customerNumber: 177
checkNumber: CI381435
paymentDate: 2004-01-19
amount: 47177.59
************\*\*\************* 242. row ************\*\*\*************
customerNumber: 298
customerName: Vida Sport, Ltd
contactLastName: Holz
contactFirstName: Mihael
phone: 0897-034555
addressLine1: Grenzacherweg 237
addressLine2: NULL
city: Genève
state: NULL
postalCode: 1203
country: Switzerland
salesRepEmployeeNumber: 1702
creditLimit: 141300.00
customerNumber: 298
checkNumber: AJ574927
paymentDate: 2004-03-13
amount: 47375.92
************\*\*\************* 243. row ************\*\*\*************
customerNumber: 286
customerName: Marta's Replicas Co.
contactLastName: Hernandez
contactFirstName: Marta
phone: 6175558555
addressLine1: 39323 Spinnaker Dr.
addressLine2: NULL
city: Cambridge
state: MA
postalCode: 51247
country: USA
salesRepEmployeeNumber: 1216
creditLimit: 123700.00
customerNumber: 286
checkNumber: DR578578
paymentDate: 2004-10-28
amount: 47411.33
************\*\*\************* 244. row ************\*\*\*************
customerNumber: 484
customerName: Iberia Gift Imports, Corp.
contactLastName: Roel
contactFirstName: José Pedro
phone: (95) 555 82 82
addressLine1: C/ Romero, 33
addressLine2: NULL
city: Sevilla
state: NULL
postalCode: 41101
country: Spain
salesRepEmployeeNumber: 1702
creditLimit: 65700.00
customerNumber: 484
checkNumber: JH546765
paymentDate: 2003-11-29
amount: 47513.19
************\*\*\************* 245. row ************\*\*\*************
customerNumber: 119
customerName: La Rochelle Gifts
contactLastName: Labrune
contactFirstName: Janine
phone: 40.67.8555
addressLine1: 67, rue des Cinquante Otages
addressLine2: NULL
city: Nantes
state: NULL
postalCode: 44000
country: France
salesRepEmployeeNumber: 1370
creditLimit: 118200.00
customerNumber: 119
checkNumber: LN373447
paymentDate: 2004-08-08
amount: 47924.19
************\*\*\************* 246. row ************\*\*\*************
customerNumber: 249
customerName: Amica Models & Co.
contactLastName: Accorti
contactFirstName: Paolo
phone: 011-4988555
addressLine1: Via Monte Bianco 34
addressLine2: NULL
city: Torino
state: NULL
postalCode: 10100
country: Italy
salesRepEmployeeNumber: 1401
creditLimit: 113000.00
customerNumber: 249
checkNumber: NE404084
paymentDate: 2004-09-04
amount: 48298.99
************\*\*\************* 247. row ************\*\*\*************
customerNumber: 462
customerName: FunGiftIdeas.com
contactLastName: Benitez
contactFirstName: Violeta
phone: 5085552555
addressLine1: 1785 First Street
addressLine2: NULL
city: New Bedford
state: MA
postalCode: 50553
country: USA
salesRepEmployeeNumber: 1216
creditLimit: 85800.00
customerNumber: 462
checkNumber: PE176846
paymentDate: 2004-11-27
amount: 48355.87
************\*\*\************* 248. row ************\*\*\*************
customerNumber: 187
customerName: AV Stores, Co.
contactLastName: Ashworth
contactFirstName: Rachel
phone: (171) 555-1555
addressLine1: Fauntleroy Circus
addressLine2: NULL
city: Manchester
state: NULL
postalCode: EC2 5NT
country: UK
salesRepEmployeeNumber: 1501
creditLimit: 136800.00
customerNumber: 187
checkNumber: KL124726
paymentDate: 2003-03-27
amount: 48425.69
************\*\*\************* 249. row ************\*\*\*************
customerNumber: 448
customerName: Scandinavian Gift Ideas
contactLastName: Larsson
contactFirstName: Martha
phone: 0695-34 6555
addressLine1: Åkergatan 24
addressLine2: NULL
city: Bräcke
state: NULL
postalCode: S-844 67
country: Sweden
salesRepEmployeeNumber: 1504
creditLimit: 116400.00
customerNumber: 448
checkNumber: KR822727
paymentDate: 2004-09-30
amount: 48809.90
************\*\*\************* 250. row ************\*\*\*************
customerNumber: 398
customerName: Tokyo Collectables, Ltd
contactLastName: Shimamura
contactFirstName: Akiko
phone: +81 3 3584 0555
addressLine1: 2-2-8 Roppongi
addressLine2: NULL
city: Minato-ku
state: Tokyo
postalCode: 106-0032
country: Japan
salesRepEmployeeNumber: 1621
creditLimit: 94400.00
customerNumber: 398
checkNumber: KB54275
paymentDate: 2004-11-29
amount: 48927.64
************\*\*\************* 251. row ************\*\*\*************
customerNumber: 406
customerName: Auto Canal+ Petit
contactLastName: Perrier
contactFirstName: Dominique
phone: (1) 47.55.6555
addressLine1: 25, rue Lauriston
addressLine2: NULL
city: Paris
state: NULL
postalCode: 75016
country: France
salesRepEmployeeNumber: 1337
creditLimit: 95000.00
customerNumber: 406
checkNumber: HJ217687
paymentDate: 2004-01-28
amount: 49165.16
************\*\*\************* 252. row ************\*\*\*************
customerNumber: 119
customerName: La Rochelle Gifts
contactLastName: Labrune
contactFirstName: Janine
phone: 40.67.8555
addressLine1: 67, rue des Cinquante Otages
addressLine2: NULL
city: Nantes
state: NULL
postalCode: 44000
country: France
salesRepEmployeeNumber: 1370
creditLimit: 118200.00
customerNumber: 119
checkNumber: NG94694
paymentDate: 2005-02-22
amount: 49523.67
************\*\*\************* 253. row ************\*\*\*************
customerNumber: 141
customerName: Euro+ Shopping Channel
contactLastName: Freyre
contactFirstName: Diego
phone: (91) 555 94 44
addressLine1: C/ Moralzarzal, 86
addressLine2: NULL
city: Madrid
state: NULL
postalCode: 28034
country: Spain
salesRepEmployeeNumber: 1370
creditLimit: 227600.00
customerNumber: 141
checkNumber: JN355280
paymentDate: 2003-10-26
amount: 49539.37
************\*\*\************* 254. row ************\*\*\*************
customerNumber: 146
customerName: Saveley & Henriot, Co.
contactLastName: Saveley
contactFirstName: Mary
phone: 78.32.5555
addressLine1: 2, rue du Commerce
addressLine2: NULL
city: Lyon
state: NULL
postalCode: 69004
country: France
salesRepEmployeeNumber: 1337
creditLimit: 123900.00
customerNumber: 146
checkNumber: FU793410
paymentDate: 2004-01-16
amount: 49614.72
************\*\*\************* 255. row ************\*\*\*************
customerNumber: 353
customerName: Reims Collectables
contactLastName: Henriot
contactFirstName: Paul
phone: 26.47.1555
addressLine1: 59 rue de l'Abbaye
addressLine2: NULL
city: Reims
state: NULL
postalCode: 51100
country: France
salesRepEmployeeNumber: 1337
creditLimit: 81100.00
customerNumber: 353
checkNumber: CO351193
paymentDate: 2005-01-10
amount: 49705.52
************\*\*\************* 256. row ************\*\*\*************
customerNumber: 131
customerName: Land of Toys Inc.
contactLastName: Lee
contactFirstName: Kwai
phone: 2125557818
addressLine1: 897 Long Airport Avenue
addressLine2: NULL
city: NYC
state: NY
postalCode: 10022
country: USA
salesRepEmployeeNumber: 1323
creditLimit: 114900.00
customerNumber: 131
checkNumber: MA724562
paymentDate: 2004-12-02
amount: 50025.35
************\*\*\************* 257. row ************\*\*\*************
customerNumber: 121
customerName: Baane Mini Imports
contactLastName: Bergulfsen
contactFirstName: Jonas
phone: 07-98 9555
addressLine1: Erling Skakkes gate 78
addressLine2: NULL
city: Stavern
state: NULL
postalCode: 4110
country: Norway
salesRepEmployeeNumber: 1504
creditLimit: 81700.00
customerNumber: 121
checkNumber: DB889831
paymentDate: 2003-02-16
amount: 50218.95
************\*\*\************* 258. row ************\*\*\*************
customerNumber: 205
customerName: Toys4GrownUps.com
contactLastName: Young
contactFirstName: Julie
phone: 6265557265
addressLine1: 78934 Hillside Dr.
addressLine2: NULL
city: Pasadena
state: CA
postalCode: 90003
country: USA
salesRepEmployeeNumber: 1166
creditLimit: 90700.00
customerNumber: 205
checkNumber: LL562733
paymentDate: 2003-09-05
amount: 50342.74
************\*\*\************* 259. row ************\*\*\*************
customerNumber: 161
customerName: Technics Stores Inc.
contactLastName: Hashimoto
contactFirstName: Juri
phone: 6505556809
addressLine1: 9408 Furth Circle
addressLine2: NULL
city: Burlingame
state: CA
postalCode: 94217
country: USA
salesRepEmployeeNumber: 1165
creditLimit: 84600.00
customerNumber: 161
checkNumber: BR478494
paymentDate: 2003-11-18
amount: 50743.65
************\*\*\************* 260. row ************\*\*\*************
customerNumber: 363
customerName: Online Diecast Creations Co.
contactLastName: Young
contactFirstName: Dorothy
phone: 6035558647
addressLine1: 2304 Long Airport Avenue
addressLine2: NULL
city: Nashua
state: NH
postalCode: 62005
country: USA
salesRepEmployeeNumber: 1216
creditLimit: 114200.00
customerNumber: 363
checkNumber: HL575273
paymentDate: 2004-11-17
amount: 50799.69
************\*\*\************* 261. row ************\*\*\*************
customerNumber: 350
customerName: Marseille Mini Autos
contactLastName: Lebihan
contactFirstName: Laurence
phone: 91.24.4555
addressLine1: 12, rue des Bouchers
addressLine2: NULL
city: Marseille
state: NULL
postalCode: 13008
country: France
salesRepEmployeeNumber: 1337
creditLimit: 65000.00
customerNumber: 350
checkNumber: CI471510
paymentDate: 2003-05-25
amount: 50824.66
************\*\*\************* 262. row ************\*\*\*************
customerNumber: 385
customerName: Cruz & Sons Co.
contactLastName: Cruz
contactFirstName: Arnold
phone: +63 2 555 3587
addressLine1: 15 McCallum Street
addressLine2: NatWest Center #13-03
city: Makati City
state: NULL
postalCode: 1227 MM
country: Philippines
salesRepEmployeeNumber: 1621
creditLimit: 81500.00
customerNumber: 385
checkNumber: EK785462
paymentDate: 2003-03-09
amount: 51001.22
************\*\*\************* 263. row ************\*\*\*************
customerNumber: 204
customerName: Online Mini Collectables
contactLastName: Barajas
contactFirstName: Miguel
phone: 6175557555
addressLine1: 7635 Spinnaker Dr.
addressLine2: NULL
city: Brickhaven
state: MA
postalCode: 58339
country: USA
salesRepEmployeeNumber: 1188
creditLimit: 68700.00
customerNumber: 204
checkNumber: GC697638
paymentDate: 2004-08-13
amount: 51152.86
************\*\*\************* 264. row ************\*\*\*************
customerNumber: 172
customerName: La Corne D'abondance, Co.
contactLastName: Bertrand
contactFirstName: Marie
phone: (1) 42.34.2555
addressLine1: 265, boulevard Charonne
addressLine2: NULL
city: Paris
state: NULL
postalCode: 75012
country: France
salesRepEmployeeNumber: 1337
creditLimit: 84300.00
customerNumber: 172
checkNumber: CE51751
paymentDate: 2004-12-04
amount: 51209.58
************\*\*\************* 265. row ************\*\*\*************
customerNumber: 386
customerName: L'ordine Souveniers
contactLastName: Moroni
contactFirstName: Maurizio
phone: 0522-556555
addressLine1: Strada Provinciale 124
addressLine2: NULL
city: Reggio Emilia
state: NULL
postalCode: 42100
country: Italy
salesRepEmployeeNumber: 1401
creditLimit: 121400.00
customerNumber: 386
checkNumber: HG438769
paymentDate: 2004-07-18
amount: 51619.02
************\*\*\************* 266. row ************\*\*\*************
customerNumber: 278
customerName: Rovelli Gifts
contactLastName: Rovelli
contactFirstName: Giovanni
phone: 035-640555
addressLine1: Via Ludovico il Moro 22
addressLine2: NULL
city: Bergamo
state: NULL
postalCode: 24100
country: Italy
salesRepEmployeeNumber: 1401
creditLimit: 119600.00
customerNumber: 278
checkNumber: GP636783
paymentDate: 2003-03-02
amount: 52151.81
************\*\*\************* 267. row ************\*\*\*************
customerNumber: 496
customerName: Kelly's Gift Shop
contactLastName: Snowden
contactFirstName: Tony
phone: +64 9 5555500
addressLine1: Arenales 1938 3'A'
addressLine2: NULL
city: Auckland  
 state: NULL
postalCode: NULL
country: New Zealand
salesRepEmployeeNumber: 1612
creditLimit: 110000.00
customerNumber: 496
checkNumber: MN89921
paymentDate: 2004-12-31
amount: 52166.00
************\*\*\************* 268. row ************\*\*\*************
customerNumber: 320
customerName: Mini Creations Ltd.
contactLastName: Huang
contactFirstName: Wing
phone: 5085559555
addressLine1: 4575 Hillside Dr.
addressLine2: NULL
city: New Bedford
state: MA
postalCode: 50553
country: USA
salesRepEmployeeNumber: 1188
creditLimit: 94500.00
customerNumber: 320
checkNumber: MU817160
paymentDate: 2003-11-24
amount: 52548.49
************\*\*\************* 269. row ************\*\*\*************
customerNumber: 187
customerName: AV Stores, Co.
contactLastName: Ashworth
contactFirstName: Rachel
phone: (171) 555-1555
addressLine1: Fauntleroy Circus
addressLine2: NULL
city: Manchester
state: NULL
postalCode: EC2 5NT
country: UK
salesRepEmployeeNumber: 1501
creditLimit: 136800.00
customerNumber: 187
checkNumber: AM968797
paymentDate: 2004-11-03
amount: 52825.29
************\*\*\************* 270. row ************\*\*\*************
customerNumber: 256
customerName: Auto Associés & Cie.
contactLastName: Tonini
contactFirstName: Daniel
phone: 30.59.8555
addressLine1: 67, avenue de l'Europe
addressLine2: NULL
city: Versailles
state: NULL
postalCode: 78000
country: France
salesRepEmployeeNumber: 1370
creditLimit: 77900.00
customerNumber: 256
checkNumber: HE84936
paymentDate: 2004-10-22
amount: 53116.99
************\*\*\************* 271. row ************\*\*\*************
customerNumber: 227
customerName: Heintze Collectables
contactLastName: Ibsen
contactFirstName: Palle
phone: 86 21 3555
addressLine1: Smagsloget 45
addressLine2: NULL
city: Århus
state: NULL
postalCode: 8200
country: Denmark
salesRepEmployeeNumber: 1401
creditLimit: 120800.00
customerNumber: 227
checkNumber: NU21326
paymentDate: 2004-11-02
amount: 53745.34
************\*\*\************* 272. row ************\*\*\*************
customerNumber: 145
customerName: Danish Wholesale Imports
contactLastName: Petersen
contactFirstName: Jytte
phone: 31 12 3555
addressLine1: Vinbæltet 34
addressLine2: NULL
city: Kobenhavn
state: NULL
postalCode: 1734
country: Denmark
salesRepEmployeeNumber: 1401
creditLimit: 83400.00
customerNumber: 145
checkNumber: JJ246391
paymentDate: 2003-02-20
amount: 53959.21
************\*\*\************* 273. row ************\*\*\*************
customerNumber: 363
customerName: Online Diecast Creations Co.
contactLastName: Young
contactFirstName: Dorothy
phone: 6035558647
addressLine1: 2304 Long Airport Avenue
addressLine2: NULL
city: Nashua
state: NH
postalCode: 62005
country: USA
salesRepEmployeeNumber: 1216
creditLimit: 114200.00
customerNumber: 363
checkNumber: PN238558
paymentDate: 2003-12-05
amount: 55425.77
************\*\*\************* 274. row ************\*\*\*************
customerNumber: 124
customerName: Mini Gifts Distributors Ltd.
contactLastName: Nelson
contactFirstName: Susan
phone: 4155551450
addressLine1: 5677 Strong St.
addressLine2: NULL
city: San Rafael
state: CA
postalCode: 97562
country: USA
salesRepEmployeeNumber: 1165
creditLimit: 210500.00
customerNumber: 124
checkNumber: HR86578
paymentDate: 2004-11-02
amount: 55639.66
************\*\*\************* 275. row ************\*\*\*************
customerNumber: 458
customerName: Corrida Auto Replicas, Ltd
contactLastName: Sommer
contactFirstName: Martín
phone: (91) 555 22 82
addressLine1: C/ Araquil, 67
addressLine2: NULL
city: Madrid
state: NULL
postalCode: 28023
country: Spain
salesRepEmployeeNumber: 1702
creditLimit: 104600.00
customerNumber: 458
checkNumber: OO606861
paymentDate: 2003-06-13
amount: 57131.92
************\*\*\************* 276. row ************\*\*\*************
customerNumber: 151
customerName: Muscle Machine Inc
contactLastName: Young
contactFirstName: Jeff
phone: 2125557413
addressLine1: 4092 Furth Circle
addressLine2: Suite 400
city: NYC
state: NY
postalCode: 10022
country: USA
salesRepEmployeeNumber: 1286
creditLimit: 138500.00
customerNumber: 151
checkNumber: BF686658
paymentDate: 2003-12-22
amount: 58793.53
************\*\*\************* 277. row ************\*\*\*************
customerNumber: 151
customerName: Muscle Machine Inc
contactLastName: Young
contactFirstName: Jeff
phone: 2125557413
addressLine1: 4092 Furth Circle
addressLine2: Suite 400
city: NYC
state: NY
postalCode: 10022
country: USA
salesRepEmployeeNumber: 1286
creditLimit: 138500.00
customerNumber: 151
checkNumber: IP568906
paymentDate: 2003-06-18
amount: 58841.35
************\*\*\************* 278. row ************\*\*\*************
customerNumber: 495
customerName: Diecast Collectables
contactLastName: Franco
contactFirstName: Valarie
phone: 6175552555
addressLine1: 6251 Ingle Ln.
addressLine2: NULL
city: Boston
state: MA
postalCode: 51003
country: USA
salesRepEmployeeNumber: 1188
creditLimit: 85100.00
customerNumber: 495
checkNumber: BH167026
paymentDate: 2003-12-26
amount: 59265.14
************\*\*\************* 279. row ************\*\*\*************
customerNumber: 450
customerName: The Sharp Gifts Warehouse
contactLastName: Frick
contactFirstName: Sue
phone: 4085553659
addressLine1: 3086 Ingle Ln.
addressLine2: NULL
city: San Jose
state: CA
postalCode: 94217
country: USA
salesRepEmployeeNumber: 1165
creditLimit: 77600.00
customerNumber: 450
checkNumber: EF485824
paymentDate: 2004-06-21
amount: 59551.38
************\*\*\************* 280. row ************\*\*\*************
customerNumber: 141
customerName: Euro+ Shopping Channel
contactLastName: Freyre
contactFirstName: Diego
phone: (91) 555 94 44
addressLine1: C/ Moralzarzal, 86
addressLine2: NULL
city: Madrid
state: NULL
postalCode: 28034
country: Spain
salesRepEmployeeNumber: 1370
creditLimit: 227600.00
customerNumber: 141
checkNumber: HJ32686
paymentDate: 2004-01-30
amount: 59830.55
************\*\*\************* 281. row ************\*\*\*************
customerNumber: 259
customerName: Toms Spezialitäten, Ltd
contactLastName: Pfalzheim
contactFirstName: Henriette
phone: 0221-5554327
addressLine1: Mehrheimerstr. 369
addressLine2: NULL
city: Köln
state: NULL
postalCode: 50739
country: Germany
salesRepEmployeeNumber: 1504
creditLimit: 120400.00
customerNumber: 259
checkNumber: EU280955
paymentDate: 2004-11-06
amount: 61234.67
************\*\*\************* 282. row ************\*\*\*************
customerNumber: 298
customerName: Vida Sport, Ltd
contactLastName: Holz
contactFirstName: Mihael
phone: 0897-034555
addressLine1: Grenzacherweg 237
addressLine2: NULL
city: Genève
state: NULL
postalCode: 1203
country: Switzerland
salesRepEmployeeNumber: 1702
creditLimit: 141300.00
customerNumber: 298
checkNumber: LF501133
paymentDate: 2004-09-18
amount: 61402.00
************\*\*\************* 283. row ************\*\*\*************
customerNumber: 157
customerName: Diecast Classics Inc.
contactLastName: Leong
contactFirstName: Kelvin
phone: 2155551555
addressLine1: 7586 Pompton St.
addressLine2: NULL
city: Allentown
state: PA
postalCode: 70267
country: USA
salesRepEmployeeNumber: 1216
creditLimit: 100600.00
customerNumber: 157
checkNumber: NN711988
paymentDate: 2004-09-07
amount: 63357.13
************\*\*\************* 284. row ************\*\*\*************
customerNumber: 141
customerName: Euro+ Shopping Channel
contactLastName: Freyre
contactFirstName: Diego
phone: (91) 555 94 44
addressLine1: C/ Moralzarzal, 86
addressLine2: NULL
city: Madrid
state: NULL
postalCode: 28034
country: Spain
salesRepEmployeeNumber: 1370
creditLimit: 227600.00
customerNumber: 141
checkNumber: KT52578
paymentDate: 2003-12-09
amount: 63843.55
************\*\*\************* 285. row ************\*\*\*************
customerNumber: 141
customerName: Euro+ Shopping Channel
contactLastName: Freyre
contactFirstName: Diego
phone: (91) 555 94 44
addressLine1: C/ Moralzarzal, 86
addressLine2: NULL
city: Madrid
state: NULL
postalCode: 28034
country: Spain
salesRepEmployeeNumber: 1370
creditLimit: 227600.00
customerNumber: 141
checkNumber: IN446258
paymentDate: 2005-03-25
amount: 65071.26
************\*\*\************* 286. row ************\*\*\*************
customerNumber: 323
customerName: Down Under Souveniers, Inc
contactLastName: Graham
contactFirstName: Mike
phone: +64 9 312 5555
addressLine1: 162-164 Grafton Road
addressLine2: Level 2
city: Auckland  
 state: NULL
postalCode: NULL
country: New Zealand
salesRepEmployeeNumber: 1612
creditLimit: 88000.00
customerNumber: 323
checkNumber: AL493079
paymentDate: 2005-05-23
amount: 75020.13
************\*\*\************* 287. row ************\*\*\*************
customerNumber: 239
customerName: Collectable Mini Designs Co.
contactLastName: Thompson
contactFirstName: Valarie
phone: 7605558146
addressLine1: 361 Furth Circle
addressLine2: NULL
city: San Diego
state: CA
postalCode: 91217
country: USA
salesRepEmployeeNumber: 1166
creditLimit: 105000.00
customerNumber: 239
checkNumber: NQ865547
paymentDate: 2004-03-15
amount: 80375.24
************\*\*\************* 288. row ************\*\*\*************
customerNumber: 114
customerName: Australian Collectors, Co.
contactLastName: Ferguson
contactFirstName: Peter
phone: 03 9520 4555
addressLine1: 636 St Kilda Road
addressLine2: Level 3
city: Melbourne
state: Victoria
postalCode: 3004
country: Australia
salesRepEmployeeNumber: 1611
creditLimit: 117300.00
customerNumber: 114
checkNumber: MA765515
paymentDate: 2004-12-15
amount: 82261.22
************\*\*\************* 289. row ************\*\*\*************
customerNumber: 124
customerName: Mini Gifts Distributors Ltd.
contactLastName: Nelson
contactFirstName: Susan
phone: 4155551450
addressLine1: 5677 Strong St.
addressLine2: NULL
city: San Rafael
state: CA
postalCode: 97562
country: USA
salesRepEmployeeNumber: 1165
creditLimit: 210500.00
customerNumber: 124
checkNumber: ET64396
paymentDate: 2005-04-16
amount: 83598.04
************\*\*\************* 290. row ************\*\*\*************
customerNumber: 167
customerName: Herkku Gifts
contactLastName: Oeztan
contactFirstName: Veysel
phone: +47 2267 3215
addressLine1: Brehmen St. 121
addressLine2: PR 334 Sentrum
city: Bergen
state: NULL
postalCode: N 5804
country: Norway  
salesRepEmployeeNumber: 1504
creditLimit: 96800.00
customerNumber: 167
checkNumber: GN228846
paymentDate: 2003-12-03
amount: 85024.46
************\*\*\************* 291. row ************\*\*\*************
customerNumber: 124
customerName: Mini Gifts Distributors Ltd.
contactLastName: Nelson
contactFirstName: Susan
phone: 4155551450
addressLine1: 5677 Strong St.
addressLine2: NULL
city: San Rafael
state: CA
postalCode: 97562
country: USA
salesRepEmployeeNumber: 1165
creditLimit: 210500.00
customerNumber: 124
checkNumber: BG255406
paymentDate: 2004-08-28
amount: 85410.87
************\*\*\************* 292. row ************\*\*\*************
customerNumber: 321
customerName: Corporate Gift Ideas Co.
contactLastName: Brown
contactFirstName: Julie
phone: 6505551386
addressLine1: 7734 Strong St.
addressLine2: NULL
city: San Francisco
state: CA
postalCode: 94217
country: USA
salesRepEmployeeNumber: 1165
creditLimit: 105000.00
customerNumber: 321
checkNumber: DJ15149
paymentDate: 2003-11-03
amount: 85559.12
************\*\*\************* 293. row ************\*\*\*************
customerNumber: 124
customerName: Mini Gifts Distributors Ltd.
contactLastName: Nelson
contactFirstName: Susan
phone: 4155551450
addressLine1: 5677 Strong St.
addressLine2: NULL
city: San Rafael
state: CA
postalCode: 97562
country: USA
salesRepEmployeeNumber: 1165
creditLimit: 210500.00
customerNumber: 124
checkNumber: AE215433
paymentDate: 2005-03-05
amount: 101244.59
************\*\*\************* 294. row ************\*\*\*************
customerNumber: 148
customerName: Dragon Souveniers, Ltd.
contactLastName: Natividad
contactFirstName: Eric
phone: +65 221 7555
addressLine1: Bronz Sok.
addressLine2: Bronz Apt. 3/6 Tesvikiye
city: Singapore
state: NULL
postalCode: 079903
country: Singapore
salesRepEmployeeNumber: 1621
creditLimit: 103800.00
customerNumber: 148
checkNumber: KM172879
paymentDate: 2003-12-26
amount: 105743.00
************\*\*\************* 295. row ************\*\*\*************
customerNumber: 124
customerName: Mini Gifts Distributors Ltd.
contactLastName: Nelson
contactFirstName: Susan
phone: 4155551450
addressLine1: 5677 Strong St.
addressLine2: NULL
city: San Rafael
state: CA
postalCode: 97562
country: USA
salesRepEmployeeNumber: 1165
creditLimit: 210500.00
customerNumber: 124
checkNumber: KI131716
paymentDate: 2003-08-15
amount: 111654.40
************\*\*\************* 296. row ************\*\*\*************
customerNumber: 141
customerName: Euro+ Shopping Channel
contactLastName: Freyre
contactFirstName: Diego
phone: (91) 555 94 44
addressLine1: C/ Moralzarzal, 86
addressLine2: NULL
city: Madrid
state: NULL
postalCode: 28034
country: Spain
salesRepEmployeeNumber: 1370
creditLimit: 227600.00
customerNumber: 141
checkNumber: ID10962
paymentDate: 2004-12-31
amount: 116208.40
************\*\*\************* 297. row ************\*\*\*************
customerNumber: 141
customerName: Euro+ Shopping Channel
contactLastName: Freyre
contactFirstName: Diego
phone: (91) 555 94 44
addressLine1: C/ Moralzarzal, 86
addressLine2: NULL
city: Madrid
state: NULL
postalCode: 28034
country: Spain
salesRepEmployeeNumber: 1370
creditLimit: 227600.00
customerNumber: 141
checkNumber: JE105477
paymentDate: 2005-03-18
amount: 120166.58
297 rows in set (0.005 sec)

ERROR: No query specified

MariaDB [classicmodels]> SELECT lastName, firstName FROM employees WHERE officeCode IN (SELECT officeCode FROM offices WHERE country = 'USA');
+-----------+-----------+
| lastName | firstName |
+-----------+-----------+
| Murphy | Diane |
| Patterson | Mary |
| Firrelli | Jeff |
| Bow | Anthony |
| Jennings | Leslie |
| Thompson | Leslie |
| Firrelli | Julie |
| Patterson | Steve |
| Tseng | Foon Yue |
| Vanauf | George |
+-----------+-----------+
10 rows in set (0.010 sec)

MariaDB [classicmodels]> desc officeCode;
ERROR 1146 (42S02): Table 'classicmodels.officecode' doesn't exist
MariaDB [classicmodels]> show tables;
+-------------------------+
| Tables_in_classicmodels |
+-------------------------+
| customers |
| employees |
| offices |
| orderdetails |
| orders |
| payments |
| productlines |
| products |
+-------------------------+
8 rows in set (0.001 sec)

MariaDB [classicmodels]>
MariaDB [classicmodels]> desc offices;
+--------------+-------------+------+-----+---------+-------+
| Field | Type | Null | Key | Default | Extra |
+--------------+-------------+------+-----+---------+-------+
| officeCode | varchar(10) | NO | PRI | NULL | |
| city | varchar(50) | NO | | NULL | |
| phone | varchar(50) | NO | | NULL | |
| addressLine1 | varchar(50) | NO | | NULL | |
| addressLine2 | varchar(50) | YES | | NULL | |
| state | varchar(50) | YES | | NULL | |
| country | varchar(50) | NO | | NULL | |
| postalCode | varchar(15) | NO | | NULL | |
| territory | varchar(10) | NO | | NULL | |
+--------------+-------------+------+-----+---------+-------+
9 rows in set (0.005 sec)

MariaDB [classicmodels]> SELECT customerNumber,checkNumber,amount FROM payments WHERE amount = (SELECT MAX(amount) FROM payments);
+----------------+-------------+-----------+
| customerNumber | checkNumber | amount |
+----------------+-------------+-----------+
| 141 | JE105477 | 120166.58 |
+----------------+-------------+-----------+
1 row in set (0.006 sec)

MariaDB [classicmodels]> SELECT \* FROM customers WHERE customerNumber = (SELECT customerNumber FROM payments WHERE amount = (SELECT MAX(amount) FROM payments));
+----------------+------------------------+-----------------+------------------+----------------+--------------------+--------------+--------+-------+------------+---------+------------------------+-------------+
| customerNumber | customerName | contactLastName | contactFirstName | phone | addressLine1 | addressLine2 | city | state | postalCode | country | salesRepEmployeeNumber | creditLimit |
+----------------+------------------------+-----------------+------------------+----------------+--------------------+--------------+--------+-------+------------+---------+------------------------+-------------+
| 141 | Euro+ Shopping Channel | Freyre | Diego | (91) 555 94 44 | C/ Moralzarzal, 86 | NULL | Madrid | NULL | 28034 | Spain | 1370 | 227600.00 |
+----------------+------------------------+-----------------+------------------+----------------+--------------------+--------------+--------+-------+------------+---------+------------------------+-------------+
1 row in set (0.005 sec)

MariaDB [classicmodels]> SELECT customerNumber,checkNumber,amount FROM payments WHERE amount > (SELECT AVG(amount) FROM payments);
+----------------+-------------+-----------+
| customerNumber | checkNumber | amount |
+----------------+-------------+-----------+
| 112 | HQ55022 | 32641.98 |
| 112 | ND748579 | 33347.88 |
| 114 | GG31455 | 45864.03 |
| 114 | MA765515 | 82261.22 |
| 114 | NR27552 | 44894.74 |
| 119 | LN373447 | 47924.19 |
| 119 | NG94694 | 49523.67 |
| 121 | DB889831 | 50218.95 |
| 121 | MA302151 | 34638.14 |
| 124 | AE215433 | 101244.59 |
| 124 | BG255406 | 85410.87 |
| 124 | ET64396 | 83598.04 |
| 124 | HI366474 | 47142.70 |
| 124 | HR86578 | 55639.66 |
| 124 | KI131716 | 111654.40 |
| 124 | LF217299 | 43369.30 |
| 124 | NT141748 | 45084.38 |
| 128 | FH668230 | 33820.62 |
| 131 | MA724562 | 50025.35 |
| 131 | NB445135 | 35321.97 |
| 141 | AU364101 | 36251.03 |
| 141 | DB583216 | 36140.38 |
| 141 | DL460618 | 46895.48 |
| 141 | HJ32686 | 59830.55 |
| 141 | ID10962 | 116208.40 |
| 141 | IN446258 | 65071.26 |
| 141 | JE105477 | 120166.58 |
| 141 | JN355280 | 49539.37 |
| 141 | JN722010 | 40206.20 |
| 141 | KT52578 | 63843.55 |
| 141 | MC46946 | 35420.74 |
| 144 | IR846303 | 36005.71 |
| 145 | JJ246391 | 53959.21 |
| 146 | FP549817 | 40978.53 |
| 146 | FU793410 | 49614.72 |
| 146 | LJ160635 | 39712.10 |
| 148 | BI507030 | 44380.15 |
| 148 | KM172879 | 105743.00 |
| 151 | BF686658 | 58793.53 |
| 151 | IP568906 | 58841.35 |
| 151 | KI884577 | 39964.63 |
| 157 | HI618861 | 35152.12 |
| 157 | NN711988 | 63357.13 |
| 161 | BR478494 | 50743.65 |
| 161 | NI908214 | 38675.13 |
| 166 | BQ327613 | 38785.48 |
| 166 | DC979307 | 44160.92 |
| 167 | GN228846 | 85024.46 |
| 171 | IL104425 | 42783.81 |
| 172 | CE51751 | 51209.58 |
| 172 | EH208589 | 33383.14 |
| 175 | PI15215 | 42044.77 |
| 177 | CI381435 | 47177.59 |
| 181 | OH367219 | 44400.50 |
| 186 | AK412714 | 37602.48 |
| 186 | KA602407 | 34341.08 |
| 187 | AM968797 | 52825.29 |
| 187 | BQ39062 | 47159.11 |
| 187 | KL124726 | 48425.69 |
| 189 | NM916675 | 32538.74 |
| 201 | OO846801 | 37258.94 |
| 202 | HI358554 | 36527.61 |
| 202 | IQ627690 | 33594.58 |
| 204 | GC697638 | 51152.86 |
| 205 | LL562733 | 50342.74 |
| 205 | NM739638 | 39580.60 |
| 209 | BOAF82044 | 35157.75 |
| 209 | PH785937 | 36069.26 |
| 211 | BJ535230 | 45480.79 |
| 216 | MM342086 | 40473.86 |
| 227 | MQ413968 | 36164.46 |
| 227 | NU21326 | 53745.34 |
| 239 | NQ865547 | 80375.24 |
| 240 | IF245157 | 46788.14 |
| 242 | AF40894 | 33818.34 |
| 249 | IJ399820 | 33924.24 |
| 249 | NE404084 | 48298.99 |
| 256 | HE84936 | 53116.99 |
| 259 | EU280955 | 61234.67 |
| 260 | IO164641 | 37527.58 |
| 276 | KM841847 | 38547.19 |
| 276 | LE432182 | 41554.73 |
| 278 | BJ483870 | 37654.09 |
| 278 | GP636783 | 52151.81 |
| 278 | NI983021 | 37723.79 |
| 282 | JT819493 | 35806.73 |
| 286 | DR578578 | 47411.33 |
| 286 | KH910279 | 43134.04 |
| 298 | AJ574927 | 47375.92 |
| 298 | LF501133 | 61402.00 |
| 299 | AD304085 | 36798.88 |
| 311 | DG336041 | 46770.52 |
| 311 | FA728475 | 32723.04 |
| 314 | LQ244073 | 45352.47 |
| 319 | HL685576 | 42339.76 |
| 319 | OM548174 | 36092.40 |
| 320 | HO576374 | 41016.75 |
| 320 | MU817160 | 52548.49 |
| 321 | DJ15149 | 85559.12 |
| 321 | LA556321 | 46781.66 |
| 323 | AL493079 | 75020.13 |
| 323 | ES347491 | 37281.36 |
| 323 | PQ803830 | 39440.59 |
| 324 | HB150714 | 37455.77 |
| 334 | CS435306 | 45785.34 |
| 339 | DA98827 | 34606.28 |
| 350 | CI471510 | 50824.66 |
| 353 | CO351193 | 49705.52 |
| 353 | HJ618252 | 46656.94 |
| 357 | NB291497 | 36442.34 |
| 363 | HL575273 | 50799.69 |
| 363 | PN238558 | 55425.77 |
| 379 | FR499138 | 32680.31 |
| 382 | CC871084 | 35826.33 |
| 382 | PH29054 | 42813.83 |
| 385 | EK785462 | 51001.22 |
| 386 | DO106109 | 38524.29 |
| 386 | HG438769 | 51619.02 |
| 398 | AJ478695 | 33967.73 |
| 398 | KB54275 | 48927.64 |
| 406 | HJ217687 | 49165.16 |
| 412 | GH197075 | 35034.57 |
| 448 | KR822727 | 48809.90 |
| 450 | EF485824 | 59551.38 |
| 455 | HA777606 | 38139.18 |
| 458 | DD995006 | 33145.56 |
| 458 | OO606861 | 57131.92 |
| 462 | PE176846 | 48355.87 |
| 471 | CO645196 | 35505.63 |
| 475 | PB951268 | 36070.47 |
| 484 | JH546765 | 47513.19 |
| 486 | HS86661 | 45994.07 |
| 495 | BH167026 | 59265.14 |
| 496 | MN89921 | 52166.00 |
+----------------+-------------+-----------+
134 rows in set (0.003 sec)

MariaDB [classicmodels]> SELECT customerNumber,checkNumber,amount FROM payments WHERE amount > (SELECT AVG(amount) FROM payments order by customerNumber desc);
+----------------+-------------+-----------+
| customerNumber | checkNumber | amount |
+----------------+-------------+-----------+
| 112 | HQ55022 | 32641.98 |
| 112 | ND748579 | 33347.88 |
| 114 | GG31455 | 45864.03 |
| 114 | MA765515 | 82261.22 |
| 114 | NR27552 | 44894.74 |
| 119 | LN373447 | 47924.19 |
| 119 | NG94694 | 49523.67 |
| 121 | DB889831 | 50218.95 |
| 121 | MA302151 | 34638.14 |
| 124 | AE215433 | 101244.59 |
| 124 | BG255406 | 85410.87 |
| 124 | ET64396 | 83598.04 |
| 124 | HI366474 | 47142.70 |
| 124 | HR86578 | 55639.66 |
| 124 | KI131716 | 111654.40 |
| 124 | LF217299 | 43369.30 |
| 124 | NT141748 | 45084.38 |
| 128 | FH668230 | 33820.62 |
| 131 | MA724562 | 50025.35 |
| 131 | NB445135 | 35321.97 |
| 141 | AU364101 | 36251.03 |
| 141 | DB583216 | 36140.38 |
| 141 | DL460618 | 46895.48 |
| 141 | HJ32686 | 59830.55 |
| 141 | ID10962 | 116208.40 |
| 141 | IN446258 | 65071.26 |
| 141 | JE105477 | 120166.58 |
| 141 | JN355280 | 49539.37 |
| 141 | JN722010 | 40206.20 |
| 141 | KT52578 | 63843.55 |
| 141 | MC46946 | 35420.74 |
| 144 | IR846303 | 36005.71 |
| 145 | JJ246391 | 53959.21 |
| 146 | FP549817 | 40978.53 |
| 146 | FU793410 | 49614.72 |
| 146 | LJ160635 | 39712.10 |
| 148 | BI507030 | 44380.15 |
| 148 | KM172879 | 105743.00 |
| 151 | BF686658 | 58793.53 |
| 151 | IP568906 | 58841.35 |
| 151 | KI884577 | 39964.63 |
| 157 | HI618861 | 35152.12 |
| 157 | NN711988 | 63357.13 |
| 161 | BR478494 | 50743.65 |
| 161 | NI908214 | 38675.13 |
| 166 | BQ327613 | 38785.48 |
| 166 | DC979307 | 44160.92 |
| 167 | GN228846 | 85024.46 |
| 171 | IL104425 | 42783.81 |
| 172 | CE51751 | 51209.58 |
| 172 | EH208589 | 33383.14 |
| 175 | PI15215 | 42044.77 |
| 177 | CI381435 | 47177.59 |
| 181 | OH367219 | 44400.50 |
| 186 | AK412714 | 37602.48 |
| 186 | KA602407 | 34341.08 |
| 187 | AM968797 | 52825.29 |
| 187 | BQ39062 | 47159.11 |
| 187 | KL124726 | 48425.69 |
| 189 | NM916675 | 32538.74 |
| 201 | OO846801 | 37258.94 |
| 202 | HI358554 | 36527.61 |
| 202 | IQ627690 | 33594.58 |
| 204 | GC697638 | 51152.86 |
| 205 | LL562733 | 50342.74 |
| 205 | NM739638 | 39580.60 |
| 209 | BOAF82044 | 35157.75 |
| 209 | PH785937 | 36069.26 |
| 211 | BJ535230 | 45480.79 |
| 216 | MM342086 | 40473.86 |
| 227 | MQ413968 | 36164.46 |
| 227 | NU21326 | 53745.34 |
| 239 | NQ865547 | 80375.24 |
| 240 | IF245157 | 46788.14 |
| 242 | AF40894 | 33818.34 |
| 249 | IJ399820 | 33924.24 |
| 249 | NE404084 | 48298.99 |
| 256 | HE84936 | 53116.99 |
| 259 | EU280955 | 61234.67 |
| 260 | IO164641 | 37527.58 |
| 276 | KM841847 | 38547.19 |
| 276 | LE432182 | 41554.73 |
| 278 | BJ483870 | 37654.09 |
| 278 | GP636783 | 52151.81 |
| 278 | NI983021 | 37723.79 |
| 282 | JT819493 | 35806.73 |
| 286 | DR578578 | 47411.33 |
| 286 | KH910279 | 43134.04 |
| 298 | AJ574927 | 47375.92 |
| 298 | LF501133 | 61402.00 |
| 299 | AD304085 | 36798.88 |
| 311 | DG336041 | 46770.52 |
| 311 | FA728475 | 32723.04 |
| 314 | LQ244073 | 45352.47 |
| 319 | HL685576 | 42339.76 |
| 319 | OM548174 | 36092.40 |
| 320 | HO576374 | 41016.75 |
| 320 | MU817160 | 52548.49 |
| 321 | DJ15149 | 85559.12 |
| 321 | LA556321 | 46781.66 |
| 323 | AL493079 | 75020.13 |
| 323 | ES347491 | 37281.36 |
| 323 | PQ803830 | 39440.59 |
| 324 | HB150714 | 37455.77 |
| 334 | CS435306 | 45785.34 |
| 339 | DA98827 | 34606.28 |
| 350 | CI471510 | 50824.66 |
| 353 | CO351193 | 49705.52 |
| 353 | HJ618252 | 46656.94 |
| 357 | NB291497 | 36442.34 |
| 363 | HL575273 | 50799.69 |
| 363 | PN238558 | 55425.77 |
| 379 | FR499138 | 32680.31 |
| 382 | CC871084 | 35826.33 |
| 382 | PH29054 | 42813.83 |
| 385 | EK785462 | 51001.22 |
| 386 | DO106109 | 38524.29 |
| 386 | HG438769 | 51619.02 |
| 398 | AJ478695 | 33967.73 |
| 398 | KB54275 | 48927.64 |
| 406 | HJ217687 | 49165.16 |
| 412 | GH197075 | 35034.57 |
| 448 | KR822727 | 48809.90 |
| 450 | EF485824 | 59551.38 |
| 455 | HA777606 | 38139.18 |
| 458 | DD995006 | 33145.56 |
| 458 | OO606861 | 57131.92 |
| 462 | PE176846 | 48355.87 |
| 471 | CO645196 | 35505.63 |
| 475 | PB951268 | 36070.47 |
| 484 | JH546765 | 47513.19 |
| 486 | HS86661 | 45994.07 |
| 495 | BH167026 | 59265.14 |
| 496 | MN89921 | 52166.00 |
+----------------+-------------+-----------+
134 rows in set (0.001 sec)

MariaDB [classicmodels]> SELECT customerNumber,checkNumber,amount FROM payments WHERE amount > (SELECT AVG(amount) FROM payments order by customerNumber asc);
+----------------+-------------+-----------+
| customerNumber | checkNumber | amount |
+----------------+-------------+-----------+
| 112 | HQ55022 | 32641.98 |
| 112 | ND748579 | 33347.88 |
| 114 | GG31455 | 45864.03 |
| 114 | MA765515 | 82261.22 |
| 114 | NR27552 | 44894.74 |
| 119 | LN373447 | 47924.19 |
| 119 | NG94694 | 49523.67 |
| 121 | DB889831 | 50218.95 |
| 121 | MA302151 | 34638.14 |
| 124 | AE215433 | 101244.59 |
| 124 | BG255406 | 85410.87 |
| 124 | ET64396 | 83598.04 |
| 124 | HI366474 | 47142.70 |
| 124 | HR86578 | 55639.66 |
| 124 | KI131716 | 111654.40 |
| 124 | LF217299 | 43369.30 |
| 124 | NT141748 | 45084.38 |
| 128 | FH668230 | 33820.62 |
| 131 | MA724562 | 50025.35 |
| 131 | NB445135 | 35321.97 |
| 141 | AU364101 | 36251.03 |
| 141 | DB583216 | 36140.38 |
| 141 | DL460618 | 46895.48 |
| 141 | HJ32686 | 59830.55 |
| 141 | ID10962 | 116208.40 |
| 141 | IN446258 | 65071.26 |
| 141 | JE105477 | 120166.58 |
| 141 | JN355280 | 49539.37 |
| 141 | JN722010 | 40206.20 |
| 141 | KT52578 | 63843.55 |
| 141 | MC46946 | 35420.74 |
| 144 | IR846303 | 36005.71 |
| 145 | JJ246391 | 53959.21 |
| 146 | FP549817 | 40978.53 |
| 146 | FU793410 | 49614.72 |
| 146 | LJ160635 | 39712.10 |
| 148 | BI507030 | 44380.15 |
| 148 | KM172879 | 105743.00 |
| 151 | BF686658 | 58793.53 |
| 151 | IP568906 | 58841.35 |
| 151 | KI884577 | 39964.63 |
| 157 | HI618861 | 35152.12 |
| 157 | NN711988 | 63357.13 |
| 161 | BR478494 | 50743.65 |
| 161 | NI908214 | 38675.13 |
| 166 | BQ327613 | 38785.48 |
| 166 | DC979307 | 44160.92 |
| 167 | GN228846 | 85024.46 |
| 171 | IL104425 | 42783.81 |
| 172 | CE51751 | 51209.58 |
| 172 | EH208589 | 33383.14 |
| 175 | PI15215 | 42044.77 |
| 177 | CI381435 | 47177.59 |
| 181 | OH367219 | 44400.50 |
| 186 | AK412714 | 37602.48 |
| 186 | KA602407 | 34341.08 |
| 187 | AM968797 | 52825.29 |
| 187 | BQ39062 | 47159.11 |
| 187 | KL124726 | 48425.69 |
| 189 | NM916675 | 32538.74 |
| 201 | OO846801 | 37258.94 |
| 202 | HI358554 | 36527.61 |
| 202 | IQ627690 | 33594.58 |
| 204 | GC697638 | 51152.86 |
| 205 | LL562733 | 50342.74 |
| 205 | NM739638 | 39580.60 |
| 209 | BOAF82044 | 35157.75 |
| 209 | PH785937 | 36069.26 |
| 211 | BJ535230 | 45480.79 |
| 216 | MM342086 | 40473.86 |
| 227 | MQ413968 | 36164.46 |
| 227 | NU21326 | 53745.34 |
| 239 | NQ865547 | 80375.24 |
| 240 | IF245157 | 46788.14 |
| 242 | AF40894 | 33818.34 |
| 249 | IJ399820 | 33924.24 |
| 249 | NE404084 | 48298.99 |
| 256 | HE84936 | 53116.99 |
| 259 | EU280955 | 61234.67 |
| 260 | IO164641 | 37527.58 |
| 276 | KM841847 | 38547.19 |
| 276 | LE432182 | 41554.73 |
| 278 | BJ483870 | 37654.09 |
| 278 | GP636783 | 52151.81 |
| 278 | NI983021 | 37723.79 |
| 282 | JT819493 | 35806.73 |
| 286 | DR578578 | 47411.33 |
| 286 | KH910279 | 43134.04 |
| 298 | AJ574927 | 47375.92 |
| 298 | LF501133 | 61402.00 |
| 299 | AD304085 | 36798.88 |
| 311 | DG336041 | 46770.52 |
| 311 | FA728475 | 32723.04 |
| 314 | LQ244073 | 45352.47 |
| 319 | HL685576 | 42339.76 |
| 319 | OM548174 | 36092.40 |
| 320 | HO576374 | 41016.75 |
| 320 | MU817160 | 52548.49 |
| 321 | DJ15149 | 85559.12 |
| 321 | LA556321 | 46781.66 |
| 323 | AL493079 | 75020.13 |
| 323 | ES347491 | 37281.36 |
| 323 | PQ803830 | 39440.59 |
| 324 | HB150714 | 37455.77 |
| 334 | CS435306 | 45785.34 |
| 339 | DA98827 | 34606.28 |
| 350 | CI471510 | 50824.66 |
| 353 | CO351193 | 49705.52 |
| 353 | HJ618252 | 46656.94 |
| 357 | NB291497 | 36442.34 |
| 363 | HL575273 | 50799.69 |
| 363 | PN238558 | 55425.77 |
| 379 | FR499138 | 32680.31 |
| 382 | CC871084 | 35826.33 |
| 382 | PH29054 | 42813.83 |
| 385 | EK785462 | 51001.22 |
| 386 | DO106109 | 38524.29 |
| 386 | HG438769 | 51619.02 |
| 398 | AJ478695 | 33967.73 |
| 398 | KB54275 | 48927.64 |
| 406 | HJ217687 | 49165.16 |
| 412 | GH197075 | 35034.57 |
| 448 | KR822727 | 48809.90 |
| 450 | EF485824 | 59551.38 |
| 455 | HA777606 | 38139.18 |
| 458 | DD995006 | 33145.56 |
| 458 | OO606861 | 57131.92 |
| 462 | PE176846 | 48355.87 |
| 471 | CO645196 | 35505.63 |
| 475 | PB951268 | 36070.47 |
| 484 | JH546765 | 47513.19 |
| 486 | HS86661 | 45994.07 |
| 495 | BH167026 | 59265.14 |
| 496 | MN89921 | 52166.00 |
+----------------+-------------+-----------+
134 rows in set (0.002 sec)

MariaDB [classicmodels]> SELECT customerNumber,checkNumber,amount FROM payments WHERE amount > (SELECT AVG(amount) FROM payments order by customerNumber ASC);
+----------------+-------------+-----------+
| customerNumber | checkNumber | amount |
+----------------+-------------+-----------+
| 112 | HQ55022 | 32641.98 |
| 112 | ND748579 | 33347.88 |
| 114 | GG31455 | 45864.03 |
| 114 | MA765515 | 82261.22 |
| 114 | NR27552 | 44894.74 |
| 119 | LN373447 | 47924.19 |
| 119 | NG94694 | 49523.67 |
| 121 | DB889831 | 50218.95 |
| 121 | MA302151 | 34638.14 |
| 124 | AE215433 | 101244.59 |
| 124 | BG255406 | 85410.87 |
| 124 | ET64396 | 83598.04 |
| 124 | HI366474 | 47142.70 |
| 124 | HR86578 | 55639.66 |
| 124 | KI131716 | 111654.40 |
| 124 | LF217299 | 43369.30 |
| 124 | NT141748 | 45084.38 |
| 128 | FH668230 | 33820.62 |
| 131 | MA724562 | 50025.35 |
| 131 | NB445135 | 35321.97 |
| 141 | AU364101 | 36251.03 |
| 141 | DB583216 | 36140.38 |
| 141 | DL460618 | 46895.48 |
| 141 | HJ32686 | 59830.55 |
| 141 | ID10962 | 116208.40 |
| 141 | IN446258 | 65071.26 |
| 141 | JE105477 | 120166.58 |
| 141 | JN355280 | 49539.37 |
| 141 | JN722010 | 40206.20 |
| 141 | KT52578 | 63843.55 |
| 141 | MC46946 | 35420.74 |
| 144 | IR846303 | 36005.71 |
| 145 | JJ246391 | 53959.21 |
| 146 | FP549817 | 40978.53 |
| 146 | FU793410 | 49614.72 |
| 146 | LJ160635 | 39712.10 |
| 148 | BI507030 | 44380.15 |
| 148 | KM172879 | 105743.00 |
| 151 | BF686658 | 58793.53 |
| 151 | IP568906 | 58841.35 |
| 151 | KI884577 | 39964.63 |
| 157 | HI618861 | 35152.12 |
| 157 | NN711988 | 63357.13 |
| 161 | BR478494 | 50743.65 |
| 161 | NI908214 | 38675.13 |
| 166 | BQ327613 | 38785.48 |
| 166 | DC979307 | 44160.92 |
| 167 | GN228846 | 85024.46 |
| 171 | IL104425 | 42783.81 |
| 172 | CE51751 | 51209.58 |
| 172 | EH208589 | 33383.14 |
| 175 | PI15215 | 42044.77 |
| 177 | CI381435 | 47177.59 |
| 181 | OH367219 | 44400.50 |
| 186 | AK412714 | 37602.48 |
| 186 | KA602407 | 34341.08 |
| 187 | AM968797 | 52825.29 |
| 187 | BQ39062 | 47159.11 |
| 187 | KL124726 | 48425.69 |
| 189 | NM916675 | 32538.74 |
| 201 | OO846801 | 37258.94 |
| 202 | HI358554 | 36527.61 |
| 202 | IQ627690 | 33594.58 |
| 204 | GC697638 | 51152.86 |
| 205 | LL562733 | 50342.74 |
| 205 | NM739638 | 39580.60 |
| 209 | BOAF82044 | 35157.75 |
| 209 | PH785937 | 36069.26 |
| 211 | BJ535230 | 45480.79 |
| 216 | MM342086 | 40473.86 |
| 227 | MQ413968 | 36164.46 |
| 227 | NU21326 | 53745.34 |
| 239 | NQ865547 | 80375.24 |
| 240 | IF245157 | 46788.14 |
| 242 | AF40894 | 33818.34 |
| 249 | IJ399820 | 33924.24 |
| 249 | NE404084 | 48298.99 |
| 256 | HE84936 | 53116.99 |
| 259 | EU280955 | 61234.67 |
| 260 | IO164641 | 37527.58 |
| 276 | KM841847 | 38547.19 |
| 276 | LE432182 | 41554.73 |
| 278 | BJ483870 | 37654.09 |
| 278 | GP636783 | 52151.81 |
| 278 | NI983021 | 37723.79 |
| 282 | JT819493 | 35806.73 |
| 286 | DR578578 | 47411.33 |
| 286 | KH910279 | 43134.04 |
| 298 | AJ574927 | 47375.92 |
| 298 | LF501133 | 61402.00 |
| 299 | AD304085 | 36798.88 |
| 311 | DG336041 | 46770.52 |
| 311 | FA728475 | 32723.04 |
| 314 | LQ244073 | 45352.47 |
| 319 | HL685576 | 42339.76 |
| 319 | OM548174 | 36092.40 |
| 320 | HO576374 | 41016.75 |
| 320 | MU817160 | 52548.49 |
| 321 | DJ15149 | 85559.12 |
| 321 | LA556321 | 46781.66 |
| 323 | AL493079 | 75020.13 |
| 323 | ES347491 | 37281.36 |
| 323 | PQ803830 | 39440.59 |
| 324 | HB150714 | 37455.77 |
| 334 | CS435306 | 45785.34 |
| 339 | DA98827 | 34606.28 |
| 350 | CI471510 | 50824.66 |
| 353 | CO351193 | 49705.52 |
| 353 | HJ618252 | 46656.94 |
| 357 | NB291497 | 36442.34 |
| 363 | HL575273 | 50799.69 |
| 363 | PN238558 | 55425.77 |
| 379 | FR499138 | 32680.31 |
| 382 | CC871084 | 35826.33 |
| 382 | PH29054 | 42813.83 |
| 385 | EK785462 | 51001.22 |
| 386 | DO106109 | 38524.29 |
| 386 | HG438769 | 51619.02 |
| 398 | AJ478695 | 33967.73 |
| 398 | KB54275 | 48927.64 |
| 406 | HJ217687 | 49165.16 |
| 412 | GH197075 | 35034.57 |
| 448 | KR822727 | 48809.90 |
| 450 | EF485824 | 59551.38 |
| 455 | HA777606 | 38139.18 |
| 458 | DD995006 | 33145.56 |
| 458 | OO606861 | 57131.92 |
| 462 | PE176846 | 48355.87 |
| 471 | CO645196 | 35505.63 |
| 475 | PB951268 | 36070.47 |
| 484 | JH546765 | 47513.19 |
| 486 | HS86661 | 45994.07 |
| 495 | BH167026 | 59265.14 |
| 496 | MN89921 | 52166.00 |
+----------------+-------------+-----------+
134 rows in set (0.002 sec)

MariaDB [classicmodels]> SELECT customerNumber,checkNumber,amount FROM payments WHERE amount > (SELECT AVG(amount) FROM payments order by customerNumber DESC);
+----------------+-------------+-----------+
| customerNumber | checkNumber | amount |
+----------------+-------------+-----------+
| 112 | HQ55022 | 32641.98 |
| 112 | ND748579 | 33347.88 |
| 114 | GG31455 | 45864.03 |
| 114 | MA765515 | 82261.22 |
| 114 | NR27552 | 44894.74 |
| 119 | LN373447 | 47924.19 |
| 119 | NG94694 | 49523.67 |
| 121 | DB889831 | 50218.95 |
| 121 | MA302151 | 34638.14 |
| 124 | AE215433 | 101244.59 |
| 124 | BG255406 | 85410.87 |
| 124 | ET64396 | 83598.04 |
| 124 | HI366474 | 47142.70 |
| 124 | HR86578 | 55639.66 |
| 124 | KI131716 | 111654.40 |
| 124 | LF217299 | 43369.30 |
| 124 | NT141748 | 45084.38 |
| 128 | FH668230 | 33820.62 |
| 131 | MA724562 | 50025.35 |
| 131 | NB445135 | 35321.97 |
| 141 | AU364101 | 36251.03 |
| 141 | DB583216 | 36140.38 |
| 141 | DL460618 | 46895.48 |
| 141 | HJ32686 | 59830.55 |
| 141 | ID10962 | 116208.40 |
| 141 | IN446258 | 65071.26 |
| 141 | JE105477 | 120166.58 |
| 141 | JN355280 | 49539.37 |
| 141 | JN722010 | 40206.20 |
| 141 | KT52578 | 63843.55 |
| 141 | MC46946 | 35420.74 |
| 144 | IR846303 | 36005.71 |
| 145 | JJ246391 | 53959.21 |
| 146 | FP549817 | 40978.53 |
| 146 | FU793410 | 49614.72 |
| 146 | LJ160635 | 39712.10 |
| 148 | BI507030 | 44380.15 |
| 148 | KM172879 | 105743.00 |
| 151 | BF686658 | 58793.53 |
| 151 | IP568906 | 58841.35 |
| 151 | KI884577 | 39964.63 |
| 157 | HI618861 | 35152.12 |
| 157 | NN711988 | 63357.13 |
| 161 | BR478494 | 50743.65 |
| 161 | NI908214 | 38675.13 |
| 166 | BQ327613 | 38785.48 |
| 166 | DC979307 | 44160.92 |
| 167 | GN228846 | 85024.46 |
| 171 | IL104425 | 42783.81 |
| 172 | CE51751 | 51209.58 |
| 172 | EH208589 | 33383.14 |
| 175 | PI15215 | 42044.77 |
| 177 | CI381435 | 47177.59 |
| 181 | OH367219 | 44400.50 |
| 186 | AK412714 | 37602.48 |
| 186 | KA602407 | 34341.08 |
| 187 | AM968797 | 52825.29 |
| 187 | BQ39062 | 47159.11 |
| 187 | KL124726 | 48425.69 |
| 189 | NM916675 | 32538.74 |
| 201 | OO846801 | 37258.94 |
| 202 | HI358554 | 36527.61 |
| 202 | IQ627690 | 33594.58 |
| 204 | GC697638 | 51152.86 |
| 205 | LL562733 | 50342.74 |
| 205 | NM739638 | 39580.60 |
| 209 | BOAF82044 | 35157.75 |
| 209 | PH785937 | 36069.26 |
| 211 | BJ535230 | 45480.79 |
| 216 | MM342086 | 40473.86 |
| 227 | MQ413968 | 36164.46 |
| 227 | NU21326 | 53745.34 |
| 239 | NQ865547 | 80375.24 |
| 240 | IF245157 | 46788.14 |
| 242 | AF40894 | 33818.34 |
| 249 | IJ399820 | 33924.24 |
| 249 | NE404084 | 48298.99 |
| 256 | HE84936 | 53116.99 |
| 259 | EU280955 | 61234.67 |
| 260 | IO164641 | 37527.58 |
| 276 | KM841847 | 38547.19 |
| 276 | LE432182 | 41554.73 |
| 278 | BJ483870 | 37654.09 |
| 278 | GP636783 | 52151.81 |
| 278 | NI983021 | 37723.79 |
| 282 | JT819493 | 35806.73 |
| 286 | DR578578 | 47411.33 |
| 286 | KH910279 | 43134.04 |
| 298 | AJ574927 | 47375.92 |
| 298 | LF501133 | 61402.00 |
| 299 | AD304085 | 36798.88 |
| 311 | DG336041 | 46770.52 |
| 311 | FA728475 | 32723.04 |
| 314 | LQ244073 | 45352.47 |
| 319 | HL685576 | 42339.76 |
| 319 | OM548174 | 36092.40 |
| 320 | HO576374 | 41016.75 |
| 320 | MU817160 | 52548.49 |
| 321 | DJ15149 | 85559.12 |
| 321 | LA556321 | 46781.66 |
| 323 | AL493079 | 75020.13 |
| 323 | ES347491 | 37281.36 |
| 323 | PQ803830 | 39440.59 |
| 324 | HB150714 | 37455.77 |
| 334 | CS435306 | 45785.34 |
| 339 | DA98827 | 34606.28 |
| 350 | CI471510 | 50824.66 |
| 353 | CO351193 | 49705.52 |
| 353 | HJ618252 | 46656.94 |
| 357 | NB291497 | 36442.34 |
| 363 | HL575273 | 50799.69 |
| 363 | PN238558 | 55425.77 |
| 379 | FR499138 | 32680.31 |
| 382 | CC871084 | 35826.33 |
| 382 | PH29054 | 42813.83 |
| 385 | EK785462 | 51001.22 |
| 386 | DO106109 | 38524.29 |
| 386 | HG438769 | 51619.02 |
| 398 | AJ478695 | 33967.73 |
| 398 | KB54275 | 48927.64 |
| 406 | HJ217687 | 49165.16 |
| 412 | GH197075 | 35034.57 |
| 448 | KR822727 | 48809.90 |
| 450 | EF485824 | 59551.38 |
| 455 | HA777606 | 38139.18 |
| 458 | DD995006 | 33145.56 |
| 458 | OO606861 | 57131.92 |
| 462 | PE176846 | 48355.87 |
| 471 | CO645196 | 35505.63 |
| 475 | PB951268 | 36070.47 |
| 484 | JH546765 | 47513.19 |
| 486 | HS86661 | 45994.07 |
| 495 | BH167026 | 59265.14 |
| 496 | MN89921 | 52166.00 |
+----------------+-------------+-----------+
134 rows in set (0.002 sec)

MariaDB [classicmodels]> SELECT customerNumber,checkNumber,amount FROM payments WHERE amount > (SELECT AVG(amount) FROM payments order by amount DESC);
+----------------+-------------+-----------+
| customerNumber | checkNumber | amount |
+----------------+-------------+-----------+
| 112 | HQ55022 | 32641.98 |
| 112 | ND748579 | 33347.88 |
| 114 | GG31455 | 45864.03 |
| 114 | MA765515 | 82261.22 |
| 114 | NR27552 | 44894.74 |
| 119 | LN373447 | 47924.19 |
| 119 | NG94694 | 49523.67 |
| 121 | DB889831 | 50218.95 |
| 121 | MA302151 | 34638.14 |
| 124 | AE215433 | 101244.59 |
| 124 | BG255406 | 85410.87 |
| 124 | ET64396 | 83598.04 |
| 124 | HI366474 | 47142.70 |
| 124 | HR86578 | 55639.66 |
| 124 | KI131716 | 111654.40 |
| 124 | LF217299 | 43369.30 |
| 124 | NT141748 | 45084.38 |
| 128 | FH668230 | 33820.62 |
| 131 | MA724562 | 50025.35 |
| 131 | NB445135 | 35321.97 |
| 141 | AU364101 | 36251.03 |
| 141 | DB583216 | 36140.38 |
| 141 | DL460618 | 46895.48 |
| 141 | HJ32686 | 59830.55 |
| 141 | ID10962 | 116208.40 |
| 141 | IN446258 | 65071.26 |
| 141 | JE105477 | 120166.58 |
| 141 | JN355280 | 49539.37 |
| 141 | JN722010 | 40206.20 |
| 141 | KT52578 | 63843.55 |
| 141 | MC46946 | 35420.74 |
| 144 | IR846303 | 36005.71 |
| 145 | JJ246391 | 53959.21 |
| 146 | FP549817 | 40978.53 |
| 146 | FU793410 | 49614.72 |
| 146 | LJ160635 | 39712.10 |
| 148 | BI507030 | 44380.15 |
| 148 | KM172879 | 105743.00 |
| 151 | BF686658 | 58793.53 |
| 151 | IP568906 | 58841.35 |
| 151 | KI884577 | 39964.63 |
| 157 | HI618861 | 35152.12 |
| 157 | NN711988 | 63357.13 |
| 161 | BR478494 | 50743.65 |
| 161 | NI908214 | 38675.13 |
| 166 | BQ327613 | 38785.48 |
| 166 | DC979307 | 44160.92 |
| 167 | GN228846 | 85024.46 |
| 171 | IL104425 | 42783.81 |
| 172 | CE51751 | 51209.58 |
| 172 | EH208589 | 33383.14 |
| 175 | PI15215 | 42044.77 |
| 177 | CI381435 | 47177.59 |
| 181 | OH367219 | 44400.50 |
| 186 | AK412714 | 37602.48 |
| 186 | KA602407 | 34341.08 |
| 187 | AM968797 | 52825.29 |
| 187 | BQ39062 | 47159.11 |
| 187 | KL124726 | 48425.69 |
| 189 | NM916675 | 32538.74 |
| 201 | OO846801 | 37258.94 |
| 202 | HI358554 | 36527.61 |
| 202 | IQ627690 | 33594.58 |
| 204 | GC697638 | 51152.86 |
| 205 | LL562733 | 50342.74 |
| 205 | NM739638 | 39580.60 |
| 209 | BOAF82044 | 35157.75 |
| 209 | PH785937 | 36069.26 |
| 211 | BJ535230 | 45480.79 |
| 216 | MM342086 | 40473.86 |
| 227 | MQ413968 | 36164.46 |
| 227 | NU21326 | 53745.34 |
| 239 | NQ865547 | 80375.24 |
| 240 | IF245157 | 46788.14 |
| 242 | AF40894 | 33818.34 |
| 249 | IJ399820 | 33924.24 |
| 249 | NE404084 | 48298.99 |
| 256 | HE84936 | 53116.99 |
| 259 | EU280955 | 61234.67 |
| 260 | IO164641 | 37527.58 |
| 276 | KM841847 | 38547.19 |
| 276 | LE432182 | 41554.73 |
| 278 | BJ483870 | 37654.09 |
| 278 | GP636783 | 52151.81 |
| 278 | NI983021 | 37723.79 |
| 282 | JT819493 | 35806.73 |
| 286 | DR578578 | 47411.33 |
| 286 | KH910279 | 43134.04 |
| 298 | AJ574927 | 47375.92 |
| 298 | LF501133 | 61402.00 |
| 299 | AD304085 | 36798.88 |
| 311 | DG336041 | 46770.52 |
| 311 | FA728475 | 32723.04 |
| 314 | LQ244073 | 45352.47 |
| 319 | HL685576 | 42339.76 |
| 319 | OM548174 | 36092.40 |
| 320 | HO576374 | 41016.75 |
| 320 | MU817160 | 52548.49 |
| 321 | DJ15149 | 85559.12 |
| 321 | LA556321 | 46781.66 |
| 323 | AL493079 | 75020.13 |
| 323 | ES347491 | 37281.36 |
| 323 | PQ803830 | 39440.59 |
| 324 | HB150714 | 37455.77 |
| 334 | CS435306 | 45785.34 |
| 339 | DA98827 | 34606.28 |
| 350 | CI471510 | 50824.66 |
| 353 | CO351193 | 49705.52 |
| 353 | HJ618252 | 46656.94 |
| 357 | NB291497 | 36442.34 |
| 363 | HL575273 | 50799.69 |
| 363 | PN238558 | 55425.77 |
| 379 | FR499138 | 32680.31 |
| 382 | CC871084 | 35826.33 |
| 382 | PH29054 | 42813.83 |
| 385 | EK785462 | 51001.22 |
| 386 | DO106109 | 38524.29 |
| 386 | HG438769 | 51619.02 |
| 398 | AJ478695 | 33967.73 |
| 398 | KB54275 | 48927.64 |
| 406 | HJ217687 | 49165.16 |
| 412 | GH197075 | 35034.57 |
| 448 | KR822727 | 48809.90 |
| 450 | EF485824 | 59551.38 |
| 455 | HA777606 | 38139.18 |
| 458 | DD995006 | 33145.56 |
| 458 | OO606861 | 57131.92 |
| 462 | PE176846 | 48355.87 |
| 471 | CO645196 | 35505.63 |
| 475 | PB951268 | 36070.47 |
| 484 | JH546765 | 47513.19 |
| 486 | HS86661 | 45994.07 |
| 495 | BH167026 | 59265.14 |
| 496 | MN89921 | 52166.00 |
+----------------+-------------+-----------+
134 rows in set (0.001 sec)

MariaDB [classicmodels]> SELECT customerNumber,checkNumber,amount FROM payments WHERE amount > (SELECT AVG(amount) FROM payments) order by amount desc;
+----------------+-------------+-----------+
| customerNumber | checkNumber | amount |
+----------------+-------------+-----------+
| 141 | JE105477 | 120166.58 |
| 141 | ID10962 | 116208.40 |
| 124 | KI131716 | 111654.40 |
| 148 | KM172879 | 105743.00 |
| 124 | AE215433 | 101244.59 |
| 321 | DJ15149 | 85559.12 |
| 124 | BG255406 | 85410.87 |
| 167 | GN228846 | 85024.46 |
| 124 | ET64396 | 83598.04 |
| 114 | MA765515 | 82261.22 |
| 239 | NQ865547 | 80375.24 |
| 323 | AL493079 | 75020.13 |
| 141 | IN446258 | 65071.26 |
| 141 | KT52578 | 63843.55 |
| 157 | NN711988 | 63357.13 |
| 298 | LF501133 | 61402.00 |
| 259 | EU280955 | 61234.67 |
| 141 | HJ32686 | 59830.55 |
| 450 | EF485824 | 59551.38 |
| 495 | BH167026 | 59265.14 |
| 151 | IP568906 | 58841.35 |
| 151 | BF686658 | 58793.53 |
| 458 | OO606861 | 57131.92 |
| 124 | HR86578 | 55639.66 |
| 363 | PN238558 | 55425.77 |
| 145 | JJ246391 | 53959.21 |
| 227 | NU21326 | 53745.34 |
| 256 | HE84936 | 53116.99 |
| 187 | AM968797 | 52825.29 |
| 320 | MU817160 | 52548.49 |
| 496 | MN89921 | 52166.00 |
| 278 | GP636783 | 52151.81 |
| 386 | HG438769 | 51619.02 |
| 172 | CE51751 | 51209.58 |
| 204 | GC697638 | 51152.86 |
| 385 | EK785462 | 51001.22 |
| 350 | CI471510 | 50824.66 |
| 363 | HL575273 | 50799.69 |
| 161 | BR478494 | 50743.65 |
| 205 | LL562733 | 50342.74 |
| 121 | DB889831 | 50218.95 |
| 131 | MA724562 | 50025.35 |
| 353 | CO351193 | 49705.52 |
| 146 | FU793410 | 49614.72 |
| 141 | JN355280 | 49539.37 |
| 119 | NG94694 | 49523.67 |
| 406 | HJ217687 | 49165.16 |
| 398 | KB54275 | 48927.64 |
| 448 | KR822727 | 48809.90 |
| 187 | KL124726 | 48425.69 |
| 462 | PE176846 | 48355.87 |
| 249 | NE404084 | 48298.99 |
| 119 | LN373447 | 47924.19 |
| 484 | JH546765 | 47513.19 |
| 286 | DR578578 | 47411.33 |
| 298 | AJ574927 | 47375.92 |
| 177 | CI381435 | 47177.59 |
| 187 | BQ39062 | 47159.11 |
| 124 | HI366474 | 47142.70 |
| 141 | DL460618 | 46895.48 |
| 240 | IF245157 | 46788.14 |
| 321 | LA556321 | 46781.66 |
| 311 | DG336041 | 46770.52 |
| 353 | HJ618252 | 46656.94 |
| 486 | HS86661 | 45994.07 |
| 114 | GG31455 | 45864.03 |
| 334 | CS435306 | 45785.34 |
| 211 | BJ535230 | 45480.79 |
| 314 | LQ244073 | 45352.47 |
| 124 | NT141748 | 45084.38 |
| 114 | NR27552 | 44894.74 |
| 181 | OH367219 | 44400.50 |
| 148 | BI507030 | 44380.15 |
| 166 | DC979307 | 44160.92 |
| 124 | LF217299 | 43369.30 |
| 286 | KH910279 | 43134.04 |
| 382 | PH29054 | 42813.83 |
| 171 | IL104425 | 42783.81 |
| 319 | HL685576 | 42339.76 |
| 175 | PI15215 | 42044.77 |
| 276 | LE432182 | 41554.73 |
| 320 | HO576374 | 41016.75 |
| 146 | FP549817 | 40978.53 |
| 216 | MM342086 | 40473.86 |
| 141 | JN722010 | 40206.20 |
| 151 | KI884577 | 39964.63 |
| 146 | LJ160635 | 39712.10 |
| 205 | NM739638 | 39580.60 |
| 323 | PQ803830 | 39440.59 |
| 166 | BQ327613 | 38785.48 |
| 161 | NI908214 | 38675.13 |
| 276 | KM841847 | 38547.19 |
| 386 | DO106109 | 38524.29 |
| 455 | HA777606 | 38139.18 |
| 278 | NI983021 | 37723.79 |
| 278 | BJ483870 | 37654.09 |
| 186 | AK412714 | 37602.48 |
| 260 | IO164641 | 37527.58 |
| 324 | HB150714 | 37455.77 |
| 323 | ES347491 | 37281.36 |
| 201 | OO846801 | 37258.94 |
| 299 | AD304085 | 36798.88 |
| 202 | HI358554 | 36527.61 |
| 357 | NB291497 | 36442.34 |
| 141 | AU364101 | 36251.03 |
| 227 | MQ413968 | 36164.46 |
| 141 | DB583216 | 36140.38 |
| 319 | OM548174 | 36092.40 |
| 475 | PB951268 | 36070.47 |
| 209 | PH785937 | 36069.26 |
| 144 | IR846303 | 36005.71 |
| 382 | CC871084 | 35826.33 |
| 282 | JT819493 | 35806.73 |
| 471 | CO645196 | 35505.63 |
| 141 | MC46946 | 35420.74 |
| 131 | NB445135 | 35321.97 |
| 209 | BOAF82044 | 35157.75 |
| 157 | HI618861 | 35152.12 |
| 412 | GH197075 | 35034.57 |
| 121 | MA302151 | 34638.14 |
| 339 | DA98827 | 34606.28 |
| 186 | KA602407 | 34341.08 |
| 398 | AJ478695 | 33967.73 |
| 249 | IJ399820 | 33924.24 |
| 128 | FH668230 | 33820.62 |
| 242 | AF40894 | 33818.34 |
| 202 | IQ627690 | 33594.58 |
| 172 | EH208589 | 33383.14 |
| 112 | ND748579 | 33347.88 |
| 458 | DD995006 | 33145.56 |
| 311 | FA728475 | 32723.04 |
| 379 | FR499138 | 32680.31 |
| 112 | HQ55022 | 32641.98 |
| 189 | NM916675 | 32538.74 |
+----------------+-------------+-----------+
134 rows in set (0.003 sec)

MariaDB [classicmodels]> SELECT customerNumber,checkNumber,amount FROM payments WHERE amount > (SELECT AVG(amount) FROM payments) group by amount desc;
+----------------+-------------+-----------+
| customerNumber | checkNumber | amount |
+----------------+-------------+-----------+
| 141 | JE105477 | 120166.58 |
| 141 | ID10962 | 116208.40 |
| 124 | KI131716 | 111654.40 |
| 148 | KM172879 | 105743.00 |
| 124 | AE215433 | 101244.59 |
| 321 | DJ15149 | 85559.12 |
| 124 | BG255406 | 85410.87 |
| 167 | GN228846 | 85024.46 |
| 124 | ET64396 | 83598.04 |
| 114 | MA765515 | 82261.22 |
| 239 | NQ865547 | 80375.24 |
| 323 | AL493079 | 75020.13 |
| 141 | IN446258 | 65071.26 |
| 141 | KT52578 | 63843.55 |
| 157 | NN711988 | 63357.13 |
| 298 | LF501133 | 61402.00 |
| 259 | EU280955 | 61234.67 |
| 141 | HJ32686 | 59830.55 |
| 450 | EF485824 | 59551.38 |
| 495 | BH167026 | 59265.14 |
| 151 | IP568906 | 58841.35 |
| 151 | BF686658 | 58793.53 |
| 458 | OO606861 | 57131.92 |
| 124 | HR86578 | 55639.66 |
| 363 | PN238558 | 55425.77 |
| 145 | JJ246391 | 53959.21 |
| 227 | NU21326 | 53745.34 |
| 256 | HE84936 | 53116.99 |
| 187 | AM968797 | 52825.29 |
| 320 | MU817160 | 52548.49 |
| 496 | MN89921 | 52166.00 |
| 278 | GP636783 | 52151.81 |
| 386 | HG438769 | 51619.02 |
| 172 | CE51751 | 51209.58 |
| 204 | GC697638 | 51152.86 |
| 385 | EK785462 | 51001.22 |
| 350 | CI471510 | 50824.66 |
| 363 | HL575273 | 50799.69 |
| 161 | BR478494 | 50743.65 |
| 205 | LL562733 | 50342.74 |
| 121 | DB889831 | 50218.95 |
| 131 | MA724562 | 50025.35 |
| 353 | CO351193 | 49705.52 |
| 146 | FU793410 | 49614.72 |
| 141 | JN355280 | 49539.37 |
| 119 | NG94694 | 49523.67 |
| 406 | HJ217687 | 49165.16 |
| 398 | KB54275 | 48927.64 |
| 448 | KR822727 | 48809.90 |
| 187 | KL124726 | 48425.69 |
| 462 | PE176846 | 48355.87 |
| 249 | NE404084 | 48298.99 |
| 119 | LN373447 | 47924.19 |
| 484 | JH546765 | 47513.19 |
| 286 | DR578578 | 47411.33 |
| 298 | AJ574927 | 47375.92 |
| 177 | CI381435 | 47177.59 |
| 187 | BQ39062 | 47159.11 |
| 124 | HI366474 | 47142.70 |
| 141 | DL460618 | 46895.48 |
| 240 | IF245157 | 46788.14 |
| 321 | LA556321 | 46781.66 |
| 311 | DG336041 | 46770.52 |
| 353 | HJ618252 | 46656.94 |
| 486 | HS86661 | 45994.07 |
| 114 | GG31455 | 45864.03 |
| 334 | CS435306 | 45785.34 |
| 211 | BJ535230 | 45480.79 |
| 314 | LQ244073 | 45352.47 |
| 124 | NT141748 | 45084.38 |
| 114 | NR27552 | 44894.74 |
| 181 | OH367219 | 44400.50 |
| 148 | BI507030 | 44380.15 |
| 166 | DC979307 | 44160.92 |
| 124 | LF217299 | 43369.30 |
| 286 | KH910279 | 43134.04 |
| 382 | PH29054 | 42813.83 |
| 171 | IL104425 | 42783.81 |
| 319 | HL685576 | 42339.76 |
| 175 | PI15215 | 42044.77 |
| 276 | LE432182 | 41554.73 |
| 320 | HO576374 | 41016.75 |
| 146 | FP549817 | 40978.53 |
| 216 | MM342086 | 40473.86 |
| 141 | JN722010 | 40206.20 |
| 151 | KI884577 | 39964.63 |
| 146 | LJ160635 | 39712.10 |
| 205 | NM739638 | 39580.60 |
| 323 | PQ803830 | 39440.59 |
| 166 | BQ327613 | 38785.48 |
| 161 | NI908214 | 38675.13 |
| 276 | KM841847 | 38547.19 |
| 386 | DO106109 | 38524.29 |
| 455 | HA777606 | 38139.18 |
| 278 | NI983021 | 37723.79 |
| 278 | BJ483870 | 37654.09 |
| 186 | AK412714 | 37602.48 |
| 260 | IO164641 | 37527.58 |
| 324 | HB150714 | 37455.77 |
| 323 | ES347491 | 37281.36 |
| 201 | OO846801 | 37258.94 |
| 299 | AD304085 | 36798.88 |
| 202 | HI358554 | 36527.61 |
| 357 | NB291497 | 36442.34 |
| 141 | AU364101 | 36251.03 |
| 227 | MQ413968 | 36164.46 |
| 141 | DB583216 | 36140.38 |
| 319 | OM548174 | 36092.40 |
| 475 | PB951268 | 36070.47 |
| 209 | PH785937 | 36069.26 |
| 144 | IR846303 | 36005.71 |
| 382 | CC871084 | 35826.33 |
| 282 | JT819493 | 35806.73 |
| 471 | CO645196 | 35505.63 |
| 141 | MC46946 | 35420.74 |
| 131 | NB445135 | 35321.97 |
| 209 | BOAF82044 | 35157.75 |
| 157 | HI618861 | 35152.12 |
| 412 | GH197075 | 35034.57 |
| 121 | MA302151 | 34638.14 |
| 339 | DA98827 | 34606.28 |
| 186 | KA602407 | 34341.08 |
| 398 | AJ478695 | 33967.73 |
| 249 | IJ399820 | 33924.24 |
| 128 | FH668230 | 33820.62 |
| 242 | AF40894 | 33818.34 |
| 202 | IQ627690 | 33594.58 |
| 172 | EH208589 | 33383.14 |
| 112 | ND748579 | 33347.88 |
| 458 | DD995006 | 33145.56 |
| 311 | FA728475 | 32723.04 |
| 379 | FR499138 | 32680.31 |
| 112 | HQ55022 | 32641.98 |
| 189 | NM916675 | 32538.74 |
+----------------+-------------+-----------+
134 rows in set (0.002 sec)

MariaDB [classicmodels]> SELECT customerNumber,checkNumber,amount FROM payments WHERE amount > (SELECT AVG(amount) FROM payments) group by amount, customerNumber, checkNumber;
+----------------+-------------+-----------+
| customerNumber | checkNumber | amount |
+----------------+-------------+-----------+
| 189 | NM916675 | 32538.74 |
| 112 | HQ55022 | 32641.98 |
| 379 | FR499138 | 32680.31 |
| 311 | FA728475 | 32723.04 |
| 458 | DD995006 | 33145.56 |
| 112 | ND748579 | 33347.88 |
| 172 | EH208589 | 33383.14 |
| 202 | IQ627690 | 33594.58 |
| 242 | AF40894 | 33818.34 |
| 128 | FH668230 | 33820.62 |
| 249 | IJ399820 | 33924.24 |
| 398 | AJ478695 | 33967.73 |
| 186 | KA602407 | 34341.08 |
| 339 | DA98827 | 34606.28 |
| 121 | MA302151 | 34638.14 |
| 412 | GH197075 | 35034.57 |
| 157 | HI618861 | 35152.12 |
| 209 | BOAF82044 | 35157.75 |
| 131 | NB445135 | 35321.97 |
| 141 | MC46946 | 35420.74 |
| 471 | CO645196 | 35505.63 |
| 282 | JT819493 | 35806.73 |
| 382 | CC871084 | 35826.33 |
| 144 | IR846303 | 36005.71 |
| 209 | PH785937 | 36069.26 |
| 475 | PB951268 | 36070.47 |
| 319 | OM548174 | 36092.40 |
| 141 | DB583216 | 36140.38 |
| 227 | MQ413968 | 36164.46 |
| 141 | AU364101 | 36251.03 |
| 357 | NB291497 | 36442.34 |
| 202 | HI358554 | 36527.61 |
| 299 | AD304085 | 36798.88 |
| 201 | OO846801 | 37258.94 |
| 323 | ES347491 | 37281.36 |
| 324 | HB150714 | 37455.77 |
| 260 | IO164641 | 37527.58 |
| 186 | AK412714 | 37602.48 |
| 278 | BJ483870 | 37654.09 |
| 278 | NI983021 | 37723.79 |
| 455 | HA777606 | 38139.18 |
| 386 | DO106109 | 38524.29 |
| 276 | KM841847 | 38547.19 |
| 161 | NI908214 | 38675.13 |
| 166 | BQ327613 | 38785.48 |
| 323 | PQ803830 | 39440.59 |
| 205 | NM739638 | 39580.60 |
| 146 | LJ160635 | 39712.10 |
| 151 | KI884577 | 39964.63 |
| 141 | JN722010 | 40206.20 |
| 216 | MM342086 | 40473.86 |
| 146 | FP549817 | 40978.53 |
| 320 | HO576374 | 41016.75 |
| 276 | LE432182 | 41554.73 |
| 175 | PI15215 | 42044.77 |
| 319 | HL685576 | 42339.76 |
| 171 | IL104425 | 42783.81 |
| 382 | PH29054 | 42813.83 |
| 286 | KH910279 | 43134.04 |
| 124 | LF217299 | 43369.30 |
| 166 | DC979307 | 44160.92 |
| 148 | BI507030 | 44380.15 |
| 181 | OH367219 | 44400.50 |
| 114 | NR27552 | 44894.74 |
| 124 | NT141748 | 45084.38 |
| 314 | LQ244073 | 45352.47 |
| 211 | BJ535230 | 45480.79 |
| 334 | CS435306 | 45785.34 |
| 114 | GG31455 | 45864.03 |
| 486 | HS86661 | 45994.07 |
| 353 | HJ618252 | 46656.94 |
| 311 | DG336041 | 46770.52 |
| 321 | LA556321 | 46781.66 |
| 240 | IF245157 | 46788.14 |
| 141 | DL460618 | 46895.48 |
| 124 | HI366474 | 47142.70 |
| 187 | BQ39062 | 47159.11 |
| 177 | CI381435 | 47177.59 |
| 298 | AJ574927 | 47375.92 |
| 286 | DR578578 | 47411.33 |
| 484 | JH546765 | 47513.19 |
| 119 | LN373447 | 47924.19 |
| 249 | NE404084 | 48298.99 |
| 462 | PE176846 | 48355.87 |
| 187 | KL124726 | 48425.69 |
| 448 | KR822727 | 48809.90 |
| 398 | KB54275 | 48927.64 |
| 406 | HJ217687 | 49165.16 |
| 119 | NG94694 | 49523.67 |
| 141 | JN355280 | 49539.37 |
| 146 | FU793410 | 49614.72 |
| 353 | CO351193 | 49705.52 |
| 131 | MA724562 | 50025.35 |
| 121 | DB889831 | 50218.95 |
| 205 | LL562733 | 50342.74 |
| 161 | BR478494 | 50743.65 |
| 363 | HL575273 | 50799.69 |
| 350 | CI471510 | 50824.66 |
| 385 | EK785462 | 51001.22 |
| 204 | GC697638 | 51152.86 |
| 172 | CE51751 | 51209.58 |
| 386 | HG438769 | 51619.02 |
| 278 | GP636783 | 52151.81 |
| 496 | MN89921 | 52166.00 |
| 320 | MU817160 | 52548.49 |
| 187 | AM968797 | 52825.29 |
| 256 | HE84936 | 53116.99 |
| 227 | NU21326 | 53745.34 |
| 145 | JJ246391 | 53959.21 |
| 363 | PN238558 | 55425.77 |
| 124 | HR86578 | 55639.66 |
| 458 | OO606861 | 57131.92 |
| 151 | BF686658 | 58793.53 |
| 151 | IP568906 | 58841.35 |
| 495 | BH167026 | 59265.14 |
| 450 | EF485824 | 59551.38 |
| 141 | HJ32686 | 59830.55 |
| 259 | EU280955 | 61234.67 |
| 298 | LF501133 | 61402.00 |
| 157 | NN711988 | 63357.13 |
| 141 | KT52578 | 63843.55 |
| 141 | IN446258 | 65071.26 |
| 323 | AL493079 | 75020.13 |
| 239 | NQ865547 | 80375.24 |
| 114 | MA765515 | 82261.22 |
| 124 | ET64396 | 83598.04 |
| 167 | GN228846 | 85024.46 |
| 124 | BG255406 | 85410.87 |
| 321 | DJ15149 | 85559.12 |
| 124 | AE215433 | 101244.59 |
| 148 | KM172879 | 105743.00 |
| 124 | KI131716 | 111654.40 |
| 141 | ID10962 | 116208.40 |
| 141 | JE105477 | 120166.58 |
+----------------+-------------+-----------+
134 rows in set (0.003 sec)

MariaDB [classicmodels]> SELECT customerNumber FROM customers WHERE customerNumber NOT IN (SELECT DISTINCT customerNumber FROM orders);
+----------------+
| customerNumber |
+----------------+
| 125 |
| 169 |
| 206 |
| 223 |
| 237 |
| 247 |
| 273 |
| 293 |
| 303 |
| 307 |
| 335 |
| 348 |
| 356 |
| 361 |
| 369 |
| 409 |
| 443 |
| 459 |
| 465 |
| 477 |
| 480 |
| 481 |
| 168 |
| 376 |
+----------------+
24 rows in set (0.008 sec)

MariaDB [classicmodels]> SELECT customerNumber FROM customers WHERE customerNumber NOT IN (SELECT customerNumber FROM orders);
+----------------+
| customerNumber |
+----------------+
| 125 |
| 169 |
| 206 |
| 223 |
| 237 |
| 247 |
| 273 |
| 293 |
| 303 |
| 307 |
| 335 |
| 348 |
| 356 |
| 361 |
| 369 |
| 409 |
| 443 |
| 459 |
| 465 |
| 477 |
| 480 |
| 481 |
| 168 |
| 376 |
+----------------+
24 rows in set (0.002 sec)

MariaDB [classicmodels]> SELECT customerNumber FROM customers WHERE customerNumber IN (SELECT DISTINCT customerNumber FROM orders);
+----------------+
| customerNumber |
+----------------+
| 124 |
| 129 |
| 161 |
| 321 |
| 450 |
| 487 |
| 112 |
| 205 |
| 219 |
| 239 |
| 347 |
| 475 |
| 173 |
| 204 |
| 320 |
| 339 |
| 379 |
| 495 |
| 157 |
| 198 |
| 286 |
| 362 |
| 363 |
| 462 |
| 151 |
| 181 |
| 233 |
| 424 |
| 455 |
| 456 |
| 131 |
| 175 |
| 202 |
| 260 |
| 319 |
| 328 |
| 447 |
| 486 |
| 146 |
| 172 |
| 250 |
| 350 |
| 353 |
| 406 |
| 103 |
| 119 |
| 141 |
| 171 |
| 209 |
| 242 |
| 256 |
| 145 |
| 227 |
| 249 |
| 278 |
| 314 |
| 381 |
| 382 |
| 386 |
| 452 |
| 473 |
| 186 |
| 187 |
| 201 |
| 240 |
| 311 |
| 324 |
| 334 |
| 489 |
| 121 |
| 128 |
| 144 |
| 167 |
| 189 |
| 259 |
| 299 |
| 415 |
| 448 |
| 114 |
| 276 |
| 282 |
| 333 |
| 471 |
| 166 |
| 323 |
| 357 |
| 412 |
| 496 |
| 148 |
| 177 |
| 211 |
| 385 |
| 398 |
| 216 |
| 298 |
| 344 |
| 458 |
| 484 |
+----------------+
98 rows in set (0.003 sec)

MariaDB [classicmodels]> SELECT customerNumber FROM customers WHERE customerNumber IN (SELECT customerNumber FROM orders);
+----------------+
| customerNumber |
+----------------+
| 124 |
| 129 |
| 161 |
| 321 |
| 450 |
| 487 |
| 112 |
| 205 |
| 219 |
| 239 |
| 347 |
| 475 |
| 173 |
| 204 |
| 320 |
| 339 |
| 379 |
| 495 |
| 157 |
| 198 |
| 286 |
| 362 |
| 363 |
| 462 |
| 151 |
| 181 |
| 233 |
| 424 |
| 455 |
| 456 |
| 131 |
| 175 |
| 202 |
| 260 |
| 319 |
| 328 |
| 447 |
| 486 |
| 146 |
| 172 |
| 250 |
| 350 |
| 353 |
| 406 |
| 103 |
| 119 |
| 141 |
| 171 |
| 209 |
| 242 |
| 256 |
| 145 |
| 227 |
| 249 |
| 278 |
| 314 |
| 381 |
| 382 |
| 386 |
| 452 |
| 473 |
| 186 |
| 187 |
| 201 |
| 240 |
| 311 |
| 324 |
| 334 |
| 489 |
| 121 |
| 128 |
| 144 |
| 167 |
| 189 |
| 259 |
| 299 |
| 415 |
| 448 |
| 114 |
| 276 |
| 282 |
| 333 |
| 471 |
| 166 |
| 323 |
| 357 |
| 412 |
| 496 |
| 148 |
| 177 |
| 211 |
| 385 |
| 398 |
| 216 |
| 298 |
| 344 |
| 458 |
| 484 |
+----------------+
98 rows in set (0.001 sec)

MariaDB [classicmodels]> SELECT customerNumber FROM customers WHERE customerNumber NOT IN (SELECT DISTINCT customerNumber FROM orders);
+----------------+
| customerNumber |
+----------------+
| 125 |
| 169 |
| 206 |
| 223 |
| 237 |
| 247 |
| 273 |
| 293 |
| 303 |
| 307 |
| 335 |
| 348 |
| 356 |
| 361 |
| 369 |
| 409 |
| 443 |
| 459 |
| 465 |
| 477 |
| 480 |
| 481 |
| 168 |
| 376 |
+----------------+
24 rows in set (0.002 sec)

MariaDB [classicmodels]> SELECT MAX(items), MIN(items), FLOOR(AVG(items)) FROM (SELECT orderNumber, COUNT(orderNumber) AS items FROM orderdetails GROUP BY orderNumber) AS lineitems;
+------------+------------+-------------------+
| MAX(items) | MIN(items) | FLOOR(AVG(items)) |
+------------+------------+-------------------+
| 18 | 1 | 9 |
+------------+------------+-------------------+
1 row in set (0.011 sec)

MariaDB [classicmodels]> SELECT productname,buyprice FROM product p1 WHERE buyprice > (SELECT AVG(buyprice) FROM products WHERE productline = p1.productline);
ERROR 1146 (42S02): Table 'classicmodels.product' doesn't exist
MariaDB [classicmodels]> SELECT productname,buyprice FROM products p1 WHERE buyprice > (SELECT AVG(buyprice) FROM products WHERE productline = p1.productline);
+-----------------------------------------+----------+
| productname | buyprice |
+-----------------------------------------+----------+
| 1952 Alpine Renault 1300 | 98.58 |
| 1996 Moto Guzzi 1100i | 68.99 |
| 2003 Harley-Davidson Eagle Drag Bike | 91.02 |
| 1972 Alfa Romeo GTA | 85.68 |
| 1962 LanciaA Delta 16V | 103.42 |
| 1968 Ford Mustang | 95.34 |
| 2001 Ferrari Enzo | 95.59 |
| 1958 Setra Bus | 77.90 |
| 2002 Suzuki XREO | 66.27 |
| 1969 Corvair Monza | 89.14 |
| 1968 Dodge Charger | 75.16 |
| 1969 Ford Falcon | 83.05 |
| 1940 Ford Pickup Truck | 58.33 |
| 1993 Mazda RX-7 | 83.51 |
| 1937 Lincoln Berline | 60.62 |
| 1965 Aston Martin DB5 | 65.96 |
| 1980s Black Hawk Helicopter | 77.27 |
| 1917 Grand Touring Sedan | 86.70 |
| 1995 Honda Civic | 93.89 |
| 1998 Chrysler Plymouth Prowler | 101.51 |
| 1964 Mercedes Tour Bus | 74.86 |
| 1932 Model A Ford J-Coupe | 58.48 |
| 1928 Mercedes-Benz SSK | 72.56 |
| 1913 Ford Model T Speedster | 60.78 |
| 1999 Yamaha Speed Boat | 51.61 |
| 18th Century Vintage Horse Carriage | 60.74 |
| 1903 Ford Model A | 68.30 |
| 1992 Ferrari 360 Spider red | 77.90 |
| Collectable Wooden Train | 67.56 |
| 1917 Maxwell Touring Car | 57.54 |
| 1976 Ford Gran Torino | 73.49 |
| 1941 Chevrolet Special Deluxe Cabriolet | 64.58 |
| 1970 Triumph Spitfire | 91.92 |
| 1904 Buick Runabout | 52.66 |
| 1940s Ford truck | 84.76 |
| 1957 Corvette Convertible | 69.93 |
| 1997 BMW R 1100 S | 60.86 |
| 1928 British Royal Navy Airplane | 66.74 |
| 18th century schooner | 82.34 |
| 1962 Volkswagen Microbus | 61.34 |
| 1952 Citroen-15CV | 72.82 |
| 1912 Ford Model T Delivery Wagon | 46.91 |
| 1940 Ford Delivery Sedan | 48.64 |
| 1956 Porsche 356A Coupe | 98.30 |
| 1992 Porsche Cayenne Turbo Silver | 69.78 |
| 1936 Chrysler Airflow | 57.46 |
| 1997 BMW F650 ST | 66.92 |
| 1974 Ducati 350 Mk3 Desmo | 56.13 |
| Diamond T620 Semi-Skirted Tanker | 68.29 |
| American Airlines: B767-300 | 51.15 |
| America West Airlines B757-200 | 68.80 |
| ATA: B757-300 | 59.33 |
| F/A 18 Hornet 1/72 | 54.40 |
| The Titanic | 51.09 |
| The Queen Mary | 53.63 |
+-----------------------------------------+----------+
55 rows in set (0.005 sec)

MariaDB [classicmodels]> SELECT productname,buyprice FROM products p1 WHERE buyprice > (SELECT AVG(buyprice) FROM products WHERE productline = p1.productline) order by p1;
ERROR 1054 (42S22): Unknown column 'p1' in 'order clause'
MariaDB [classicmodels]> SELECT productname,buyprice FROM products p1 WHERE buyprice > (SELECT AVG(buyprice) FROM products WHERE productline = p1.productline) order by buyprice asc;
+-----------------------------------------+----------+
| productname | buyprice |
+-----------------------------------------+----------+
| 1912 Ford Model T Delivery Wagon | 46.91 |
| 1940 Ford Delivery Sedan | 48.64 |
| The Titanic | 51.09 |
| American Airlines: B767-300 | 51.15 |
| 1999 Yamaha Speed Boat | 51.61 |
| 1904 Buick Runabout | 52.66 |
| The Queen Mary | 53.63 |
| F/A 18 Hornet 1/72 | 54.40 |
| 1974 Ducati 350 Mk3 Desmo | 56.13 |
| 1936 Chrysler Airflow | 57.46 |
| 1917 Maxwell Touring Car | 57.54 |
| 1940 Ford Pickup Truck | 58.33 |
| 1932 Model A Ford J-Coupe | 58.48 |
| ATA: B757-300 | 59.33 |
| 1937 Lincoln Berline | 60.62 |
| 18th Century Vintage Horse Carriage | 60.74 |
| 1913 Ford Model T Speedster | 60.78 |
| 1997 BMW R 1100 S | 60.86 |
| 1962 Volkswagen Microbus | 61.34 |
| 1941 Chevrolet Special Deluxe Cabriolet | 64.58 |
| 1965 Aston Martin DB5 | 65.96 |
| 2002 Suzuki XREO | 66.27 |
| 1928 British Royal Navy Airplane | 66.74 |
| 1997 BMW F650 ST | 66.92 |
| Collectable Wooden Train | 67.56 |
| Diamond T620 Semi-Skirted Tanker | 68.29 |
| 1903 Ford Model A | 68.30 |
| America West Airlines B757-200 | 68.80 |
| 1996 Moto Guzzi 1100i | 68.99 |
| 1992 Porsche Cayenne Turbo Silver | 69.78 |
| 1957 Corvette Convertible | 69.93 |
| 1928 Mercedes-Benz SSK | 72.56 |
| 1952 Citroen-15CV | 72.82 |
| 1976 Ford Gran Torino | 73.49 |
| 1964 Mercedes Tour Bus | 74.86 |
| 1968 Dodge Charger | 75.16 |
| 1980s Black Hawk Helicopter | 77.27 |
| 1992 Ferrari 360 Spider red | 77.90 |
| 1958 Setra Bus | 77.90 |
| 18th century schooner | 82.34 |
| 1969 Ford Falcon | 83.05 |
| 1993 Mazda RX-7 | 83.51 |
| 1940s Ford truck | 84.76 |
| 1972 Alfa Romeo GTA | 85.68 |
| 1917 Grand Touring Sedan | 86.70 |
| 1969 Corvair Monza | 89.14 |
| 2003 Harley-Davidson Eagle Drag Bike | 91.02 |
| 1970 Triumph Spitfire | 91.92 |
| 1995 Honda Civic | 93.89 |
| 1968 Ford Mustang | 95.34 |
| 2001 Ferrari Enzo | 95.59 |
| 1956 Porsche 356A Coupe | 98.30 |
| 1952 Alpine Renault 1300 | 98.58 |
| 1998 Chrysler Plymouth Prowler | 101.51 |
| 1962 LanciaA Delta 16V | 103.42 |
+-----------------------------------------+----------+
55 rows in set (0.002 sec)

MariaDB [classicmodels]> select customerNumber from customers UNION select employeeNumber from employees limit 5;
+----------------+
| customerNumber |
+----------------+
| 125 |
| 169 |
| 206 |
| 223 |
| 237 |
+----------------+
5 rows in set (0.005 sec)

MariaDB [classicmodels]> show tables;
+-------------------------+
| Tables_in_classicmodels |
+-------------------------+
| customers |
| employees |
| offices |
| orderdetails |
| orders |
| payments |
| productlines |
| products |
+-------------------------+
8 rows in set (0.002 sec)

MariaDB [classicmodels]> WITH cte AS (SELECT customerName, COUNT(\*) orderCount FROM orders INNER JOIN customers USING (customerNumber)GROUP BY customerName) SELECT customerName,orderCount,Case orderCount WHEN 1 THEN 'One-time Customer' WHEN 2 THEN 'Repeated customer' WHEN 3 THEN 'Frequent customer' ELSE 'Loyal Customer' end customerType FROM cte ORDER BY customerName;
+------------------------------------+------------+-------------------+
| customerName | orderCount | customerType |
+------------------------------------+------------+-------------------+
| Alpha Cognac | 3 | Frequent customer |
| Amica Models & Co. | 2 | Repeated customer |
| Anna's Decorations, Ltd | 4 | Loyal Customer |
| Atelier graphique | 3 | Frequent customer |
| Australian Collectables, Ltd | 3 | Frequent customer |
| Australian Collectors, Co. | 5 | Loyal Customer |
| Australian Gift Network, Co | 3 | Frequent customer |
| Auto Associés & Cie. | 2 | Repeated customer |
| Auto Canal+ Petit | 3 | Frequent customer |
| Auto-Moto Classics Inc. | 3 | Frequent customer |
| AV Stores, Co. | 3 | Frequent customer |
| Baane Mini Imports | 4 | Loyal Customer |
| Bavarian Collectables Imports, Co. | 1 | One-time Customer |
| Blauer See Auto, Co. | 4 | Loyal Customer |
| Boards & Toys Co. | 2 | Repeated customer |
| CAF Imports | 2 | Repeated customer |
| Cambridge Collectables Co. | 2 | Repeated customer |
| Canadian Gift Exchange Network | 2 | Repeated customer |
| Classic Gift Ideas, Inc | 2 | Repeated customer |
| Classic Legends Inc. | 3 | Frequent customer |
| Clover Collections, Co. | 2 | Repeated customer |
| Collectable Mini Designs Co. | 2 | Repeated customer |
| Collectables For Less Inc. | 3 | Frequent customer |
| Corporate Gift Ideas Co. | 4 | Loyal Customer |
| Corrida Auto Replicas, Ltd | 3 | Frequent customer |
| Cruz & Sons Co. | 3 | Frequent customer |
| Daedalus Designs Imports | 2 | Repeated customer |
| Danish Wholesale Imports | 5 | Loyal Customer |
| Diecast Classics Inc. | 4 | Loyal Customer |
| Diecast Collectables | 2 | Repeated customer |
| Double Decker Gift Stores, Ltd | 2 | Repeated customer |
| Down Under Souveniers, Inc | 5 | Loyal Customer |
| Dragon Souveniers, Ltd. | 5 | Loyal Customer |
| Enaco Distributors | 3 | Frequent customer |
| Euro+ Shopping Channel | 26 | Loyal Customer |
| Extreme Desk Decorations, Ltd | 3 | Frequent customer |
| Frau da Collezione | 2 | Repeated customer |
| FunGiftIdeas.com | 3 | Frequent customer |
| Gift Depot Inc. | 3 | Frequent customer |
| Gift Ideas Corp. | 3 | Frequent customer |
| Gifts4AllAges.com | 3 | Frequent customer |
| giftsbymail.co.uk | 2 | Repeated customer |
| GiftsForHim.com | 3 | Frequent customer |
| Handji Gifts& Co | 4 | Loyal Customer |
| Heintze Collectables | 2 | Repeated customer |
| Herkku Gifts | 3 | Frequent customer |
| Iberia Gift Imports, Corp. | 2 | Repeated customer |
| Kelly's Gift Shop | 4 | Loyal Customer |
| King Kong Collectables, Co. | 2 | Repeated customer |
| L'ordine Souveniers | 3 | Frequent customer |
| La Corne D'abondance, Co. | 3 | Frequent customer |
| La Rochelle Gifts | 4 | Loyal Customer |
| Land of Toys Inc. | 4 | Loyal Customer |
| Lyon Souveniers | 3 | Frequent customer |
| Marseille Mini Autos | 3 | Frequent customer |
| Marta's Replicas Co. | 2 | Repeated customer |
| Men 'R' US Retailers, Ltd. | 2 | Repeated customer |
| Microscale Inc. | 2 | Repeated customer |
| Mini Auto Werke | 3 | Frequent customer |
| Mini Caravy | 3 | Frequent customer |
| Mini Classics | 2 | Repeated customer |
| Mini Creations Ltd. | 3 | Frequent customer |
| Mini Gifts Distributors Ltd. | 17 | Loyal Customer |
| Mini Wheels Co. | 3 | Frequent customer |
| Motor Mint Distributors Inc. | 3 | Frequent customer |
| Muscle Machine Inc | 4 | Loyal Customer |
| Norway Gifts By Mail, Co. | 2 | Repeated customer |
| Online Diecast Creations Co. | 3 | Frequent customer |
| Online Mini Collectables | 2 | Repeated customer |
| Osaka Souveniers Co. | 2 | Repeated customer |
| Oulu Toy Supplies, Inc. | 3 | Frequent customer |
| Petit Auto | 3 | Frequent customer |
| Québec Home Shopping Network | 3 | Frequent customer |
| Reims Collectables | 5 | Loyal Customer |
| Rovelli Gifts | 3 | Frequent customer |
| Royal Canadian Collectables, Ltd. | 2 | Repeated customer |
| Royale Belge | 4 | Loyal Customer |
| Salzburg Collectables | 4 | Loyal Customer |
| Saveley & Henriot, Co. | 3 | Frequent customer |
| Scandinavian Gift Ideas | 3 | Frequent customer |
| Signal Collectibles Ltd. | 2 | Repeated customer |
| Signal Gift Stores | 3 | Frequent customer |
| Souveniers And Things Co. | 4 | Loyal Customer |
| Stylish Desk Decors, Co. | 3 | Frequent customer |
| Suominen Souveniers | 3 | Frequent customer |
| Super Scale Inc. | 2 | Repeated customer |
| Technics Stores Inc. | 4 | Loyal Customer |
| Tekni Collectables Inc. | 3 | Frequent customer |
| The Sharp Gifts Warehouse | 4 | Loyal Customer |
| Tokyo Collectables, Ltd | 4 | Loyal Customer |
| Toms Spezialitäten, Ltd | 2 | Repeated customer |
| Toys of Finland, Co. | 3 | Frequent customer |
| Toys4GrownUps.com | 3 | Frequent customer |
| UK Collectables, Ltd. | 3 | Frequent customer |
| Vida Sport, Ltd | 2 | Repeated customer |
| Vitachrome Inc. | 3 | Frequent customer |
| Volvo Model Replicas, Co | 4 | Loyal Customer |
| West Coast Collectables Co. | 2 | Repeated customer |
+------------------------------------+------------+-------------------+
98 rows in set (0.015 sec)

MariaDB [classicmodels]> WITH cte AS (SELECT customerName, COUNT(_) orderCount FROM orders INNER JOIN customers USING (customerNumber)GROUP BY customerName) SELECT customerName,orderCount,Case orderCount WHEN 1 THEN 'One-time Customer' WHEN 2 THEN 'Repeated customer' WHEN 3 THEN 'Frequent customer' ELSE 'Loyal Customer' end customerType FROM cte ORDER BY customerName order by orderCount desc;
ERROR 1064 (42000): You have an error in your SQL syntax; check the manual that corresponds to your MariaDB server version for the right syntax to use near 'order by orderCount desc' at line 1
MariaDB [classicmodels]> WITH cte AS (SELECT customerName, COUNT(_) orderCount FROM orders INNER JOIN customers USING (customerNumber)GROUP BY customerName) SELECT customerName,orderCount,Case orderCount WHEN 1 THEN 'One-time Customer' WHEN 2 THEN 'Repeated customer' WHEN 3 THEN 'Frequent customer' ELSE 'Loyal Customer' end customerType FROM cte ORDER BY customerName order by orderCount;
ERROR 1064 (42000): You have an error in your SQL syntax; check the manual that corresponds to your MariaDB server version for the right syntax to use near 'order by orderCount' at line 1
MariaDB [classicmodels]> WITH cte AS (SELECT customerName, COUNT(\*) orderCount FROM orders INNER JOIN customers USING (customerNumber)GROUP BY customerName) SELECT customerName,orderCount,Case orderCount WHEN 1 THEN 'One-time Customer' WHEN 2 THEN 'Repeated customer' WHEN 3 THEN 'Frequent customer' ELSE 'Loyal Customer' end customerType FROM cte ORDER BY customerName;
+------------------------------------+------------+-------------------+
| customerName | orderCount | customerType |
+------------------------------------+------------+-------------------+
| Alpha Cognac | 3 | Frequent customer |
| Amica Models & Co. | 2 | Repeated customer |
| Anna's Decorations, Ltd | 4 | Loyal Customer |
| Atelier graphique | 3 | Frequent customer |
| Australian Collectables, Ltd | 3 | Frequent customer |
| Australian Collectors, Co. | 5 | Loyal Customer |
| Australian Gift Network, Co | 3 | Frequent customer |
| Auto Associés & Cie. | 2 | Repeated customer |
| Auto Canal+ Petit | 3 | Frequent customer |
| Auto-Moto Classics Inc. | 3 | Frequent customer |
| AV Stores, Co. | 3 | Frequent customer |
| Baane Mini Imports | 4 | Loyal Customer |
| Bavarian Collectables Imports, Co. | 1 | One-time Customer |
| Blauer See Auto, Co. | 4 | Loyal Customer |
| Boards & Toys Co. | 2 | Repeated customer |
| CAF Imports | 2 | Repeated customer |
| Cambridge Collectables Co. | 2 | Repeated customer |
| Canadian Gift Exchange Network | 2 | Repeated customer |
| Classic Gift Ideas, Inc | 2 | Repeated customer |
| Classic Legends Inc. | 3 | Frequent customer |
| Clover Collections, Co. | 2 | Repeated customer |
| Collectable Mini Designs Co. | 2 | Repeated customer |
| Collectables For Less Inc. | 3 | Frequent customer |
| Corporate Gift Ideas Co. | 4 | Loyal Customer |
| Corrida Auto Replicas, Ltd | 3 | Frequent customer |
| Cruz & Sons Co. | 3 | Frequent customer |
| Daedalus Designs Imports | 2 | Repeated customer |
| Danish Wholesale Imports | 5 | Loyal Customer |
| Diecast Classics Inc. | 4 | Loyal Customer |
| Diecast Collectables | 2 | Repeated customer |
| Double Decker Gift Stores, Ltd | 2 | Repeated customer |
| Down Under Souveniers, Inc | 5 | Loyal Customer |
| Dragon Souveniers, Ltd. | 5 | Loyal Customer |
| Enaco Distributors | 3 | Frequent customer |
| Euro+ Shopping Channel | 26 | Loyal Customer |
| Extreme Desk Decorations, Ltd | 3 | Frequent customer |
| Frau da Collezione | 2 | Repeated customer |
| FunGiftIdeas.com | 3 | Frequent customer |
| Gift Depot Inc. | 3 | Frequent customer |
| Gift Ideas Corp. | 3 | Frequent customer |
| Gifts4AllAges.com | 3 | Frequent customer |
| giftsbymail.co.uk | 2 | Repeated customer |
| GiftsForHim.com | 3 | Frequent customer |
| Handji Gifts& Co | 4 | Loyal Customer |
| Heintze Collectables | 2 | Repeated customer |
| Herkku Gifts | 3 | Frequent customer |
| Iberia Gift Imports, Corp. | 2 | Repeated customer |
| Kelly's Gift Shop | 4 | Loyal Customer |
| King Kong Collectables, Co. | 2 | Repeated customer |
| L'ordine Souveniers | 3 | Frequent customer |
| La Corne D'abondance, Co. | 3 | Frequent customer |
| La Rochelle Gifts | 4 | Loyal Customer |
| Land of Toys Inc. | 4 | Loyal Customer |
| Lyon Souveniers | 3 | Frequent customer |
| Marseille Mini Autos | 3 | Frequent customer |
| Marta's Replicas Co. | 2 | Repeated customer |
| Men 'R' US Retailers, Ltd. | 2 | Repeated customer |
| Microscale Inc. | 2 | Repeated customer |
| Mini Auto Werke | 3 | Frequent customer |
| Mini Caravy | 3 | Frequent customer |
| Mini Classics | 2 | Repeated customer |
| Mini Creations Ltd. | 3 | Frequent customer |
| Mini Gifts Distributors Ltd. | 17 | Loyal Customer |
| Mini Wheels Co. | 3 | Frequent customer |
| Motor Mint Distributors Inc. | 3 | Frequent customer |
| Muscle Machine Inc | 4 | Loyal Customer |
| Norway Gifts By Mail, Co. | 2 | Repeated customer |
| Online Diecast Creations Co. | 3 | Frequent customer |
| Online Mini Collectables | 2 | Repeated customer |
| Osaka Souveniers Co. | 2 | Repeated customer |
| Oulu Toy Supplies, Inc. | 3 | Frequent customer |
| Petit Auto | 3 | Frequent customer |
| Québec Home Shopping Network | 3 | Frequent customer |
| Reims Collectables | 5 | Loyal Customer |
| Rovelli Gifts | 3 | Frequent customer |
| Royal Canadian Collectables, Ltd. | 2 | Repeated customer |
| Royale Belge | 4 | Loyal Customer |
| Salzburg Collectables | 4 | Loyal Customer |
| Saveley & Henriot, Co. | 3 | Frequent customer |
| Scandinavian Gift Ideas | 3 | Frequent customer |
| Signal Collectibles Ltd. | 2 | Repeated customer |
| Signal Gift Stores | 3 | Frequent customer |
| Souveniers And Things Co. | 4 | Loyal Customer |
| Stylish Desk Decors, Co. | 3 | Frequent customer |
| Suominen Souveniers | 3 | Frequent customer |
| Super Scale Inc. | 2 | Repeated customer |
| Technics Stores Inc. | 4 | Loyal Customer |
| Tekni Collectables Inc. | 3 | Frequent customer |
| The Sharp Gifts Warehouse | 4 | Loyal Customer |
| Tokyo Collectables, Ltd | 4 | Loyal Customer |
| Toms Spezialitäten, Ltd | 2 | Repeated customer |
| Toys of Finland, Co. | 3 | Frequent customer |
| Toys4GrownUps.com | 3 | Frequent customer |
| UK Collectables, Ltd. | 3 | Frequent customer |
| Vida Sport, Ltd | 2 | Repeated customer |
| Vitachrome Inc. | 3 | Frequent customer |
| Volvo Model Replicas, Co | 4 | Loyal Customer |
| West Coast Collectables Co. | 2 | Repeated customer |
+------------------------------------+------------+-------------------+
98 rows in set (0.007 sec)

MariaDB [classicmodels]> SELECT customerName,state,country FROM customers ORDER BY (CASE WHEN state IS NULL THEN county ELSE state END);
ERROR 1054 (42S22): Unknown column 'county' in 'order clause'
MariaDB [classicmodels]> SELECT customerName,state,country FROM customers ORDER BY (CASE WHEN state IS NULL THEN country ELSE state END);
+------------------------------------+---------------+--------------+
| customerName | state | country |
+------------------------------------+---------------+--------------+
| Mini Auto Werke | NULL | Austria |
| Salzburg Collectables | NULL | Austria |
| Canadian Gift Exchange Network | BC | Canada |
| Royal Canadian Collectables, Ltd. | BC | Canada |
| Petit Auto | NULL | Belgium |
| Royale Belge | NULL | Belgium |
| Collectable Mini Designs Co. | CA | USA |
| Technics Stores Inc. | CA | USA |
| Signal Collectibles Ltd. | CA | USA |
| Boards & Toys Co. | CA | USA |
| Men 'R' US Retailers, Ltd. | CA | USA |
| Toys4GrownUps.com | CA | USA |
| West Coast Collectables Co. | CA | USA |
| Mini Wheels Co. | CA | USA |
| Corporate Gift Ideas Co. | CA | USA |
| Mini Gifts Distributors Ltd. | CA | USA |
| The Sharp Gifts Warehouse | CA | USA |
| Asian Treasures, Inc. | Co. Cork | Ireland |
| Gift Depot Inc. | CT | USA |
| Gift Ideas Corp. | CT | USA |
| American Souvenirs Inc | CT | USA |
| Super Scale Inc. | CT | USA |
| Danish Wholesale Imports | NULL | Denmark |
| Heintze Collectables | NULL | Denmark |
| Suominen Souveniers | NULL | Finland |
| Toys of Finland, Co. | NULL | Finland |
| Oulu Toy Supplies, Inc. | NULL | Finland |
| Auto Associés & Cie. | NULL | France |
| Lyon Souveniers | NULL | France |
| Reims Collectables | NULL | France |
| Mini Caravy | NULL | France |
| Marseille Mini Autos | NULL | France |
| Auto Canal+ Petit | NULL | France |
| La Corne D'abondance, Co. | NULL | France |
| Saveley & Henriot, Co. | NULL | France |
| Atelier graphique | NULL | France |
| Daedalus Designs Imports | NULL | France |
| Alpha Cognac | NULL | France |
| La Rochelle Gifts | NULL | France |
| Bavarian Collectables Imports, Co. | NULL | Germany |
| Cramer Spezialitäten, Ltd | NULL | Germany |
| Toms Spezialitäten, Ltd | NULL | Germany |
| Warburg Exchange | NULL | Germany |
| Franken Gifts, Co | NULL | Germany |
| Messner Shopping Network | NULL | Germany |
| Der Hund Imports | NULL | Germany |
| Kommission Auto | NULL | Germany |
| Stuttgart Collectable Exchange | NULL | Germany |
| Blauer See Auto, Co. | NULL | Germany |
| Natürlich Autos | NULL | Germany |
| Feuer Online Stores, Inc | NULL | Germany |
| Mit Vergnügen & Co. | NULL | Germany |
| King Kong Collectables, Co. | NULL | Hong Kong |
| Clover Collections, Co. | NULL | Ireland |
| giftsbymail.co.uk | Isle of Wight | UK |
| Raanan Stores, Inc | NULL | Israel |
| Amica Models & Co. | NULL | Italy |
| Frau da Collezione | NULL | Italy |
| L'ordine Souveniers | NULL | Italy |
| Rovelli Gifts | NULL | Italy |
| Diecast Collectables | MA | USA |
| Online Mini Collectables | MA | USA |
| Mini Creations Ltd. | MA | USA |
| Cambridge Collectables Co. | MA | USA |
| Collectables For Less Inc. | MA | USA |
| Auto-Moto Classics Inc. | MA | USA |
| FunGiftIdeas.com | MA | USA |
| Gifts4AllAges.com | MA | USA |
| Marta's Replicas Co. | MA | USA |
| Schuyler Imports | NULL | Netherlands |
| Extreme Desk Decorations, Ltd | NULL | New Zealand |
| Kelly's Gift Shop | NULL | New Zealand |
| Down Under Souveniers, Inc | NULL | New Zealand |
| GiftsForHim.com | NULL | New Zealand |
| Online Diecast Creations Co. | NH | USA |
| Tekni Collectables Inc. | NJ | USA |
| Baane Mini Imports | NULL | Norway |
| Herkku Gifts | NULL | Norway |
| Norway Gifts By Mail, Co. | NULL | Norway |
| Souveniers And Things Co. | NSW | Australia |
| Anna's Decorations, Ltd | NSW | Australia |
| Signal Gift Stores | NV | USA |
| Microscale Inc. | NY | USA |
| Classic Legends Inc. | NY | USA |
| Muscle Machine Inc | NY | USA |
| Vitachrome Inc. | NY | USA |
| Land of Toys Inc. | NY | USA |
| Mini Classics | NY | USA |
| Osaka Souveniers Co. | Osaka | Japan |
| Diecast Classics Inc. | PA | USA |
| Classic Gift Ideas, Inc | PA | USA |
| Motor Mint Distributors Inc. | PA | USA |
| Cruz & Sons Co. | NULL | Philippines |
| Havel & Zbyszek Co | NULL | Poland |
| Lisboa Souveniers, Inc | NULL | Portugal |
| Porto Imports Co. | NULL | Portugal |
| SAR Distributors, Co | Pretoria | South Africa |
| Québec Home Shopping Network | Québec | Canada |
| Australian Gift Network, Co | Queensland | Australia |
| Kremlin Collectables, Co. | NULL | Russia |
| Handji Gifts& Co | NULL | Singapore |
| Dragon Souveniers, Ltd. | NULL | Singapore |
| Asian Shopping Network, Co | NULL | Singapore |
| Iberia Gift Imports, Corp. | NULL | Spain |
| CAF Imports | NULL | Spain |
| Euro+ Shopping Channel | NULL | Spain |
| Anton Designs, Ltd. | NULL | Spain |
| Corrida Auto Replicas, Ltd | NULL | Spain |
| Enaco Distributors | NULL | Spain |
| ANG Resellers | NULL | Spain |
| Volvo Model Replicas, Co | NULL | Sweden |
| Scandinavian Gift Ideas | NULL | Sweden |
| Vida Sport, Ltd | NULL | Switzerland |
| BG&E Collectables | NULL | Switzerland |
| Precious Collectables | NULL | Switzerland |
| Tokyo Collectables, Ltd | Tokyo | Japan |
| UK Collectables, Ltd. | NULL | UK |
| Stylish Desk Decors, Co. | NULL | UK |
| Double Decker Gift Stores, Ltd | NULL | UK |
| AV Stores, Co. | NULL | UK |
| Australian Collectables, Ltd | Victoria | Australia |
| Australian Collectors, Co. | Victoria | Australia |
+------------------------------------+---------------+--------------+
122 rows in set (0.002 sec)

MariaDB [classicmodels]> ls
-> ;
ERROR 1064 (42000): You have an error in your SQL syntax; check the manual that corresponds to your MariaDB server version for the right syntax to use near 'ls' at line 1
MariaDB [classicmodels]> Ctrl-C -- exit!
Aborted
morning@mstars-lab2-14s-iMac ~ % /Applications/XAMPP/bin/mysql -u root
Welcome to the MariaDB monitor. Commands end with ; or \g.
Your MariaDB connection id is 244
Server version: 10.4.27-MariaDB Source distribution

Copyright (c) 2000, 2018, Oracle, MariaDB Corporation Ab and others.

Type 'help;' or '\h' for help. Type '\c' to clear the current input statement.

MariaDB [(none)]> show databases;
+--------------------+
| Database |
+--------------------+
| classicmodels |
| courses |
| evening |
| green |
| information_schema |
| morning |
| mysql |
| performance_schema |
| phpmyadmin |
| test |
| userDB |
+--------------------+
11 rows in set (0.003 sec)

MariaDB [(none)]> create database shop;
Query OK, 1 row affected (0.002 sec)

MariaDB [(none)]> use shop;
Database changed
MariaDB [shop]> show tablesl
-> ;
ERROR 1064 (42000): You have an error in your SQL syntax; check the manual that corresponds to your MariaDB server version for the right syntax to use near 'tablesl' at line 1
MariaDB [shop]> show tables;
Empty set (0.003 sec)

MariaDB [shop]> CREATE TABLE product_category (id INT NOT NULL PRIMARTY KEY AUTO_INCREMENT, name VARCHAR(255) NOT NULL, color VARCHAR(255));
ERROR 1064 (42000): You have an error in your SQL syntax; check the manual that corresponds to your MariaDB server version for the right syntax to use near 'KEY AUTO_INCREMENT, name VARCHAR(255) NOT NULL, color VARCHAR(255))' at line 1
MariaDB [shop]> CREATE TABLE product_category (id INT NOT NULL PRIMARY KEY AUTO_INCREMENT, name VARCHAR(255) NOT NULL, color VARCHAR(255));
Query OK, 0 rows affected (0.043 sec)

MariaDB [shop]> INSERT INTO product_category (name, color) values ('Main', 'Blue'), ('Salad', 'Green'), ('Desert', '#000FFF');
Query OK, 3 rows affected (0.006 sec)
Records: 3 Duplicates: 0 Warnings: 0

MariaDB [shop]> select \* from product_category;
+----+--------+---------+
| id | name | color |
+----+--------+---------+
| 1 | Main | Blue |
| 2 | Salad | Green |
| 3 | Desert | #000FFF |
+----+--------+---------+
3 rows in set (0.001 sec)

MariaDB [shop]> CREATE TABLE products (id INT NOT NULL PRIMARY KEY AUTO_INCREMENT, name VARCHAR(255) NOT NULL, category_id INT NOT NULL, FOREIGN KEY (category_id) REFERENCES product_category(id));
Query OK, 0 rows affected (0.027 sec)

MariaDB [shop]> INSERT INTO products (name, category_id) values ('Buuz', 1), ('Huushuur', 1), ('Salat', 2);
Query OK, 3 rows affected (0.004 sec)
Records: 3 Duplicates: 0 Warnings: 0

MariaDB [shop]> select \* from product_category; +----+--------+---------+
| id | name | color |
+----+--------+---------+
| 1 | Main | Blue |
| 2 | Salad | Green |
| 3 | Desert | #000FFF |
+----+--------+---------+
3 rows in set (0.001 sec)

MariaDB [shop]> select \* from products;
+----+----------+-------------+
| id | name | category_id |
+----+----------+-------------+
| 1 | Buuz | 1 |
| 2 | Huushuur | 1 |
| 3 | Salat | 2 |
+----+----------+-------------+
3 rows in set (0.002 sec)

MariaDB [shop]> ALTER TABLE products ADD CONSTRAINT fk_name FOREIGN KEY (category_id) REFERENCES product_category(id) ON DELETE CASCADE;
Query OK, 3 rows affected (0.053 sec)  
Records: 3 Duplicates: 0 Warnings: 0

MariaDB [shop]> select \* from products;
+----+----------+-------------+
| id | name | category_id |
+----+----------+-------------+
| 1 | Buuz | 1 |
| 2 | Huushuur | 1 |
| 3 | Salat | 2 |
+----+----------+-------------+
3 rows in set (0.001 sec)

MariaDB [shop]> select \* from products;
+----+----------+-------------+
| id | name | category_id |
+----+----------+-------------+
| 1 | Buuz | 1 |
| 2 | Huushuur | 1 |
| 3 | Salat | 2 |
+----+----------+-------------+
3 rows in set (0.002 sec)

MariaDB [shop]> select \* from product_category;
+----+--------+---------+
| id | name | color |
+----+--------+---------+
| 1 | Main | Blue |
| 2 | Salad | Green |
| 3 | Desert | #000FFF |
+----+--------+---------+
3 rows in set (0.001 sec)

MariaDB [shop]> ALTER TABLE products ADD CONSTRAINT fk_products_productCategory FOREIGN KEY (category_id) REFERENCES product_category(id) ON DELETE CASCADE;
Query OK, 3 rows affected (0.055 sec)  
Records: 3 Duplicates: 0 Warnings: 0

MariaDB [shop]> select \* from product_category;
+----+--------+---------+
| id | name | color |
+----+--------+---------+
| 1 | Main | Blue |
| 2 | Salad | Green |
| 3 | Desert | #000FFF |
+----+--------+---------+
3 rows in set (0.002 sec)

MariaDB [shop]> select \* from products;
+----+----------+-------------+
| id | name | category_id |
+----+----------+-------------+
| 1 | Buuz | 1 |
| 2 | Huushuur | 1 |
| 3 | Salat | 2 |
+----+----------+-------------+
3 rows in set (0.001 sec)

MariaDB [shop]> DELETE FROM product_category WHERE id=1;
Query OK, 1 row affected (0.002 sec)

MariaDB [shop]> select \* from products;
+----+-------+-------------+
| id | name | category_id |
+----+-------+-------------+
| 3 | Salat | 2 |
+----+-------+-------------+
1 row in set (0.001 sec)

MariaDB [shop]> show tables;
+------------------+
| Tables_in_shop |
+------------------+
| product_category |
| products |
+------------------+
2 rows in set (0.001 sec)

MariaDB [shop]> CREATE TABLE orders (id INT NOT NULL PRIMARY KEY AUTO_INCREMENT, order_nr VARCHAR(6) NOT NULL, order_date TIMESTAMP DEFAULT current_timestamp, order_update_date TIMESTAMP DEFAULT current_timestamp, product_id INT NOT NULL, quantity INT);
Query OK, 0 rows affected (0.026 sec)

MariaDB [shop]> show tables;
+------------------+
| Tables_in_shop |
+------------------+
| orders |
| product_category |
| products |
+------------------+
3 rows in set (0.001 sec)

MariaDB [shop]> select \* from orders;
Empty set (0.002 sec)

MariaDB [shop]> desc orders;
+-------------------+------------+------+-----+---------------------+----------------+
| Field | Type | Null | Key | Default | Extra |
+-------------------+------------+------+-----+---------------------+----------------+
| id | int(11) | NO | PRI | NULL | auto_increment |
| order_nr | varchar(6) | NO | | NULL | |
| order_date | timestamp | NO | | current_timestamp() | |
| order_update_date | timestamp | NO | | current_timestamp() | |
| product_id | int(11) | NO | | NULL | |
| quantity | int(11) | YES | | NULL | |
+-------------------+------------+------+-----+---------------------+----------------+
6 rows in set (0.003 sec)

MariaDB [shop]> ALTER TABLE orders ADD CONSTRAINT fk_orders_products FOREIGN KEY (product_id) REFERENCES products(id) ON UPDATE CASCADE;
Query OK, 0 rows affected (0.049 sec)  
Records: 0 Duplicates: 0 Warnings: 0

MariaDB [shop]> desc orders;
+-------------------+------------+------+-----+---------------------+----------------+
| Field | Type | Null | Key | Default | Extra |
+-------------------+------------+------+-----+---------------------+----------------+
| id | int(11) | NO | PRI | NULL | auto_increment |
| order_nr | varchar(6) | NO | | NULL | |
| order_date | timestamp | NO | | current_timestamp() | |
| order_update_date | timestamp | NO | | current_timestamp() | |
| product_id | int(11) | NO | MUL | NULL | |
| quantity | int(11) | YES | | NULL | |
+-------------------+------------+------+-----+---------------------+----------------+
6 rows in set (0.005 sec)

MariaDB [shop]> select \* from products;
+----+-------+-------------+
| id | name | category_id |
+----+-------+-------------+
| 3 | Salat | 2 |
+----+-------+-------------+
1 row in set (0.001 sec)

MariaDB [shop]> INSERT INTO orders (order_nr, order_date, order_update_date, product_id, quantity) values('123456', 3, 4);
ERROR 1136 (21S01): Column count doesn't match value count at row 1
MariaDB [shop]> INSERT INTO orders (order_nr, order_date, product_id, quantity) values('123456', 3, 4);
ERROR 1136 (21S01): Column count doesn't match value count at row 1
MariaDB [shop]> INSERT INTO orders (order_nr, product_id, quantity) values('123456', 3, 4);
Query OK, 1 row affected (0.002 sec)

MariaDB [shop]> select \* from orders;
+----+----------+---------------------+---------------------+------------+----------+
| id | order_nr | order_date | order_update_date | product_id | quantity |
+----+----------+---------------------+---------------------+------------+----------+
| 1 | 123456 | 2023-03-07 11:45:19 | 2023-03-07 11:45:19 | 3 | 4 |
+----+----------+---------------------+---------------------+------------+----------+
1 row in set (0.001 sec)

MariaDB [shop]> UPDATE TABLE products SET id = 3;
ERROR 1064 (42000): You have an error in your SQL syntax; check the manual that corresponds to your MariaDB server version for the right syntax to use near 'TABLE products SET id = 3' at line 1
MariaDB [shop]> UPDATE TABLE products SET id = 4;
ERROR 1064 (42000): You have an error in your SQL syntax; check the manual that corresponds to your MariaDB server version for the right syntax to use near 'TABLE products SET id = 4' at line 1
MariaDB [shop]> UPDATE products SET id = 4;
Query OK, 1 row affected (0.003 sec)
Rows matched: 1 Changed: 1 Warnings: 0

MariaDB [shop]> select \* from products;
+----+-------+-------------+
| id | name | category_id |
+----+-------+-------------+
| 4 | Salat | 2 |
+----+-------+-------------+
1 row in set (0.001 sec)

MariaDB [shop]>
